c:\users\kevin\source\repos\retro\crc32\debug\crc32.pch
c:\users\kevin\source\repos\retro\crc32\debug\vc143.pdb
c:\users\kevin\source\repos\retro\crc32\debug\stdafx.obj
c:\users\kevin\source\repos\retro\crc32\debug\crc32.obj
c:\users\kevin\source\repos\retro\crc32\debug\assemblyinfo.obj
c:\users\kevin\source\repos\retro\crc32\debug\.netframework,version=v4.7.2.assemblyattributes.obj
c:\users\kevin\source\repos\retro\debug\crc32.dll
c:\users\kevin\source\repos\retro\debug\crc32.pdb
c:\users\kevin\source\repos\retro\crc32\debug\app.res
c:\users\kevin\source\repos\retro\crc32\debug\crc32.tlog\cl.command.1.tlog
c:\users\kevin\source\repos\retro\crc32\debug\crc32.tlog\cl.read.1.tlog
c:\users\kevin\source\repos\retro\crc32\debug\crc32.tlog\cl.write.1.tlog
c:\users\kevin\source\repos\retro\crc32\debug\crc32.tlog\link.command.1.tlog
c:\users\kevin\source\repos\retro\crc32\debug\crc32.tlog\link.read.1.tlog
c:\users\kevin\source\repos\retro\crc32\debug\crc32.tlog\link.write.1.tlog
c:\users\kevin\source\repos\retro\crc32\debug\crc32.tlog\metagen.read.1.tlog
c:\users\kevin\source\repos\retro\crc32\debug\crc32.tlog\metagen.write.1.tlog
c:\users\kevin\source\repos\retro\crc32\debug\crc32.tlog\rc.command.1.tlog
c:\users\kevin\source\repos\retro\crc32\debug\crc32.tlog\rc.read.1.tlog
c:\users\kevin\source\repos\retro\crc32\debug\crc32.tlog\rc.write.1.tlog
