c:\users\kevin\source\repos\retro\retrout\debug\retrout.pch
c:\users\kevin\source\repos\retro\retrout\debug\vc143.pdb
c:\users\kevin\source\repos\retro\retrout\debug\stdafx.obj
c:\users\kevin\source\repos\retro\retrout\debug\retrout.obj
c:\users\kevin\source\repos\retro\retrout\debug\assemblyinfo.obj
c:\users\kevin\source\repos\retro\retrout\debug\.netframework,version=v4.7.2.assemblyattributes.obj
c:\users\kevin\source\repos\retro\retrout\debug\app.res
c:\users\kevin\source\repos\retro\retrout\debug\retrout.vcxproj.assemblyreference.cache
c:\users\kevin\source\repos\retro\retrout\debug\retrout.vcxproj.suggestedbindingredirects.cache
c:\users\kevin\source\repos\retro\retrout\debug\retro.dll.meta
c:\users\kevin\source\repos\retro\retrout\debug\retrout.exe.intermediate.manifest
c:\users\kevin\source\repos\retro\retrout\debug\vc90.idb
c:\users\kevin\source\repos\retro\retrout\debug\vc90.pdb
c:\users\kevin\source\repos\retro\debug\retrout.pdb
c:\users\kevin\source\repos\retro\debug\retrout.ilk
c:\users\kevin\source\repos\retro\retrout\debug\retrout.tlog\cl.command.1.tlog
c:\users\kevin\source\repos\retro\retrout\debug\retrout.tlog\cl.read.1.tlog
c:\users\kevin\source\repos\retro\retrout\debug\retrout.tlog\cl.write.1.tlog
c:\users\kevin\source\repos\retro\retrout\debug\retrout.tlog\link.11480-cvtres.read.1.tlog
c:\users\kevin\source\repos\retro\retrout\debug\retrout.tlog\link.11480-cvtres.write.1.tlog
c:\users\kevin\source\repos\retro\retrout\debug\retrout.tlog\link.11480-rc.read.1.tlog
c:\users\kevin\source\repos\retro\retrout\debug\retrout.tlog\link.11480-rc.write.1.tlog
c:\users\kevin\source\repos\retro\retrout\debug\retrout.tlog\link.11480.read.1.tlog
c:\users\kevin\source\repos\retro\retrout\debug\retrout.tlog\link.11480.write.1.tlog
c:\users\kevin\source\repos\retro\retrout\debug\retrout.tlog\link.18736-cvtres.read.1.tlog
c:\users\kevin\source\repos\retro\retrout\debug\retrout.tlog\link.18736-cvtres.write.1.tlog
c:\users\kevin\source\repos\retro\retrout\debug\retrout.tlog\link.18736-rc.read.1.tlog
c:\users\kevin\source\repos\retro\retrout\debug\retrout.tlog\link.18736-rc.write.1.tlog
c:\users\kevin\source\repos\retro\retrout\debug\retrout.tlog\link.18736.read.1.tlog
c:\users\kevin\source\repos\retro\retrout\debug\retrout.tlog\link.18736.write.1.tlog
c:\users\kevin\source\repos\retro\retrout\debug\retrout.tlog\link.3784-cvtres.read.1.tlog
c:\users\kevin\source\repos\retro\retrout\debug\retrout.tlog\link.3784-cvtres.write.1.tlog
c:\users\kevin\source\repos\retro\retrout\debug\retrout.tlog\link.3784-rc.read.1.tlog
c:\users\kevin\source\repos\retro\retrout\debug\retrout.tlog\link.3784-rc.write.1.tlog
c:\users\kevin\source\repos\retro\retrout\debug\retrout.tlog\link.3784.read.1.tlog
c:\users\kevin\source\repos\retro\retrout\debug\retrout.tlog\link.3784.write.1.tlog
c:\users\kevin\source\repos\retro\retrout\debug\retrout.tlog\link.4240-cvtres.read.1.tlog
c:\users\kevin\source\repos\retro\retrout\debug\retrout.tlog\link.4240-cvtres.write.1.tlog
c:\users\kevin\source\repos\retro\retrout\debug\retrout.tlog\link.4240-rc.read.1.tlog
c:\users\kevin\source\repos\retro\retrout\debug\retrout.tlog\link.4240-rc.write.1.tlog
c:\users\kevin\source\repos\retro\retrout\debug\retrout.tlog\link.4240.read.1.tlog
c:\users\kevin\source\repos\retro\retrout\debug\retrout.tlog\link.4240.write.1.tlog
c:\users\kevin\source\repos\retro\retrout\debug\retrout.tlog\link.command.1.tlog
c:\users\kevin\source\repos\retro\retrout\debug\retrout.tlog\link.read.1.tlog
c:\users\kevin\source\repos\retro\retrout\debug\retrout.tlog\link.write.1.tlog
c:\users\kevin\source\repos\retro\retrout\debug\retrout.tlog\metagen.read.1.tlog
c:\users\kevin\source\repos\retro\retrout\debug\retrout.tlog\metagen.write.1.tlog
c:\users\kevin\source\repos\retro\retrout\debug\retrout.tlog\rc.command.1.tlog
c:\users\kevin\source\repos\retro\retrout\debug\retrout.tlog\rc.read.1.tlog
c:\users\kevin\source\repos\retro\retrout\debug\retrout.tlog\rc.write.1.tlog
