Reading: 2011ANA_EVA.txt
Reading: 2011ARI_EVN.txt
Reading: 2011ATL_EVN.txt
Reading: 2011BAL_EVA.txt
Reading: 2011BOS_EVA.txt
Reading: 2011CHA_EVA.txt
Reading: 2011CHN_EVN.txt
Reading: 2011CIN_EVN.txt
Reading: 2011CLE_EVA.txt
Reading: 2011COL_EVN.txt
Reading: 2011DET_EVA.txt
Reading: 2011FLO_EVN.txt
Reading: 2011HOU_EVN.txt
Reading: 2011KCA_EVA.txt
Reading: 2011LAN_EVN.txt
Reading: 2011MIL_EVN.txt
Reading: 2011MIN_EVA.txt
Reading: 2011NYA_EVA.txt
Reading: 2011NYN_EVN.txt
Reading: 2011OAK_EVA.txt
Reading: 2011PHI_EVN.txt
Reading: 2011PIT_EVN.txt
Reading: 2011SDN_EVN.txt
Reading: 2011SEA_EVA.txt
Reading: 2011SFN_EVN.txt
Reading: 2011SLN_EVN.txt
Reading: 2011TBA_EVA.txt
Reading: 2011TEX_EVA.txt
Reading: 2011TOR_EVA.txt
Reading: 2011WAS_EVN.txt
1239	10866	2266	0	262	0	0	0	30710	0	0	0	0	0	0	0	0	0	0	0	0	0	0	0	0	0	0	0	0	0	0	0	
263	6	941	1866	96	422	347	0	317	4394	1325	0	28	0	0	0	1139	0	0	0	0	0	0	0	0	0	0	0	0	0	0	0	
57	162	185	373	96	306	10	0	26	51	1230	0	987	0	0	0	18	0	0	0	0	0	0	0	0	0	0	0	0	0	0	0	
60	0	32	91	14	64	164	404	2	16	11	816	2	236	339	0	1	17	18	0	198	0	0	0	3	0	0	0	0	0	0	0	
19	86	23	0	1	55	0	0	127	2	0	0	169	0	0	0	3	0	0	0	0	0	0	0	0	0	0	0	0	0	0	0	
32	1	16	135	4	30	77	63	0	143	62	25	7	217	43	0	72	4	4	0	6	0	0	0	0	0	0	0	0	0	0	0	
18	24	31	9	10	51	6	83	1	3	73	6	89	8	220	0	2	0	1	0	3	0	0	0	0	0	0	0	0	0	0	0	
15	0	9	18	2	13	35	122	1	0	2	54	2	59	30	233	1	2	2	0	41	3	22	0	0	0	0	0	1	0	0	0	
0	0	0	0	0	0	0	0	819	7889	1537	0	152	0	0	0	22297	0	0	0	0	0	0	0	0	0	0	0	0	0	0	0	
0	0	0	0	0	0	0	0	303	4	1259	2414	145	552	361	0	379	5240	1057	0	32	0	0	0	1495	0	0	0	0	0	0	0	
0	0	0	0	0	0	0	0	98	327	306	876	280	427	21	0	60	63	2516	0	1116	0	0	0	38	0	0	0	0	0	0	0	
0	0	0	0	0	0	0	0	117	1	76	246	34	210	299	673	2	42	37	1646	15	470	339	0	1	103	482	0	0	0	0	0	
0	0	0	0	0	0	0	0	75	337	88	0	15	273	0	0	427	54	17	0	653	0	0	0	31	0	0	0	0	0	0	0	
0	0	0	0	0	0	0	0	52	0	71	298	19	76	199	159	2	390	134	47	21	456	50	0	12	24	0	0	231	0	0	0	
0	0	0	0	0	0	0	0	28	84	64	10	30	138	10	358	5	6	125	21	201	33	453	0	5	0	17	0	5	0	0	0	
0	0	0	0	0	0	0	0	43	0	29	76	12	52	75	288	0	2	5	128	4	133	76	530	0	4	1	52	0	24	160	0	
0	0	0	0	0	0	0	0	0	0	0	0	0	0	0	0	634	6236	1225	0	129	0	0	0	17592	0	0	0	0	0	0	0	
0	0	0	0	0	0	0	0	0	0	0	0	0	0	0	0	290	8	1621	2141	145	572	237	0	417	7712	22	0	9	0	0	0	
0	0	0	0	0	0	0	0	0	0	0	0	0	0	0	0	150	607	405	1193	313	249	2	0	67	51	4606	0	2	0	0	0	
0	0	0	0	0	0	0	0	0	0	0	0	0	0	0	0	128	6	135	276	44	288	325	625	4	44	14	3908	2	4	1	0	
0	0	0	0	0	0	0	0	0	0	0	0	0	0	0	0	97	371	119	0	11	468	0	0	11	1	0	0	1927	0	0	0	
0	0	0	0	0	0	0	0	0	0	0	0	0	0	0	0	61	2	119	278	25	106	294	274	5	14	9	1	13	1709	0	0	
0	0	0	0	0	0	0	0	0	0	0	0	0	0	0	0	33	144	75	0	34	58	0	382	6	7	1	0	0	2	1160	0	
0	0	0	0	0	0	0	0	0	0	0	0	0	0	0	0	41	0	39	96	15	82	106	253	4	11	1	15	0	2	0	1382	
0	0	0	0	0	0	0	0	0	0	0	0	0	0	0	0	0	0	0	0	0	0	0	0	0	0	0	0	0	0	0	0	
0	0	0	0	0	0	0	0	0	0	0	0	0	0	0	0	0	0	0	0	0	0	0	0	0	0	0	0	0	0	0	0	
0	0	0	0	0	0	0	0	0	0	0	0	0	0	0	0	0	0	0	0	0	0	0	0	0	0	0	0	0	0	0	0	
0	0	0	0	0	0	0	0	0	0	0	0	0	0	0	0	0	0	0	0	0	0	0	0	0	0	0	0	0	0	0	0	
0	0	0	0	0	0	0	0	0	0	0	0	0	0	0	0	0	0	0	0	0	0	0	0	0	0	0	0	0	0	0	0	
0	0	0	0	0	0	0	0	0	0	0	0	0	0	0	0	0	0	0	0	0	0	0	0	0	0	0	0	0	0	0	0	
0	0	0	0	0	0	0	0	0	0	0	0	0	0	0	0	0	0	0	0	0	0	0	0	0	0	0	0	0	0	0	0	
0	0	0	0	0	0	0	0	0	0	0	0	0	0	0	0	0	0	0	0	0	0	0	0	0	0	0	0	0	0	0	0	
Solve freq
1	0	0	0	0	0	0	0	0	0	0	0	0	0	0	0	0	0	0	0	0	0	0	0	0	0	0	0	0	0	0	0	
0	1	0	0	0	0	0	0	0	0	0	0	0	0	0	0	0	0	0	0	0	0	0	0	0	0	0	0	0	0	0	0	
0	0	1	0	0	0	0	0	0	0	0	0	0	0	0	0	0	0	0	0	0	0	0	0	0	0	0	0	0	0	0	0	
0	0	0	1	0	0	0	0	0	0	0	0	0	0	0	0	0	0	0	0	0	0	0	0	0	0	0	0	0	0	0	0	
0	0	0	0	1	0	0	0	0	0	0	0	0	0	0	0	0	0	0	0	0	0	0	0	0	0	0	0	0	0	0	0	
0	0	0	0	0	1	0	0	0	0	0	0	0	0	0	0	0	0	0	0	0	0	0	0	0	0	0	0	0	0	0	0	
0	0	0	0	0	0	1	0	0	0	0	0	0	0	0	0	0	0	0	0	0	0	0	0	0	0	0	0	0	0	0	0	
0	0	0	0	0	0	0	1	0	0	0	0	0	0	0	0	0	0	0	0	0	0	0	0	0	0	0	0	0	0	0	0	
0	0	0	0	0	0	0	0	1	0	0	0	0	0	0	0	0	0	0	0	0	0	0	0	0	0	0	0	0	0	0	0	
0	0	0	0	0	0	0	0	0	1	0	0	0	0	0	0	0	0	0	0	0	0	0	0	0	0	0	0	0	0	0	0	
0	0	0	0	0	0	0	0	0	0	1	0	0	0	0	0	0	0	0	0	0	0	0	0	0	0	0	0	0	0	0	0	
0	0	0	0	0	0	0	0	0	0	0	1	0	0	0	0	0	0	0	0	0	0	0	0	0	0	0	0	0	0	0	0	
0	0	0	0	0	0	0	0	0	0	0	0	1	0	0	0	0	0	0	0	0	0	0	0	0	0	0	0	0	0	0	0	
0	0	0	0	0	0	0	0	0	0	0	0	0	1	0	0	0	0	0	0	0	0	0	0	0	0	0	0	0	0	0	0	
0	0	0	0	0	0	0	0	0	0	0	0	0	0	1	0	0	0	0	0	0	0	0	0	0	0	0	0	0	0	0	0	
0	0	0	0	0	0	0	0	0	0	0	0	0	0	0	1	0	0	0	0	0	0	0	0	0	0	0	0	0	0	0	0	
0	0	0	0	0	0	0	0	0	0	0	0	0	0	0	0	1	0	0	0	0	0	0	0	0	0	0	0	0	0	0	0	
0	0	0	0	0	0	0	0	0	0	0	0	0	0	0	0	0	1	0	0	0	0	0	0	0	0	0	0	0	0	0	0	
0	0	0	0	0	0	0	0	0	0	0	0	0	0	0	0	0	0	1	0	0	0	0	0	0	0	0	0	0	0	0	0	
0	0	0	0	0	0	0	0	0	0	0	0	0	0	0	0	0	0	0	1	0	0	0	0	0	0	0	0	0	0	0	0	
0	0	0	0	0	0	0	0	0	0	0	0	0	0	0	0	0	0	0	0	1	0	0	0	0	0	0	0	0	0	0	0	
0	0	0	0	0	0	0	0	0	0	0	0	0	0	0	0	0	0	0	0	0	1	0	0	0	0	0	0	0	0	0	0	
0	0	0	0	0	0	0	0	0	0	0	0	0	0	0	0	0	0	0	0	0	0	1	0	0	0	0	0	0	0	0	0	
0	0	0	0	0	0	0	0	0	0	0	0	0	0	0	0	0	0	0	0	0	0	0	1	0	0	0	0	0	0	0	0	
0	0	0	0	0	0	0	0	0	0	0	0	0	0	0	0	0	0	0	0	0	0	0	0	1	0	0	0	0	0	0	0	
0	0	0	0	0	0	0	0	0	0	0	0	0	0	0	0	0	0	0	0	0	0	0	0	0	1	0	0	0	0	0	0	
0	0	0	0	0	0	0	0	0	0	0	0	0	0	0	0	0	0	0	0	0	0	0	0	0	0	1	0	0	0	0	0	
0	0	0	0	0	0	0	0	0	0	0	0	0	0	0	0	0	0	0	0	0	0	0	0	0	0	0	1	0	0	0	0	
0	0	0	0	0	0	0	0	0	0	0	0	0	0	0	0	0	0	0	0	0	0	0	0	0	0	0	0	1	0	0	0	
0	0	0	0	0	0	0	0	0	0	0	0	0	0	0	0	0	0	0	0	0	0	0	0	0	0	0	0	0	1	0	0	
0	0	0	0	0	0	0	0	0	0	0	0	0	0	0	0	0	0	0	0	0	0	0	0	0	0	0	0	0	0	1	0	
0	0	0	0	0	0	0	0	0	0	0	0	0	0	0	0	0	0	0	0	0	0	0	0	0	0	0	0	0	0	0	1	
x[00]	0.632
x[01]	1.143
x[02]	1.297
x[03]	1.642
x[04]	1.555
x[05]	1.990
x[06]	2.095
x[07]	2.376
x[08]	0.354
x[09]	0.751
x[10]	0.812
x[11]	1.035
x[12]	1.071
x[13]	1.373
x[14]	1.459
x[15]	1.614
x[16]	0.141
x[17]	0.382
x[18]	0.387
x[19]	0.481
x[20]	0.402
x[21]	0.636
x[22]	0.588
x[23]	0.773
x[24]	0.000
x[25]	0.000
x[26]	0.000
x[27]	0.000
x[28]	0.000
x[29]	0.000
x[30]	0.000
x[31]	0.000
