All	181818	-974.05517	-0.00536
andet001	551	13.90204	0.02523
eatoa002	288	-9.15532	-0.03179
abrej003	659	30.15252	0.04575
moncy001	616	6.46020	0.01049
fletd002	665	-20.87316	-0.03139
ohtas001	639	52.15062	0.08161
troum001	146	12.53469	0.08585
grany001	374	26.21167	0.07008
garcl004	474	-9.48002	-0.02000
robel002	296	19.27926	0.06513
collz001	232	-0.02403	-0.00010
renda001	249	-2.56600	-0.01031
uptoj001	362	-9.87357	-0.02728
pujoa001	296	-6.84130	-0.02311
madrn001	215	5.77817	0.02688
iglej001	511	-16.28014	-0.03186
stasm001	319	-2.54670	-0.00798
fowld001	21	-1.71472	-0.08165
vauga001	469	-20.06748	-0.04279
mercy001	262	-0.00011	0.00000
hamib001	135	-11.08503	-0.08211
rojaj002	184	-4.00810	-0.02178
walsj001	585	34.09423	0.05828
suzuk001	247	-12.19105	-0.04936
lagaj001	327	-13.80283	-0.04221
altuj001	678	18.29423	0.02698
gurry001	605	23.63146	0.03906
brega001	400	5.84112	0.01460
alvay001	597	16.71958	0.02801
corrc001	640	27.66100	0.04322
tuckk001	567	29.79858	0.05255
diaza003	319	10.01320	0.03139
stram002	638	-11.94799	-0.01873
maldm001	426	-23.96265	-0.05625
mccoc001	321	8.92551	0.02781
garcr005	117	-12.62497	-0.10791
garvm001	243	4.35156	0.01791
donaj001	543	8.79233	0.01619
cruzn002	584	16.94787	0.02902
garlk001	107	-3.97341	-0.03713
arral001	479	3.50297	0.00731
sanom001	532	-7.30369	-0.01373
polaj001	644	26.00117	0.04037
keplm001	490	-4.25738	-0.00869
cavej001	178	-8.05089	-0.04523
rengl001	190	-13.93980	-0.07337
riddj001	6	-0.43835	-0.07306
kinei001	677	-7.49182	-0.01107
dahld001	220	-15.03347	-0.06833
gallj002	616	12.27904	0.01993
lowen001	642	13.05364	0.02033
solan001	511	-12.07896	-0.02364
calhw001	284	-9.53794	-0.03358
trevj001	302	-18.18560	-0.06022
garca005	622	-8.34535	-0.01342
holtb002	260	-10.78715	-0.04149
culbc001	271	-6.31392	-0.02330
sches001	34	-5.30941	-0.15616
bemba001	28	-4.28422	-0.15301
heimj001	285	-14.71663	-0.05164
white006	220	-15.27356	-0.06943
tavel001	185	-22.31037	-0.12060
arozr001	604	15.11701	0.02503
brosm001	169	-4.74915	-0.02810
meada001	591	22.56233	0.03818
diazy001	541	8.22439	0.01520
margm001	464	-5.28606	-0.01139
loweb001	615	32.73696	0.05323
mejif001	277	4.97978	0.01798
adamw002	555	15.50858	0.02794
kierk001	390	2.60439	0.00668
wendj002	501	-5.85612	-0.01169
zunim001	375	8.96789	0.02391
gossp001	373	-1.89403	-0.00508
tsuty001	262	-9.07609	-0.03464
philb002	292	2.59857	0.00890
wardt002	237	7.09323	0.02993
bettm001	550	17.37172	0.03158
seagc001	409	29.61766	0.07241
turnj001	612	17.94855	0.02933
muncm001	592	37.19027	0.06282
smitw003	501	11.67339	0.02330
taylc001	582	13.95868	0.02398
polla001	422	22.85522	0.05416
beatm001	234	13.61495	0.05818
lux-g001	381	2.31586	0.00608
buted001	36	-4.63908	-0.12886
neuss001	66	-10.50234	-0.15913
ruizk001	96	0.99449	0.01036
ucete001	5	-0.70109	-0.14022
barna001	225	-5.68936	-0.02529
jay-j001	14	-0.55140	-0.03939
peted004	240	-13.23306	-0.05514
hernc005	637	-11.01804	-0.01730
luplj001	193	6.43516	0.03334
ramij003	636	37.69000	0.05926
reyef001	466	10.10730	0.02169
rosae001	412	7.89440	0.01916
ramih004	361	0.59902	0.00166
naylj001	250	-8.84205	-0.03537
rosaa003	588	-1.83566	-0.00312
river003	78	-3.28270	-0.04209
bauej001	315	-18.66805	-0.05926
chany001	251	-0.76719	-0.00306
hedga001	312	-23.42526	-0.07508
astuw001	216	-14.84087	-0.06871
larnt001	301	-12.49998	-0.04153
refsr001	157	-8.90427	-0.05672
simma001	451	-27.82972	-0.06171
canhm001	625	14.68017	0.02349
chapm001	622	-11.41965	-0.01836
laurr001	378	-1.48274	-0.00392
olsom001	673	20.47780	0.03043
pindc001	233	-2.80732	-0.01205
lowrj001	512	7.15849	0.01398
murps001	448	6.28969	0.01404
piscs001	188	-6.71697	-0.03573
andre001	541	-28.80964	-0.05325
garca006	94	-6.00124	-0.06384
brows003	307	-3.40463	-0.01109
barrl001	8	0.16346	0.02043
kempt001	397	12.69383	0.03197
davik003	114	-3.73853	-0.03279
martj009	154	-5.91535	-0.03841
crawj002	687	-7.22593	-0.01052
hanim001	691	25.05975	0.03627
seagk001	670	11.65387	0.01739
frant002	650	16.42125	0.02526
kelej001	377	-17.59150	-0.04666
godoj001	40	-3.45937	-0.08648
tramt001	178	-9.42801	-0.05297
fralj001	265	8.78532	0.03315
waltd002	69	-1.73838	-0.02519
wongk002	66	-9.20846	-0.13952
murpt002	325	-8.93356	-0.02749
nottj001	45	-4.45115	-0.09891
mayfj001	290	-3.53333	-0.01218
merrw001	720	-3.28159	-0.00456
santc002	659	-10.06871	-0.01528
benia002	538	10.41932	0.01937
peres002	665	19.34109	0.02908
gutik001	295	-13.54322	-0.04591
solej001	602	8.57443	0.01424
taylm002	528	-14.12775	-0.02676
dozih001	543	-26.14763	-0.04815
lopen001	565	2.76703	0.00490
olive001	111	-5.68147	-0.05118
albeh001	255	-1.77089	-0.00694
grosr001	671	7.05112	0.01051
schoj001	674	-0.87667	-0.00130
candj002	626	19.52580	0.03119
cabrm001	526	-5.48997	-0.01044
casth001	339	-5.37858	-0.01587
haase001	381	-6.10478	-0.01602
badda001	461	11.37558	0.02468
castw003	450	-27.21497	-0.06048
camed001	115	-4.42421	-0.03847
goodn002	325	-10.62042	-0.03268
mazan001	181	-3.04926	-0.01685
rogej004	127	0.57152	0.00450
parei001	85	-5.84827	-0.06880
slata001	306	-6.12995	-0.02003
yastm001	532	4.93582	0.00928
ruf-d001	312	14.69564	0.04710
poseb001	454	18.12540	0.03992
beltb001	381	19.76776	0.05188
florw001	436	-3.57967	-0.00821
crawb001	549	30.36013	0.05530
solad001	344	0.14862	0.00043
dubom001	187	-9.88638	-0.05287
taucm001	191	-7.61804	-0.03989
dicka001	312	-4.63409	-0.01485
duggs001	297	3.95360	0.01331
canng001	1	-0.19099	-0.19099
bundd001	4	-0.58617	-0.14654
mullc002	675	18.88983	0.02798
haysa001	529	9.32710	0.01763
manct001	616	-2.17469	-0.00353
mounr001	586	3.76919	0.00643
santa003	438	-13.01525	-0.02972
sevep001	419	-11.37298	-0.02714
leybd001	96	-12.94685	-0.13486
uriar001	296	12.53160	0.04234
valap001	281	-18.32734	-0.06522
mcker001	197	-7.26435	-0.03687
stewd002	318	-4.57606	-0.01439
wynna001	139	-10.86299	-0.07815
herne001	585	1.84450	0.00315
dever001	664	31.87421	0.04800
martj006	634	23.15951	0.03653
bogax001	603	19.00813	0.03152
renfh001	572	13.57849	0.02374
vazqc001	498	-17.71563	-0.03557
arroc001	181	1.98898	0.01099
gonzm002	307	-17.57153	-0.05724
dalbb001	453	7.24250	0.01599
santd001	127	-0.33623	-0.00265
verda001	604	11.05050	0.01830
wongc001	14	0.84858	0.06061
torrl001	378	-0.29339	-0.00078
ralec001	148	-14.76679	-0.09978
moord002	377	-12.01913	-0.03188
longs001	121	-5.50329	-0.04548
marsb002	260	-8.27201	-0.03182
tapir001	533	1.50738	0.00283
rodgb002	415	4.94540	0.01192
blacc001	582	10.92564	0.01877
stort001	595	13.55983	0.02279
cronc002	547	36.03521	0.06588
hills005	238	4.84235	0.02035
joe-c001	211	16.16248	0.07660
fuenj001	284	-14.54306	-0.05121
nuned001	263	-6.24740	-0.02375
mcmar001	596	5.74691	0.00964
diaze005	371	-10.44308	-0.02815
hampg001	494	-17.89272	-0.03622
ruizr002	141	-13.79423	-0.09783
marts002	526	27.90108	0.05304
morem001	252	-4.71399	-0.01871
thaim001	8	-0.75357	-0.09420
gomey001	375	-3.29328	-0.00878
harrj002	558	-3.48563	-0.00625
sprig001	342	20.72164	0.06059
guerv002	698	51.76345	0.07416
semim001	724	14.07382	0.01944
bichb001	690	25.60480	0.03711
hernt002	595	40.91186	0.06876
kirka001	189	2.44944	0.01296
gurrl001	541	21.23643	0.03925
gricr001	545	-9.35113	-0.01716
espis001	246	-3.65522	-0.01486
dickc002	365	-5.07799	-0.01391
valeb001	97	-0.81006	-0.00835
adelj001	140	7.83939	0.05600
mcgur002	217	-12.81375	-0.05905
branm003	508	5.93600	0.01169
wilsj005	21	-1.71640	-0.08173
castj006	179	4.19779	0.02345
meyej002	163	1.25453	0.00770
tatif002	546	41.56692	0.07613
cronj001	643	11.30387	0.01758
machm001	640	25.79867	0.04031
hosme001	565	2.76614	0.00490
nolaa002	194	7.75512	0.03997
grist001	527	2.37170	0.00450
kim-h002	298	-12.77700	-0.04288
profj001	412	-10.87660	-0.02640
marij002	198	-1.84174	-0.00930
phamt001	561	-0.01014	-0.00002
myerw001	500	4.25784	0.00852
carav001	356	-14.45388	-0.04060
lemad001	679	-5.70091	-0.00840
rizza001	576	9.70360	0.01685
judga001	633	34.97537	0.05525
stanm004	579	20.21563	0.03491
urshg001	442	-9.83426	-0.02225
sancg002	440	-5.79551	-0.01317
gardb001	461	-5.53859	-0.01201
velaa001	68	-3.76592	-0.05538
voitl001	241	0.90843	0.00377
odorr001	361	-7.99124	-0.02214
higak001	211	-7.38595	-0.03500
herny003	166	-10.18243	-0.06134
pozoy001	77	-1.39736	-0.01815
sirij001	49	3.11989	0.06367
toroa001	375	-2.13703	-0.00570
winkj002	485	29.27861	0.06037
castn001	585	34.89785	0.05965
vottj001	533	34.18648	0.06414
suare001	574	-21.15334	-0.03685
locat001	156	-13.51672	-0.08665
calhk001	182	-4.62841	-0.02543
walkc002	445	-5.04239	-0.01133
perad001	538	8.11762	0.01509
cabra002	352	-9.11164	-0.02589
mousm001	206	-6.01912	-0.02922
naqut001	454	16.89529	0.03721
indij001	631	23.24745	0.03684
escoe001	599	14.85511	0.02480
rojaj001	550	-3.56934	-0.00649
kellc002	359	2.02345	0.00564
widet001	18	-2.28298	-0.12683
barnt001	388	-7.09892	-0.01830
mahlt001	66	-16.47209	-0.24958
blana002	82	-2.86324	-0.03492
vanmj001	310	-3.28681	-0.01060
antot001	5	-0.27529	-0.05506
senzn001	124	0.05553	0.00045
smitp002	545	-5.29380	-0.00971
mathw001	51	-1.95395	-0.03831
farmk001	529	1.42884	0.00270
bumgm001	52	-6.68289	-0.12852
aquia001	204	-6.11726	-0.02999
stept001	402	10.44451	0.02598
hoffj003	16	-2.43885	-0.15243
ahmen001	473	-21.12008	-0.04465
vogts001	238	-6.42868	-0.02701
smitr005	17	-3.51416	-0.20672
weavl001	22	-3.28335	-0.14924
delej003	5	0.30446	0.06089
bassc001	2	-0.62327	-0.31163
youna003	104	-1.61108	-0.01549
tom-k001	133	-10.44284	-0.07852
diekj001	1	-0.57755	-0.57755
luzaj001	20	-2.23146	-0.11157
gallz001	42	-7.45373	-0.17747
clart003	3	-0.60017	-0.20006
heatn002	39	-3.86702	-0.09915
kellm002	58	-14.44517	-0.24905
paddc001	42	-10.30802	-0.24543
matej003	209	-9.79637	-0.04687
ramin003	3	-0.52099	-0.17366
varsd001	315	7.32990	0.02327
dazay001	331	-5.57729	-0.01685
senza001	51	-11.09159	-0.21748
adamm002	40	-5.66229	-0.14156
grayj003	50	-9.28965	-0.18579
gomba001	42	-9.75143	-0.23218
treja001	50	-4.45858	-0.08917
gonzc002	34	-5.31044	-0.15619
diazi001	278	-21.91850	-0.07884
aguij001	510	17.44480	0.03421
coopg002	250	9.86336	0.03945
andeb006	264	3.76734	0.01427
brinl001	290	-12.77046	-0.04404
wallc001	66	-5.59345	-0.08475
bertj001	271	-7.20181	-0.02657
hollj002	10	-2.08649	-0.20865
sierm002	225	-17.06514	-0.07585
rojam002	539	1.95471	0.00363
leons001	220	-21.90734	-0.09958
duvaa001	555	14.44297	0.02602
lopep002	35	-9.53575	-0.27245
potec001	11	-1.97736	-0.17976
peacm001	17	-2.33867	-0.13757
bleir001	1	-0.23489	-0.23489
roget003	46	-7.42665	-0.16145
turnt001	646	24.88681	0.03852
sotoj001	654	64.58395	0.09875
schwk001	471	26.61116	0.05650
casts001	346	-5.84209	-0.01688
bellj005	568	6.84349	0.01205
schem001	63	-17.81957	-0.28285
roblv001	368	-15.56271	-0.04229
smitc006	25	-4.30207	-0.17208
steva001	215	-6.10897	-0.02841
mercj002	127	-3.59921	-0.02834
herny002	289	-2.96317	-0.01025
espip001	32	-5.76399	-0.18012
frans001	4	-1.25287	-0.31322
rossj002	39	-3.44210	-0.08826
zimmr001	273	-8.33430	-0.03053
avila001	111	-4.08550	-0.03681
fedde001	43	-8.95353	-0.20822
youna002	4	-1.35734	-0.33933
longe001	291	7.45638	0.02562
martk001	374	20.92132	0.05594
gausk001	62	-8.37199	-0.13503
martc009	4	-0.69525	-0.17381
casac001	231	-3.56764	-0.01544
reddj001	158	-4.57549	-0.02896
cuetj001	37	-7.14892	-0.19321
voslj001	82	-4.45406	-0.05432
desca001	62	-13.54098	-0.21840
edmat001	691	-5.69241	-0.00824
carld002	619	8.77317	0.01417
goldp001	679	26.19350	0.03858
arenn001	653	14.04994	0.02152
moliy001	473	0.35072	0.00074
oneit001	537	16.15857	0.03009
sosae001	326	-0.85388	-0.00262
willj006	137	-7.34237	-0.05359
martc006	25	-5.01965	-0.20079
duplj001	3	-0.43126	-0.14375
carpm002	249	-11.05046	-0.04438
thoml002	264	4.63136	0.01754
oviej001	22	-1.84278	-0.08376
woodj003	20	-5.91125	-0.29556
waina001	74	-11.06575	-0.14954
rondj002	90	-2.32421	-0.02582
kniza001	185	-17.35379	-0.09380
kim-k001	29	-0.69745	-0.02405
villj001	505	-10.25837	-0.02031
lindf001	524	6.91682	0.01320
alonp001	637	15.05984	0.02364
smitd008	493	-17.96360	-0.03644
mccaj001	412	-16.57082	-0.04022
mckib001	300	-14.29038	-0.04763
peraj003	154	-2.75433	-0.01789
willm007	37	-3.07702	-0.08316
degrj001	33	0.68030	0.02062
pillk001	348	-0.93561	-0.00269
drurb001	88	1.00544	0.01143
nidot001	161	-4.05691	-0.02520
strom001	58	-8.08405	-0.13938
vargi001	83	-7.38888	-0.08902
gselr001	6	-0.84112	-0.14019
blant002	24	-1.15539	-0.04814
cobba001	1	-0.32527	-0.32527
suarj001	1	-0.16482	-0.16482
sandp002	4	-0.08395	-0.02099
souzs001	36	-4.23050	-0.11751
bauet001	34	-6.91421	-0.20336
burna003	15	0.06331	0.00422
mckiz001	172	1.54442	0.00898
buehw001	82	-11.22926	-0.13694
gonst001	19	-1.52634	-0.08033
cleag001	3	1.29027	0.43009
wongk001	492	8.23614	0.01674
voged001	259	1.58417	0.00612
yelic001	475	12.82044	0.02699
garca003	514	16.64117	0.03238
narvo001	445	-0.65520	-0.00147
urial001	570	16.65049	0.02921
bradj001	428	-41.00750	-0.09581
andeb004	34	-7.86931	-0.23145
milnh001	2	0.05513	0.02757
fishd001	8	-0.44348	-0.05543
petej002	302	3.61268	0.01196
peraf001	45	-9.39753	-0.20883
taylt002	271	9.11845	0.03365
robed004	90	-4.09796	-0.04553
hiurk001	197	-16.82987	-0.08543
pinam001	208	1.70011	0.00817
woodb005	58	-12.62500	-0.21767
wadel001	381	11.89164	0.03121
davij008	9	-1.73962	-0.19329
estrt001	132	6.77555	0.05133
wooda002	47	-13.40771	-0.28527
longs002	11	-2.28393	-0.20763
farij001	3	0.12926	0.04309
casth002	7	1.17955	0.16851
owinc001	50	2.89292	0.05786
fairs001	17	-1.12215	-0.06601
holab001	34	-4.72676	-0.13902
contw001	483	0.22669	0.00047
bryak001	586	20.22714	0.03452
baezj001	547	13.38979	0.02448
wisdp001	375	7.67333	0.02046
hoern001	170	7.46258	0.04390
happi001	535	2.03129	0.00380
hendk001	61	-8.88018	-0.14558
heywj001	353	-11.16059	-0.03162
orter001	330	11.83934	0.03588
alzoa001	33	-7.07597	-0.21442
sogae001	180	-13.00848	-0.07227
chirr001	112	-0.85574	-0.00764
daviz001	44	-7.31858	-0.16633
newmk001	554	-34.43291	-0.06215
hayek001	396	-5.80583	-0.01466
reynb001	646	40.28433	0.06236
nogoj001	143	-3.84763	-0.02691
gameb001	400	-5.72879	-0.01432
stalj001	427	6.86433	0.01608
difow001	240	2.02543	0.00844
evanp001	247	-9.71204	-0.03932
dejoc001	15	-3.04492	-0.20299
olivj003	43	-3.32065	-0.07722
fraza001	639	-2.06066	-0.00322
polag001	382	-20.82713	-0.05452
perem005	231	-18.44834	-0.07986
andet002	40	-7.56256	-0.18906
kranm001	14	-3.71441	-0.26532
bellc002	350	-23.43625	-0.06696
ellid002	83	-6.28998	-0.07578
whitm004	16	-3.05696	-0.19106
uriaj001	70	-6.51631	-0.09309
hagej001	30	-0.52848	-0.01762
bickp001	3	0.07191	0.02397
ramiy001	1	-0.81655	-0.81655
lastt001	242	0.57980	0.00240
darvy001	55	-12.90734	-0.23468
ograb001	61	-3.39202	-0.05561
snelb001	37	-8.76924	-0.23701
gilbt001	11	-3.62816	-0.32983
musgj001	57	-11.51052	-0.20194
stamc001	7	-0.70413	-0.10059
knehr001	8	-2.97202	-0.37150
seguj002	567	3.33534	0.00588
realj001	537	7.83320	0.01459
harpb003	599	54.70065	0.09132
gregd001	408	-22.72206	-0.05569
mccua001	574	9.62801	0.01677
millb002	377	2.07689	0.00551
torrr001	344	-3.54594	-0.01031
jankt001	157	4.32831	0.02757
gibsk002	30	-4.79795	-0.15993
herro001	492	-1.46594	-0.00298
bohma001	417	-12.37409	-0.02967
suarr001	23	-1.59260	-0.06924
willl001	108	-2.79880	-0.02591
wheez001	73	-9.00106	-0.12330
mccaj003	70	-3.25155	-0.04645
padlk001	15	-2.69294	-0.17953
marmj001	122	-7.29632	-0.05981
gonzm005	4	-1.49880	-0.37470
flexc001	3	-0.50717	-0.16906
ramoh001	55	-2.23712	-0.04067
lylej001	6	-1.58248	-0.26375
arihk001	2	-0.94234	-0.47117
freef001	695	42.77692	0.06155
albio001	686	16.16868	0.02357
rilea001	662	29.03465	0.04386
swand001	653	7.92726	0.01214
contw002	185	-2.80506	-0.01516
ynoah001	32	0.61526	0.01923
mejih001	8	-1.64758	-0.20595
friem001	67	-0.69300	-0.01034
pedej001	481	5.49229	0.01142
hereg002	347	-10.59675	-0.03054
darnt001	229	-8.58465	-0.03749
chavj001	3	-1.18873	-0.39624
smyld001	43	-11.43839	-0.26601
adrie001	209	4.83431	0.02313
andei001	41	-10.38345	-0.25325
mortc002	62	-13.27997	-0.21419
kersc001	39	-3.67187	-0.09415
perdg001	37	-1.82216	-0.04925
welkc001	40	-1.98478	-0.04962
gouda001	6	-1.66403	-0.27734
bardd001	1	0.40156	0.40156
hoskr001	443	11.67974	0.02637
acunr001	360	23.60235	0.06556
ozunm001	208	-3.33890	-0.01605
pachc001	68	-5.32405	-0.07829
hasea001	21	-2.91449	-0.13879
quinr003	62	-1.58550	-0.02557
incie001	89	-6.91782	-0.07773
knapa001	159	-16.03864	-0.10087
efliz001	37	-8.14873	-0.22024
moorm003	20	-4.72669	-0.23633
joycm001	69	-3.52034	-0.05102
sandp001	86	-0.83826	-0.00975
chisj001	507	-2.12270	-0.00419
jacka002	151	-10.07768	-0.06674
alcas001	64	-15.46186	-0.24159
alfaj002	311	-12.80947	-0.04119
curtj003	5	-2.09826	-0.41965
neidn001	12	-2.48917	-0.20743
wilsb003	25	-6.25241	-0.25010
boted002	327	-16.22926	-0.04963
woltt001	30	-3.89292	-0.12976
duffm002	322	-0.64960	-0.00202
willt002	28	-3.08920	-0.11033
milla003	36	-10.04547	-0.27904
camaj001	18	-4.07385	-0.22632
tomlj001	5	0.96838	0.19368
kings001	19	-4.29931	-0.22628
velav001	30	-4.72999	-0.15767
maton001	131	1.96685	0.01501
nolaa001	63	-4.42140	-0.07018
biggc002	294	-5.16876	-0.01758
ray-r002	5	-1.27871	-0.25574
jansd001	205	-2.74313	-0.01338
davij007	103	-10.22890	-0.09931
tellr001	325	-5.12347	-0.01576
ryu-h001	4	-0.65945	-0.16486
mathj001	9	-2.11245	-0.23472
strir001	6	-2.05719	-0.34287
webbj002	2	-0.50035	-0.25018
walkt004	51	-11.64343	-0.22830
fargj001	54	-5.76576	-0.10677
reids001	2	0.92477	0.46239
lee-k001	18	-3.32430	-0.18468
huntt002	1	0.26557	0.26557
davit005	6	-2.12095	-0.35349
mazep001	87	-6.76885	-0.07780
maybc001	33	-4.91631	-0.14898
peted003	20	-3.30414	-0.16521
gonze004	229	-14.15631	-0.06182
craiw001	65	-4.03247	-0.06204
croww001	41	-9.87432	-0.24084
smitk002	106	-11.15126	-0.10520
tuckc001	131	-1.18820	-0.00907
kellm003	32	-4.86751	-0.15211
brubj001	43	-8.68960	-0.20208
almoa001	175	0.07851	0.00045
stras001	7	-0.74448	-0.10635
votha001	3	0.94628	0.31543
lestj001	51	-6.39209	-0.12534
corbp001	63	-10.72656	-0.17026
rodre004	6	-1.75254	-0.29209
newcs001	2	0.49365	0.24683
whitg002	2	0.54472	0.27236
richg002	5	0.11300	0.02260
mullk001	13	-2.04161	-0.15705
plawk001	173	-0.87251	-0.00504
dejop001	402	-9.50525	-0.02364
gantj002	18	-4.63919	-0.25773
leblw001	13	-3.04612	-0.23432
mcnej002	426	-17.43151	-0.04092
confm001	479	-3.40614	-0.00711
guill001	156	-2.81278	-0.01803
megit002	31	-4.71826	-0.15220
almoa002	54	-10.45690	-0.19365
szapt001	1	-0.10599	-0.10599
detwr001	3	-0.08497	-0.02832
benda001	2	-0.21198	-0.10599
sancj003	251	6.15142	0.02451
panij002	257	-17.50178	-0.06810
arcio002	89	-0.80084	-0.00900
thomz001	18	-3.74202	-0.20789
choij001	305	6.18965	0.02029
franw002	308	13.02446	0.04229
wallt003	176	-2.97218	-0.01689
wachm001	3	-1.37544	-0.45848
brujv001	26	-3.69154	-0.14198
flemj001	1	-0.10599	-0.10599
hillr001	26	-5.86419	-0.22555
toust001	18	-3.29015	-0.18279
rivaw001	77	-6.29721	-0.08178
burnc002	59	-9.43371	-0.15989
reyep001	87	-1.43612	-0.01651
cainl001	286	-0.76910	-0.00269
escoa003	348	4.49718	0.01292
kiebc001	249	-21.71819	-0.08722
garcl006	247	-12.84582	-0.05201
barrt004	107	1.57431	0.01471
parrg001	107	-9.62672	-0.08997
sanca007	39	-2.63405	-0.06754
adamr004	120	-0.87344	-0.00728
grayj004	24	-6.56344	-0.27348
akiys001	183	-6.78523	-0.03708
grays001	43	-9.59626	-0.22317
milew001	59	-7.80449	-0.13228
gutiv001	42	-8.00537	-0.19060
montj004	4	-1.18800	-0.29700
heana001	4	0.04377	0.01094
webbl001	53	-3.93319	-0.07421
murpp001	1	-0.10599	-0.10599
suerw002	1	-0.32527	-0.32527
delab001	219	-3.14423	-0.01436
diazl001	128	-7.51909	-0.05874
alvae001	74	-2.56269	-0.03463
herne002	18	-4.09810	-0.22767
cabre003	7	-0.66899	-0.09557
galvf001	394	-9.17398	-0.02328
vierm001	77	1.37871	0.01791
nimmb001	385	17.66572	0.04588
carrc003	19	-2.90255	-0.15277
minta001	1	-0.30003	-0.30003
stris002	2	-0.44379	-0.22190
franm004	403	-18.29275	-0.04539
cordf003	136	-5.65604	-0.04159
siscc001	83	-8.97449	-0.10813
white005	104	-9.26628	-0.08910
bishb001	5	-0.45189	-0.09038
haggs001	94	-8.80723	-0.09369
machv001	37	-5.08085	-0.13732
torrg001	516	-6.00021	-0.01163
hicka001	126	-4.82914	-0.03833
frazc001	218	-12.47012	-0.05720
fordm002	72	-3.68431	-0.05117
wadet002	145	-3.56360	-0.02458
chavm001	124	-6.35028	-0.05121
andum001	162	-11.44194	-0.07063
lamar001	24	-0.28525	-0.01189
wilks001	76	-8.77486	-0.11546
kiria001	231	-1.43237	-0.00620
rortb001	98	-9.89919	-0.10101
gordn001	216	-4.13352	-0.01914
jeffr002	293	-5.51467	-0.01882
celeg001	62	-7.63356	-0.12312
millo002	202	-16.43752	-0.08137
zimmb001	348	-5.02113	-0.01443
bradb002	279	0.41259	0.00148
hoyij001	3	-1.08844	-0.36281
jonet005	108	-4.93213	-0.04567
stubg001	38	-3.76347	-0.09904
goodb001	271	-3.73190	-0.01377
engea001	140	2.11704	0.01512
sheeg001	179	7.70008	0.04302
zavas001	104	-3.61697	-0.03478
mendd002	186	-5.34959	-0.02876
burgj001	42	1.27239	0.03029
martr006	105	-10.14528	-0.09662
hilld002	150	0.02967	0.00020
greig001	82	-1.45305	-0.01772
reyev001	220	-2.66532	-0.01212
shorz001	184	-16.80588	-0.09134
nuner001	55	-2.86830	-0.05215
robsj001	7	-1.39728	-0.19961
jonej007	72	-9.97372	-0.13852
ohear001	254	-14.61738	-0.05755
mondr003	136	-5.12919	-0.03771
lambj001	170	-6.40015	-0.03765
dysoj001	149	-10.24941	-0.06879
ibana001	272	2.36836	0.00871
ciufn001	6	0.36065	0.06011
shawt001	250	-1.43725	-0.00575
nevit001	18	2.82056	0.15670
odomj001	2	-0.76746	-0.38373
palaj001	42	-2.64844	-0.06306
lewik001	147	-0.90384	-0.00615
ramow001	163	-9.47526	-0.05813
jonej006	105	-5.94006	-0.05657
arauj001	75	-6.07901	-0.08105
devej001	46	-3.13198	-0.06809
rivee001	98	-2.22294	-0.02268
rives002	44	-3.66681	-0.08334
branr002	21	-4.13904	-0.19710
alleg002	48	0.81270	0.01693
flore001	25	0.71384	0.02855
duraj001	112	-4.23373	-0.03780
gittc001	44	-3.92772	-0.08927
rookb001	213	-6.96597	-0.03270
merco003	238	-1.77730	-0.00747
lopej005	16	-2.27681	-0.14230
gimea001	210	-4.88031	-0.02324
johnd006	81	-4.09315	-0.05053
lavar001	30	-1.88475	-0.06282
mottt001	29	-2.38365	-0.08219
lowej002	2	0.66713	0.33356
davij006	211	5.41401	0.02566
willn001	13	-0.73021	-0.05617
isbek001	83	-0.21386	-0.00258
gallc001	124	-3.28995	-0.02653
perer003	161	-8.96933	-0.05571
badeh001	401	-0.97662	-0.00244
morom001	16	-4.13341	-0.25834
gonzl005	11	1.07506	0.09773
cleme002	133	-6.74356	-0.05070
jimee001	231	4.62724	0.02003
hermm001	38	-1.02832	-0.02706
schwf001	259	23.35352	0.09017
romia002	62	-5.71730	-0.09221
romia001	64	-5.33804	-0.08341
alcas002	255	-10.32031	-0.04047
rivaa001	49	-1.40732	-0.02872
morac001	359	3.41018	0.00950
parkh001	150	-4.84306	-0.03229
alfoa002	148	-6.71091	-0.04534
gonzr003	33	-2.79962	-0.08484
schrm001	134	3.48405	0.02600
friet001	36	-0.95375	-0.02649
deshd002	58	1.28856	0.02222
garcj007	56	-3.59174	-0.06414
garnd001	68	-4.02472	-0.05919
kuhlc001	24	-7.20419	-0.30017
fowld002	46	-3.24358	-0.07051
arrij001	30	-4.61028	-0.15368
suteb001	4	-0.97496	-0.24374
wrigk001	3	-0.05471	-0.01824
kazms002	2	-0.70120	-0.35060
luccj001	11	-2.14548	-0.19504
lindj004	1	-0.16482	-0.16482
rasmd002	4	-0.24006	-0.06002
ryank002	2	-0.48805	-0.24403
ray-c002	3	-0.54688	-0.18229
santd003	2	-0.35617	-0.17808
riose001	60	-11.32166	-0.18869
thomk002	8	-2.09050	-0.26131
frazt001	40	-3.16827	-0.07921
cahit001	9	-2.96019	-0.32891
owenh003	5	-1.15088	-0.23018
martn003	45	-3.42990	-0.07622
stokt001	20	-0.22633	-0.01132
higgp001	25	-6.00108	-0.24004
steej002	13	-3.03393	-0.23338
paytm001	24	-3.30291	-0.13762
castl003	59	-10.75220	-0.18224
heins001	34	-4.73562	-0.13928
stewk001	3	0.04539	0.01513
weatr001	28	-4.65985	-0.16642
marct001	50	-6.59518	-0.13190
lamed001	7	-1.27948	-0.18278
diazm004	3	-1.23155	-0.41052
winkd001	1	-0.25018	-0.25018
pop-z001	2	-0.72135	-0.36067
lobaj001	13	-1.82005	-0.14000
civaa001	2	-0.03446	-0.01723
morge001	2	-0.59874	-0.29937
nootl001	124	1.07715	0.00869
santt001	8	-0.81088	-0.10136
freem002	65	-6.28192	-0.09664
deicg001	31	-6.11719	-0.19733
lynnl001	5	-0.44798	-0.08960
rodoc001	3	-0.57437	-0.19146
ceasd001	8	0.31915	0.03989
ruckm001	1	-0.16482	-0.16482
strih001	2	-0.32964	-0.16482
topaj001	1	-0.32527	-0.32527
jewej001	1	-0.46592	-0.46592
norrd002	2	-0.42735	-0.21367
kellb003	7	-2.02956	-0.28994
brenj001	1	0.26557	0.26557
bubik001	5	-1.25294	-0.25059
hernc006	4	-2.08631	-0.52158
marqg001	60	-1.84342	-0.03072
freek001	40	-3.29251	-0.08231
sampa001	11	-1.19929	-0.10903
braus002	8	-1.23266	-0.15408
littz001	4	-0.65697	-0.16424
barac001	2	-0.55021	-0.27510
effrs001	1	0.00242	0.00242
buxtb001	254	17.50047	0.06890
thomt002	35	4.17486	0.11928
jax-g001	3	-1.33872	-0.44624
could001	1	-0.38616	-0.38616
ryanj002	2	-0.82772	-0.41386
happj001	15	-3.30062	-0.22004
hudsd002	4	-0.53481	-0.13370
flahj002	26	-0.99193	-0.03815
deana001	38	0.45320	0.01193
perec004	2	-1.08652	-0.54326
romas001	2	-0.46485	-0.23243
allel002	1	-0.46592	-0.46592
fulmc001	2	-0.35617	-0.17808
mcket001	2	-0.70598	-0.35299
biebs001	6	-1.94911	-0.32485
ruizj001	1	-0.10599	-0.10599
keucd001	2	-0.35617	-0.17808
hendr003	1	-0.46295	-0.46295
alvaj003	5	-0.11045	-0.02209
housa001	46	-7.97474	-0.17336
brada001	1	-0.10599	-0.10599
lauee001	37	-3.45586	-0.09340
howas003	7	-0.60562	-0.08652
faltb001	5	-1.20156	-0.24031
lopea005	23	-3.78734	-0.16467
gusht001	4	-0.68581	-0.17145
lorem002	1	-0.10599	-0.10599
eickj001	8	-0.77377	-0.09672
alanr001	1	-0.30003	-0.30003
banda001	1	-0.86236	-0.86236
stocr001	4	-0.97344	-0.24336
nogos001	1	-0.46592	-0.46592
maedk001	4	-0.29609	-0.07402
barnc002	1	-0.23635	-0.23635
castr006	93	-7.83314	-0.08423
rodrm001	1	-0.25018	-0.25018
mikom001	15	-3.55164	-0.23678
poncd001	5	-1.01108	-0.20222
sanca009	4	-0.32999	-0.08250
alext001	2	-0.70733	-0.35366
boydm001	5	-0.22120	-0.04424
mizec001	3	0.49965	0.16655
urenj001	1	-0.10599	-0.10599
peted001	8	-1.29950	-0.16244
rogej003	14	-3.01971	-0.21569
nolis001	6	-1.62696	-0.27116
sanmr001	6	-2.15879	-0.35980
davit004	6	0.27651	0.04608
poncc002	7	-1.61976	-0.23139
mills001	1	-0.10599	-0.10599
mcbrr001	9	-0.67388	-0.07488
thomd004	9	0.13579	0.01509
doror001	7	-1.30218	-0.18603
munoy001	11	-1.82532	-0.16594
garcl007	6	-1.53658	-0.25610
urquj001	4	-0.39062	-0.09766
monim001	37	-5.09178	-0.13762
andec001	14	-3.10385	-0.22170
sanca006	10	-2.43598	-0.24360
chacj001	7	-1.63121	-0.23303
wislm001	1	-0.10599	-0.10599
castr005	1	-0.25018	-0.25018
bartj003	6	-0.16662	-0.02777
andrj001	7	-0.41773	-0.05968
kivlp001	8	1.21039	0.15130
almoy001	3	-0.52099	-0.17366
dunnd001	4	-0.41040	-0.10260
foltm001	2	-0.61256	-0.30628
montf001	4	-1.09853	-0.27463
bolts001	60	-9.70532	-0.16176
irvic001	7	-0.05130	-0.00733
kaprj001	4	-0.43770	-0.10942
reyea004	1	-0.10599	-0.10599
waddb001	1	-0.25018	-0.25018
pricd001	18	-0.82699	-0.04594
mccad002	2	-0.41500	-0.20750
hessd001	4	-1.11260	-0.27815
campp001	5	-1.75769	-0.35154
ralel001	72	-10.05192	-0.13961
vilar001	7	-2.26275	-0.32325
lambp001	2	-0.32964	-0.16482
hickj001	31	1.28723	0.04152
smitk003	36	-6.20113	-0.17225
dawsr001	6	-0.36294	-0.06049
terrc001	48	-7.11952	-0.14832
kozmp001	12	-0.36300	-0.03025
guzmr001	17	-3.53535	-0.20796
lucrj001	23	0.16891	0.00734
pereh001	21	-3.13696	-0.14938
nelsj004	3	-0.52099	-0.17366
may-d003	4	-1.47830	-0.36958
campl002	38	-8.26217	-0.21743
simsl001	2	-0.41500	-0.20750
kikuy001	2	-0.27081	-0.13541
dunnj002	3	0.67239	0.22413
garrb001	11	-1.54116	-0.14011
vesia001	4	-0.59157	-0.14789
jansk001	1	-0.46592	-0.46592
kellj001	3	-0.60634	-0.20211
jonen001	1	-0.10599	-0.10599
webbt001	1	-0.25018	-0.25018
elles001	2	-1.00117	-0.50059
fernj006	1	-0.16482	-0.16482
allak001	2	-0.40118	-0.20059
sborj002	1	-0.23635	-0.23635
kingj002	1	-0.23635	-0.23635
nanct001	2	-0.21198	-0.10599
reksz001	10	-1.88888	-0.18889
sherj001	1	-0.16482	-0.16482
mccul002	4	-1.62894	-0.40723
odorj001	1	-0.25018	-0.25018
barrj003	3	-0.71503	-0.23834
detmr001	2	-0.39131	-0.19565
jacka003	4	-0.73566	-0.18392
phile001	3	-0.96627	-0.32209
gratb002	2	-0.84682	-0.42341
crisn001	11	-2.76237	-0.25112
beers001	10	1.83278	0.18328
knebc001	2	-0.48653	-0.24326
rea-c001	2	-0.35617	-0.17808
gustj001	2	-0.61256	-0.30628
glast001	2	-0.27081	-0.13541
yarbr001	4	-1.10238	-0.27559
castd003	5	-1.50757	-0.30151
harvm001	6	-2.14350	-0.35725
zimmb002	4	-0.81617	-0.20404
maill001	34	0.08700	0.00256
tovaw001	12	-1.14579	-0.09548
cimba001	2	-1.26776	-0.63388
yamaj001	2	0.16520	0.08260
marcr001	56	-5.29606	-0.09457
martl005	7	0.03913	0.00559
okers001	2	-0.93944	-0.46972
moris001	3	-0.48193	-0.16064
marrd001	19	-2.42999	-0.12789
tailj001	2	0.16520	0.08260
millb003	11	-0.42754	-0.03887
germd001	3	-1.31792	-0.43931
brotr001	2	-0.71610	-0.35805
henrp001	16	-0.75014	-0.04688
fortn001	34	3.80188	0.11182
crouh001	1	-0.38616	-0.38616
berrj001	4	-1.29848	-0.32462
pinem001	3	-1.32294	-0.44098
godlz001	1	-0.21112	-0.21112
felim002	1	0.89502	0.89502
betta001	1	-0.25018	-0.25018
zimmj003	1	-0.10599	-0.10599
garcr007	1	-0.38616	-0.38616
lopet001	11	-1.49803	-0.13618
sancm001	1	-0.38616	-0.38616
richt001	1	0.30890	0.30890
minom001	7	-1.26018	-0.18003
gioll001	4	-1.25619	-0.31405
kopem001	1	-0.25018	-0.25018
bednd001	1	-0.46592	-0.46592
ashba003	4	-0.29609	-0.07402
brucj001	39	-4.86871	-0.12484
watst001	1	-0.10599	-0.10599
ambut001	4	-0.67045	-0.16761
piven001	2	-0.35617	-0.17808
meanj001	5	-0.61169	-0.12234
lugos001	1	-0.43510	-0.43510
oswac001	2	-0.59063	-0.29531
tropn001	1	-0.23635	-0.23635
matzs001	2	-0.48653	-0.24326
diazy002	1	-0.32527	-0.32527
sante002	1	-0.25018	-0.25018
reedj005	1	0.49853	0.49853
tromc001	18	-1.41414	-0.07856
klubc001	2	-0.32964	-0.16482
schmc002	2	-0.10599	-0.05299
madel001	1	-0.30003	-0.30003
allea001	8	0.85838	0.10730
campe001	12	-1.25805	-0.10484
hurss001	5	-1.35868	-0.27174
perem004	3	-0.63320	-0.21107
eovan001	3	-0.29605	-0.09868
cortn001	1	-0.38206	-0.38206
pagae001	2	-0.43126	-0.21563
harrm003	11	-2.53677	-0.23062
clays001	2	-0.34234	-0.17117
hammj003	1	-0.10599	-0.10599
bruij001	1	0.26557	0.26557
bonij002	12	-1.18150	-0.09846
feltr001	1	-0.16482	-0.16482
rossr003	1	-0.19099	-0.19099
media001	1	-0.23635	-0.23635
eshet001	1	-0.46592	-0.46592
akink001	2	-0.40118	-0.20059
overc001	1	1.68093	1.68093
yajum001	3	-0.51201	-0.17067
junij001	2	-0.39971	-0.19986
popps001	1	-0.30003	-0.30003
zubet001	1	-0.23635	-0.23635
holmc001	1	-0.10599	-0.10599
unded001	4	-1.16863	-0.29216
strac001	2	-0.48653	-0.24326
mejij002	1	-0.10599	-0.10599
quanc001	2	0.01540	0.00770
hents001	1	-0.10599	-0.10599
smitd009	1	-0.10599	-0.10599
mearn001	1	-0.85219	-0.85219
skubt001	3	-0.98648	-0.32883
peraw001	2	0.17222	0.08611
mannm001	1	-0.25018	-0.25018
hutcd001	1	-0.10599	-0.10599
giamt001	13	-2.88426	-0.22187
andet003	2	-0.92254	-0.46127
caste001	9	-0.78876	-0.08764
cruzo001	9	0.44505	0.04945
morea001	1	-0.23635	-0.23635
casti001	4	0.65433	0.16358
shefj001	2	0.06475	0.03237
camad001	3	2.86847	0.95616
mcgok002	1	-0.25018	-0.25018
manas001	5	-0.62110	-0.12422
melam001	1	-0.21112	-0.21112
valdf001	4	-0.97662	-0.24415
naugp001	1	-0.16482	-0.16482
guerj003	2	-0.27081	-0.13541
kazms001	4	-1.27077	-0.31769
degoa001	7	1.59783	0.22826
selms001	1	-0.10599	-0.10599
harpr001	2	-0.31711	-0.15855
rodrj005	2	-0.35617	-0.17808
reetj001	2	0.16667	0.08333
brebj001	1	-0.10599	-0.10599
greiz001	2	-0.41500	-0.20750
chatt001	1	-0.38206	-0.38206
garcj006	2	-0.46838	-0.23419
quinj001	2	0.63113	0.31556
avilp001	1	-0.25018	-0.25018
hembh001	1	-0.16482	-0.16482
kimbc001	1	-0.46592	-0.46592
matop002	1	-0.10599	-0.10599
jackj001	1	-0.46295	-0.46295
oberb002	2	0.02437	0.01219
abboc001	3	-0.07677	-0.02559
ladet001	1	-0.25018	-0.25018
paynt001	2	-0.32964	-0.16482
tejea001	17	-3.21101	-0.18888
wilsc005	1	-0.10599	-0.10599
lopej004	2	-0.57191	-0.28596
arteh001	4	-0.56532	-0.14133
nerih001	1	-0.25018	-0.25018
guerj002	1	-0.10599	-0.10599
manoa001	1	-0.78300	-0.78300
lopeo001	1	-0.10599	-0.10599
coons001	1	-0.25018	-0.25018
houct001	1	-0.16482	-0.16482
davia003	1	0.13036	0.13036
adonj001	2	-0.82831	-0.41415
salec001	1	-0.25018	-0.25018
