c:\users\kevin\source\repos\retro\evreader\debug\evreader.pch
c:\users\kevin\source\repos\retro\evreader\debug\vc143.pdb
c:\users\kevin\source\repos\retro\evreader\debug\stdafx.obj
c:\users\kevin\source\repos\retro\evreader\debug\evreader.obj
c:\users\kevin\source\repos\retro\evreader\debug\assemblyinfo.obj
c:\users\kevin\source\repos\retro\evreader\debug\.netframework,version=v4.7.2.assemblyattributes.obj
c:\users\kevin\source\repos\retro\debug\evreader.exe
c:\users\kevin\source\repos\retro\debug\evreader.pdb
c:\users\kevin\source\repos\retro\evreader\debug\app.res
c:\users\kevin\source\repos\retro\evreader\debug\evreader.tlog\cl.command.1.tlog
c:\users\kevin\source\repos\retro\evreader\debug\evreader.tlog\cl.read.1.tlog
c:\users\kevin\source\repos\retro\evreader\debug\evreader.tlog\cl.write.1.tlog
c:\users\kevin\source\repos\retro\evreader\debug\evreader.tlog\link.command.1.tlog
c:\users\kevin\source\repos\retro\evreader\debug\evreader.tlog\link.read.1.tlog
c:\users\kevin\source\repos\retro\evreader\debug\evreader.tlog\link.write.1.tlog
c:\users\kevin\source\repos\retro\evreader\debug\evreader.tlog\metagen.read.1.tlog
c:\users\kevin\source\repos\retro\evreader\debug\evreader.tlog\metagen.write.1.tlog
c:\users\kevin\source\repos\retro\evreader\debug\evreader.tlog\rc.command.1.tlog
c:\users\kevin\source\repos\retro\evreader\debug\evreader.tlog\rc.read.1.tlog
c:\users\kevin\source\repos\retro\evreader\debug\evreader.tlog\rc.write.1.tlog
