c:\users\kevin\source\repos\retro\retrodbcmd\debug\retrodbcmd.pch
c:\users\kevin\source\repos\retro\retrodbcmd\debug\vc143.pdb
c:\users\kevin\source\repos\retro\retrodbcmd\debug\stdafx.obj
c:\users\kevin\source\repos\retro\retrodbcmd\debug\assemblyinfo.obj
c:\users\kevin\source\repos\retro\retrodbcmd\debug\retrodbcmd.obj
c:\users\kevin\source\repos\retro\retrodbcmd\debug\.netframework,version=v4.7.2.assemblyattributes.obj
c:\users\kevin\source\repos\retro\debug\retrodbcmd.exe
c:\users\kevin\source\repos\retro\debug\retrodbcmd.pdb
c:\users\kevin\source\repos\retro\retrodbcmd\debug\app.res
c:\users\kevin\source\repos\retro\retrodbcmd\debug\retrodbcmd.tlog\cl.command.1.tlog
c:\users\kevin\source\repos\retro\retrodbcmd\debug\retrodbcmd.tlog\cl.read.1.tlog
c:\users\kevin\source\repos\retro\retrodbcmd\debug\retrodbcmd.tlog\cl.write.1.tlog
c:\users\kevin\source\repos\retro\retrodbcmd\debug\retrodbcmd.tlog\link.command.1.tlog
c:\users\kevin\source\repos\retro\retrodbcmd\debug\retrodbcmd.tlog\link.read.1.tlog
c:\users\kevin\source\repos\retro\retrodbcmd\debug\retrodbcmd.tlog\link.write.1.tlog
c:\users\kevin\source\repos\retro\retrodbcmd\debug\retrodbcmd.tlog\metagen.read.1.tlog
c:\users\kevin\source\repos\retro\retrodbcmd\debug\retrodbcmd.tlog\metagen.write.1.tlog
c:\users\kevin\source\repos\retro\retrodbcmd\debug\retrodbcmd.tlog\rc.command.1.tlog
c:\users\kevin\source\repos\retro\retrodbcmd\debug\retrodbcmd.tlog\rc.read.1.tlog
c:\users\kevin\source\repos\retro\retrodbcmd\debug\retrodbcmd.tlog\rc.write.1.tlog
