c:\users\kevin\source\repos\retro\retrocheck\debug\retrocheck.pch
c:\users\kevin\source\repos\retro\retrocheck\debug\vc143.pdb
c:\users\kevin\source\repos\retro\retrocheck\debug\stdafx.obj
c:\users\kevin\source\repos\retro\retrocheck\debug\retrocheck.obj
c:\users\kevin\source\repos\retro\retrocheck\debug\assemblyinfo.obj
c:\users\kevin\source\repos\retro\retrocheck\debug\.netframework,version=v4.7.2.assemblyattributes.obj
c:\users\kevin\source\repos\retro\debug\retrocheck.exe
c:\users\kevin\source\repos\retro\debug\retrocheck.pdb
c:\users\kevin\source\repos\retro\retrocheck\debug\app.res
c:\users\kevin\source\repos\retro\retrocheck\debug\retrocheck.tlog\cl.command.1.tlog
c:\users\kevin\source\repos\retro\retrocheck\debug\retrocheck.tlog\cl.read.1.tlog
c:\users\kevin\source\repos\retro\retrocheck\debug\retrocheck.tlog\cl.write.1.tlog
c:\users\kevin\source\repos\retro\retrocheck\debug\retrocheck.tlog\link.command.1.tlog
c:\users\kevin\source\repos\retro\retrocheck\debug\retrocheck.tlog\link.read.1.tlog
c:\users\kevin\source\repos\retro\retrocheck\debug\retrocheck.tlog\link.write.1.tlog
c:\users\kevin\source\repos\retro\retrocheck\debug\retrocheck.tlog\metagen.read.1.tlog
c:\users\kevin\source\repos\retro\retrocheck\debug\retrocheck.tlog\metagen.write.1.tlog
c:\users\kevin\source\repos\retro\retrocheck\debug\retrocheck.tlog\rc.command.1.tlog
c:\users\kevin\source\repos\retro\retrocheck\debug\retrocheck.tlog\rc.read.1.tlog
c:\users\kevin\source\repos\retro\retrocheck\debug\retrocheck.tlog\rc.write.1.tlog
