c:\users\kevin\source\repos\retro\crccalc\debug\crccalc.pch
c:\users\kevin\source\repos\retro\crccalc\debug\vc143.pdb
c:\users\kevin\source\repos\retro\crccalc\debug\stdafx.obj
c:\users\kevin\source\repos\retro\crccalc\debug\crccalc.obj
c:\users\kevin\source\repos\retro\crccalc\debug\assemblyinfo.obj
c:\users\kevin\source\repos\retro\crccalc\debug\.netframework,version=v4.7.2.assemblyattributes.obj
c:\users\kevin\source\repos\retro\debug\crccalc.exe
c:\users\kevin\source\repos\retro\debug\crccalc.pdb
c:\users\kevin\source\repos\retro\crccalc\debug\app.res
c:\users\kevin\source\repos\retro\crccalc\debug\crccalc.tlog\cl.command.1.tlog
c:\users\kevin\source\repos\retro\crccalc\debug\crccalc.tlog\cl.read.1.tlog
c:\users\kevin\source\repos\retro\crccalc\debug\crccalc.tlog\cl.write.1.tlog
c:\users\kevin\source\repos\retro\crccalc\debug\crccalc.tlog\link.command.1.tlog
c:\users\kevin\source\repos\retro\crccalc\debug\crccalc.tlog\link.read.1.tlog
c:\users\kevin\source\repos\retro\crccalc\debug\crccalc.tlog\link.write.1.tlog
c:\users\kevin\source\repos\retro\crccalc\debug\crccalc.tlog\metagen.read.1.tlog
c:\users\kevin\source\repos\retro\crccalc\debug\crccalc.tlog\metagen.write.1.tlog
c:\users\kevin\source\repos\retro\crccalc\debug\crccalc.tlog\rc.command.1.tlog
c:\users\kevin\source\repos\retro\crccalc\debug\crccalc.tlog\rc.read.1.tlog
c:\users\kevin\source\repos\retro\crccalc\debug\crccalc.tlog\rc.write.1.tlog
