../data/2010eve/States.bin
../data/2011eve/States.bin
../data/2012eve/States.bin
../data/2013eve/States.bin
../data/2014eve/States.bin
../data/2015eve/States.bin
../data/2016eve/States.bin
../data/2017eve/States.bin
../data/2018eve/States.bin
O 3 2 1 B S Value N
0 0 0 0 0 0 0.4999270662326603 401215
0 0 0 0 0 1 0.4624282163758758 207224
0 0 0 0 0 2 0.40859328918144244 81995
0 0 0 0 1 0 0.5386802708658374 154174
0 0 0 0 1 1 0.49353667505988563 164465
0 0 0 0 1 2 0.4341349259000478 110932
0 0 0 0 2 0 0.6026828029432288 49811
0 0 0 0 2 1 0.546016852554277 82279
0 0 0 0 2 2 0.4827221796062909 80474
0 0 0 0 3 0 0.7257132665061291 14799
0 0 0 0 3 1 0.6580787225547898 32574
0 0 0 0 3 2 0.5852612954939515 38713
0 0 0 1 0 0 0.8884978800296073 97065
0 0 0 1 0 1 0.829634065149618 44711
0 0 0 1 0 2 0.7531729033493058 17465
0 0 0 1 1 0 0.9487549572847245 36264
0 0 0 1 1 1 0.8798688358533898 32849
0 0 0 1 1 2 0.7933046004926319 20662
0 0 0 1 2 0 1.0532476946274565 11688
0 0 0 1 2 1 0.9661975208541487 15999
0 0 0 1 2 2 0.8683990466949724 13878
0 0 0 1 3 0 1.2526860200043892 3455
0 0 0 1 3 1 1.1392812341149696 6434
0 0 0 1 3 2 1.041795290504069 6637
0 0 1 0 0 0 1.1385789362737624 23664
0 0 1 0 0 1 1.0767740865397337 11036
0 0 1 0 0 2 0.9795365079961396 4542
0 0 1 0 1 0 1.1889294578992586 10115
0 0 1 0 1 1 1.1177241598097676 9457
0 0 1 0 1 2 1.02762520318961 6309
0 0 1 0 2 0 1.258788352274482 3976
0 0 1 0 2 1 1.181754261396655 5421
0 0 1 0 2 2 1.0918196917870093 5031
0 0 1 0 3 0 1.378745154674132 1441
0 0 1 0 3 1 1.2948965318540053 2623
0 0 1 0 3 2 1.199233512548201 2835
0 0 1 1 0 0 1.49481134895697 23052
0 0 1 1 0 1 1.4012557613635948 10458
0 0 1 1 0 2 1.2849304022269215 4249
0 0 1 1 1 0 1.568198410724916 8772
0 0 1 1 1 1 1.466301177761924 7892
0 0 1 1 1 2 1.343040364290606 5161
0 0 1 1 2 0 1.7212776154430538 2828
0 0 1 1 2 1 1.5815844450430412 3942
0 0 1 1 2 2 1.4389656595150566 3661
0 0 1 1 3 0 2.0119241140920128 814
0 0 1 1 3 1 1.8474801961496203 1548
0 0 1 1 3 2 1.6816543462054678 1802
0 1 0 0 0 0 1.3793247345685506 3128
0 1 0 0 0 1 1.3122449114759531 1451
0 1 0 0 0 2 1.2152201593664853 617
0 1 0 0 1 0 1.4332679879935861 1526
0 1 0 0 1 1 1.3523840051991018 1375
0 1 0 0 1 2 1.2564295692732785 902
0 1 0 0 2 0 1.4902181766014926 637
0 1 0 0 2 1 1.4059450976767887 900
0 1 0 0 2 2 1.31408170078591 854
0 1 0 0 3 0 1.6101902163736208 238
0 1 0 0 3 1 1.530018149519391 432
0 1 0 0 3 2 1.4488868797654813 530
0 1 0 1 0 0 1.7922181099864254 8333
0 1 0 1 0 1 1.6964934595777252 3567
0 1 0 1 0 2 1.5723116265813548 1454
0 1 0 1 1 0 1.859648989444329 3271
0 1 0 1 1 1 1.7509043863687843 2664
0 1 0 1 1 2 1.6288737726463338 1734
0 1 0 1 2 0 1.970142360753927 1106
0 1 0 1 2 1 1.846200972922901 1323
0 1 0 1 2 2 1.7288081816020753 1206
0 1 0 1 3 0 2.158153590437542 353
0 1 0 1 3 1 2.016747570438754 525
0 1 0 1 3 2 1.9196532522055225 580
0 1 1 0 0 0 2.011701069861711 4549
0 1 1 0 0 1 1.9168619437494139 2070
0 1 1 0 0 2 1.787882618989334 904
0 1 1 0 1 0 2.0763709078627945 2168
0 1 1 0 1 1 1.964394909706701 1796
0 1 1 0 1 2 1.8216528758764166 1167
0 1 1 0 2 0 2.1809597253128485 930
0 1 1 0 2 1 2.0432050799860746 1053
0 1 1 0 2 2 1.9070453661309232 968
0 1 1 0 3 0 2.280142942321216 457
0 1 1 0 3 1 2.134463917331805 479
0 1 1 0 3 2 2.0089315884920818 556
0 1 1 1 0 0 2.350104660948362 6006
0 1 1 1 0 1 2.2156323068712607 2751
0 1 1 1 0 2 2.0655000129380414 1137
0 1 1 1 1 0 2.447304758413701 2295
0 1 1 1 1 1 2.3149515897002937 2053
0 1 1 1 1 2 2.148008103652806 1372
0 1 1 1 2 0 2.604427316918619 745
0 1 1 1 2 1 2.487515773076938 1016
0 1 1 1 2 2 2.297284250616313 928
0 1 1 1 3 0 2.941889738362721 204
0 1 1 1 3 1 2.7379205496314745 377
0 1 1 1 3 2 2.619850478375872 437
1 0 0 0 0 0 0.2655498673749894 287967
1 0 0 0 0 1 0.2384569998588191 148633
1 0 0 0 0 2 0.19985051390091219 60482
1 0 0 0 1 0 0.29424500585079577 112081
1 0 0 0 1 1 0.2606937413457474 119127
1 0 0 0 1 2 0.21762137181439084 81721
1 0 0 0 2 0 0.33928015790510807 37261
1 0 0 0 2 1 0.3004735736710723 60531
1 0 0 0 2 2 0.2518880206622917 60706
1 0 0 0 3 0 0.4200985886070785 11075
1 0 0 0 3 1 0.376854515737658 24190
1 0 0 0 3 2 0.324370044698585 29579
1 0 0 1 0 0 0.5272000643642423 115566
1 0 0 1 0 1 0.47671529493093684 53417
1 0 0 1 0 2 0.4110691759942336 21111
1 0 0 1 1 0 0.5721104272242511 44374
1 0 0 1 1 1 0.5115954830670961 40404
1 0 0 1 1 2 0.44047041590097247 25893
1 0 0 1 2 0 0.6477846413546731 14580
1 0 0 1 2 1 0.576032536379409 20056
1 0 0 1 2 2 0.4945404092097839 17919
1 0 0 1 3 0 0.7807826196854248 4316
1 0 0 1 3 1 0.7040398625217462 8010
1 0 0 1 3 2 0.6216113623033944 8385
1 0 1 0 0 0 0.6850408676387989 41712
1 0 1 0 0 1 0.62396742420311 19764
1 0 1 0 0 2 0.5419655042780213 8152
1 0 1 0 1 0 0.7318849266951489 18957
1 0 1 0 1 1 0.662008164830294 17343
1 0 1 0 1 2 0.5705442294699784 11578
1 0 1 0 2 0 0.7957539236222938 8062
1 0 1 0 2 1 0.717623430919067 10170
1 0 1 0 2 2 0.6263926068235672 9379
1 0 1 0 3 0 0.8747230711644989 3523
1 0 1 0 3 1 0.8009177018553468 4965
1 0 1 0 3 2 0.7258254386177062 5390
1 0 1 1 0 0 0.9314994293729562 41103
1 0 1 1 0 1 0.853564365253984 19238
1 0 1 1 0 2 0.7383451415729249 7789
1 0 1 1 1 0 1.0073588574682524 16314
1 0 1 1 1 1 0.9153919327338981 14940
1 0 1 1 1 2 0.7953166339725186 9535
1 0 1 1 2 0 1.1223531789316572 5499
1 0 1 1 2 1 1.0196974911813739 7721
1 0 1 1 2 2 0.8889777978101449 6921
1 0 1 1 3 0 1.3495086244234857 1642
1 0 1 1 3 1 1.228803038643875 3226
1 0 1 1 3 2 1.0985838543289164 3558
1 1 0 0 0 0 0.9644500891495522 13604
1 1 0 0 0 1 0.8824313795885762 5924
1 1 0 0 0 2 0.7514638470781887 2378
1 1 0 0 1 0 1.0082884896581499 6405
1 1 0 0 1 1 0.9178613895344493 5347
1 1 0 0 1 2 0.792740012159646 3480
1 1 0 0 2 0 1.0681112471013616 2916
1 1 0 0 2 1 0.9764995516933606 3258
1 1 0 0 2 2 0.8560834601145833 2975
1 1 0 0 3 0 1.1332574760807412 1372
1 1 0 0 3 1 1.0509864176110064 1627
1 1 0 0 3 2 0.9415679786534352 1738
1 1 0 1 0 0 1.1850033151718127 18352
1 1 0 1 0 1 1.095979157625103 8066
1 1 0 1 0 2 0.9593396740350576 3203
1 1 0 1 1 0 1.2391811755390518 7172
1 1 0 1 1 1 1.1507996176748199 6148
1 1 0 1 1 2 1.0109260435845748 3766
1 1 0 1 2 0 1.3288727473015876 2437
1 1 0 1 2 1 1.219214981054217 3068
1 1 0 1 2 2 1.074404171418632 2648
1 1 0 1 3 0 1.4709007894309858 810
1 1 0 1 3 1 1.360698389744823 1202
1 1 0 1 3 2 1.2413824728341902 1316
1 1 1 0 0 0 1.4103656919377665 11387
1 1 1 0 0 1 1.2726603740942488 4599
1 1 1 0 0 2 1.0936778292749223 1905
1 1 1 0 1 0 1.4820149640750073 5936
1 1 1 0 1 1 1.334219799547548 4260
1 1 1 0 1 2 1.155841342649405 2732
1 1 1 0 2 0 1.5584824622105442 3107
1 1 1 0 2 1 1.4051943833058569 2488
1 1 1 0 2 2 1.2367193264648777 2270
1 1 1 0 3 0 1.612179852299544 2061
1 1 1 0 3 1 1.508117418924207 1189
1 1 1 0 3 2 1.3494322336376587 1296
1 1 1 1 0 0 1.590597147795466 14601
1 1 1 1 0 1 1.4514402267978859 6764
1 1 1 1 0 2 1.2725450105268101 2878
1 1 1 1 1 0 1.696741195936687 5642
1 1 1 1 1 1 1.5449205256020504 5064
1 1 1 1 1 2 1.3547773963108962 3392
1 1 1 1 2 0 1.8716253528640268 1857
1 1 1 1 2 1 1.6987509521198374 2582
1 1 1 1 2 2 1.502527697517904 2339
1 1 1 1 3 0 2.186846113134386 549
1 1 1 1 3 1 1.974545736331034 1015
1 1 1 1 3 2 1.8065183372232605 1113
2 0 0 0 0 0 0.10043730398264024 227978
2 0 0 0 0 1 0.08252127828621167 115951
2 0 0 0 0 2 0.05813291524447859 47325
2 0 0 0 1 0 0.11727557164814777 90970
2 0 0 0 1 1 0.09645731098097717 95463
2 0 0 0 1 2 0.06940257092348975 64861
2 0 0 0 2 0 0.14050043142217877 31230
2 0 0 0 2 1 0.11881165005611949 49932
2 0 0 0 2 2 0.08853247326356155 49636
2 0 0 0 3 0 0.18011781333908533 9574
2 0 0 0 3 1 0.15796479552931214 20866
2 0 0 0 3 2 0.12764541195930862 25758
2 0 0 1 0 0 0.22454845327107756 117009
2 0 0 1 0 1 0.18474750821647237 54005
2 0 0 1 0 2 0.1318599291566832 21629
2 0 0 1 1 0 0.25689752852126263 44689
2 0 0 1 1 1 0.21316150685265553 41539
2 0 0 1 1 2 0.15699204909999423 26725
2 0 0 1 2 0 0.30201444390171456 14905
2 0 0 1 2 1 0.2546262727014949 21073
2 0 0 1 2 2 0.1939209816366597 18755
2 0 0 1 3 0 0.36905687467602327 4503
2 0 0 1 3 1 0.3315454311750417 8680
2 0 0 1 3 2 0.2735353604031191 9196
2 0 1 0 0 0 0.32366276082453793 52178
2 0 1 0 0 1 0.2712693852109001 24373
2 0 1 0 0 2 0.19459560854213878 10153
2 0 1 0 1 0 0.3602413825834055 25540
2 0 1 0 1 1 0.30087928438325795 22499
2 0 1 0 1 2 0.2216896093959727 15216
2 0 1 0 2 0 0.39619875310570557 11758
2 0 1 0 2 1 0.3375527899933985 13445
2 0 1 0 2 2 0.26567017986633573 12906
2 0 1 0 3 0 0.4288412855193832 5954
2 0 1 0 3 1 0.38697137473504195 6483
2 0 1 0 3 2 0.32766831350940295 7649
2 0 1 1 0 0 0.43638445649705915 50689
2 0 1 1 0 1 0.3634782187186798 24246
2 0 1 1 0 2 0.2538299960526102 9951
2 0 1 1 1 0 0.49617522482491255 20209
2 0 1 1 1 1 0.4170816676288749 19264
2 0 1 1 1 2 0.30467658877365816 12906
2 0 1 1 2 0 0.570572835398822 7020
2 0 1 1 2 1 0.48927743020318554 10132
2 0 1 1 2 2 0.3741854672154707 9607
2 0 1 1 3 0 0.6764810044568514 2160
2 0 1 1 3 1 0.6101775077449555 4259
2 0 1 1 3 2 0.5141497082982338 4809
2 1 0 0 0 0 0.36560189778877794 22331
2 1 0 0 0 1 0.31140961373780657 10017
2 1 0 0 0 2 0.22820671899582484 4157
2 1 0 0 1 0 0.3967944149003177 10817
2 1 0 0 1 1 0.3383484607972108 9284
2 1 0 0 1 2 0.2585019295068458 6158
2 1 0 0 2 0 0.4309330450884226 4866
2 1 0 0 2 1 0.3772690090560301 5677
2 1 0 0 2 2 0.29478986451444245 5330
2 1 0 0 3 0 0.4715195446778667 2351
2 1 0 0 3 1 0.43406389736536044 2845
2 1 0 0 3 2 0.3696645624699192 3230
2 1 0 1 0 0 0.4918974454748715 24987
2 1 0 1 0 1 0.41607922632421057 11250
2 1 0 1 0 2 0.30076269583367576 4472
2 1 0 1 1 0 0.544393857289363 10134
2 1 0 1 1 1 0.4671247683072539 9125
2 1 0 1 1 2 0.34343293217040105 5720
2 1 0 1 2 0 0.6009643053653168 3571
2 1 0 1 2 1 0.545721143314048 4715
2 1 0 1 2 2 0.42215363780715603 4057
2 1 0 1 3 0 0.6911257413588613 1257
2 1 0 1 3 1 0.6385412610218817 2046
2 1 0 1 3 2 0.5360315670398929 2101
2 1 1 0 0 0 0.5764877142318764 12609
2 1 1 0 0 1 0.4797881722197103 5717
2 1 1 0 0 2 0.33004909847269814 2479
2 1 1 0 1 0 0.6433120507087277 6709
2 1 1 0 1 1 0.5303432581550765 5468
2 1 1 0 1 2 0.3933167734909077 3850
2 1 1 0 2 0 0.7060662510846857 3435
2 1 1 0 2 1 0.5758369091235965 3468
2 1 1 0 2 2 0.4555573044086082 3456
2 1 1 0 3 0 0.7606285799025019 1996
2 1 1 0 3 1 0.6697451636278552 1698
2 1 1 0 3 2 0.5491813231548754 2087
2 1 1 1 0 0 0.7531285200271485 17793
2 1 1 1 0 1 0.6123946558284851 8766
2 1 1 1 0 2 0.43822757393066514 3779
2 1 1 1 1 0 0.8897724657412152 6985
2 1 1 1 1 1 0.7295610984255468 6913
2 1 1 1 1 2 0.545399115465394 4770
2 1 1 1 2 0 1.0784530043920155 2371
2 1 1 1 2 1 0.9135758694800231 3477
2 1 1 1 2 2 0.6989005444038241 3361
2 1 1 1 3 0 1.411994437457224 709
2 1 1 1 3 1 1.2268883882140542 1413
2 1 1 1 3 2 1.013260710575914 1639
