ID N Value stdev(Transitions)
0 0 0 0 44807 0.5273769944906235 0.11564173453344061
0 0 0 1 18281 0.4773860862478614 0.14459548473256748
0 0 0 2 4303 0.3973643025383353 0.1494823601114037
0 0 0 1 5061 0.5172294331714511 0.1437150910280718
0 0 0 2 4456 0.44929968286305666 0.1436466543267916
0 0 0 2 994 0.5064383717253804 0.14757844897774605
0 0 1 0 16701 0.5683711180463433 0.14184512499432245
0 0 1 1 13239 0.5090546747669578 0.15880033966444063
0 0 1 2 5426 0.416998035274446 0.1652231956005249
0 0 1 1 4806 0.5484974086284637 0.15690570153965594
0 0 1 2 6009 0.480968015268445 0.1661380165274569
0 0 1 2 1482 0.538238164037466 0.15662967697227784
0 0 2 0 5487 0.6350743258371949 0.1689734070352435
0 0 2 1 6405 0.566732294857502 0.18248588660465398
0 0 2 2 3817 0.45737476740032434 0.19111219968690715
0 0 2 1 2579 0.6072625946253538 0.17683926603141428
0 0 2 2 4460 0.5332826403900981 0.1921817334674171
0 0 2 2 1188 0.5927498396486044 0.18472997311322004
0 0 3 0 1622 0.7700375691056252 0.12591402359026113
0 0 3 1 2816 0.6884435936808586 0.23010688167907367
0 0 3 2 1954 0.5615571867674589 0.27940490236577525
0 0 3 1 841 0.7253688676282763 0.22072212854906237
0 0 3 2 2163 0.6622190112248063 0.2507464836058448
0 0 3 2 557 0.6921242419630289 0.23756876900336865
0 1 0 0 10876 0.9280157191678882 0.2163514822599343
0 1 0 1 3848 0.8570527927950025 0.2616039892559733
0 1 0 2 871 0.7428275952115655 0.2839598766040667
0 1 0 1 1441 0.9057526784017682 0.2724513095776783
0 1 0 2 1058 0.8181947711855173 0.2901539024354962
0 1 0 2 312 0.8890206534415483 0.2983524785153284
0 1 1 0 4029 0.9805745966732502 0.2634495217765193
0 1 1 1 2660 0.899688808247447 0.27836313516817995
0 1 1 2 943 0.7549204612150788 0.2936522821872779
0 1 1 1 1167 0.9530572639778256 0.29301030625598073
0 1 1 2 1283 0.8314237929880619 0.3124306155241829
0 1 1 2 378 0.9299761112779379 0.30272838754355286
0 1 2 0 1260 1.0712871495634317 0.2874713971362897
0 1 2 1 1250 0.9688181905075908 0.30561218149126207
0 1 2 2 616 0.8143763691186905 0.32318099210452245
0 1 2 1 581 1.0343301463872194 0.3162261287951633
0 1 2 2 878 0.9122496172785759 0.3161911830670688
0 1 2 2 274 1.0743796732276678 0.3397603699954692
0 1 3 0 411 1.2580186296254396 0.2237998154859561
0 1 3 1 582 1.1420477079227567 0.39187066325184045
0 1 3 2 334 0.9885465502738953 0.45339150387654237
0 1 3 1 166 1.1505437027662992 0.44717719564324326
0 1 3 2 416 1.072364665567875 0.4203017853591174
0 1 3 2 124 1.1907499860972166 0.4074831013557087
0 2 0 0 3096 1.170822862535715 0.17371916032365542
0 2 0 1 1042 1.0866379020735621 0.20476000766744354
0 2 0 2 256 0.9289508294314146 0.19792211962063555
0 2 0 1 457 1.1358170313760638 0.19268814124225186
0 2 0 2 322 1.0379171408712864 0.20419474307881258
0 2 0 2 93 1.130847197957337 0.19758482743747435
0 2 1 0 1279 1.2220300799235702 0.20359524921387434
0 2 1 1 833 1.1248177010565996 0.19702818367796698
0 2 1 2 317 0.9426856925711036 0.24727316250043482
0 2 1 1 409 1.1601605750620365 0.19799868380694208
0 2 1 2 433 1.0759429335594177 0.24250752430108827
0 2 1 2 161 1.1430658465251327 0.19454207595760734
0 2 2 0 530 1.302530849352479 0.22293684246190243
0 2 2 1 491 1.1975775230675936 0.23914134136247844
0 2 2 2 253 1.0108879879117012 0.2625671875443805
0 2 2 1 250 1.2163693075999618 0.22580122121702093
0 2 2 2 343 1.1482970109209418 0.26293861278219505
0 2 2 2 131 1.1487747300416231 0.21242379772481595
0 2 3 0 193 1.4123860215768218 0.1360402868063383
0 2 3 1 257 1.3288265550509095 0.2787423862844984
0 2 3 2 174 1.135272504761815 0.35636323719574436
0 2 3 1 94 1.3507909467443824 0.26124098275694874
0 2 3 2 193 1.282331214286387 0.3219586250730595
0 2 3 2 69 1.2551668034866452 0.2740426527711066
0 3 0 0 2695 1.5317860031500459 0.2638167906892188
0 3 0 1 886 1.4026929829269648 0.3066632029671934
0 3 0 2 193 1.202127861790359 0.2837411150277999
0 3 0 1 400 1.4932900862768292 0.2753534849738206
0 3 0 2 244 1.3096337718889117 0.3059287900910726
0 3 0 2 82 1.3644082741811872 0.28895382386092583
0 3 1 0 1035 1.6158149046823382 0.3243873505622569
0 3 1 1 661 1.5033704936504364 0.3333676041556429
0 3 1 2 228 1.3008718183264136 0.33939789153065825
0 3 1 1 337 1.510057388804853 0.30568209912107847
0 3 1 2 306 1.3406203230842948 0.3133765856247408
0 3 1 2 117 1.3988674683496356 0.3807777031984182
0 3 2 0 338 1.7920034490525723 0.36117106601608173
0 3 2 1 325 1.6148830456659198 0.41218664511341646
0 3 2 2 170 1.3569579338654876 0.33229379585883423
0 3 2 1 164 1.5989237139001489 0.40586300093085237
0 3 2 2 204 1.4515859745442867 0.37827492231631415
0 3 2 2 81 1.528860492631793 0.3212605245441737
0 3 3 0 113 2.031291414052248 0.2996681630293678
0 3 3 1 144 1.9181127538904548 0.5114248673638165
0 3 3 2 83 1.5789592545479536 0.55202091278593
0 3 3 1 55 1.8509017927572131 0.5100991226295488
0 3 3 2 95 1.7325863111764193 0.5274930203371202
0 3 3 2 38 1.6908287703990936 0.5770979753139899
0 4 0 0 290 1.4228623546659946 0.2977362007933006
0 4 0 1 96 1.3379163136705756 0.26804350281125366
0 4 0 2 17 1.211817106232047 0.2829847761331872
0 4 0 1 46 1.4164498131722212 0.3202925081322654
0 4 0 2 36 1.270658316090703 0.2154028039088707
0 4 0 2 7 1.222198262810707 0.05970493348059955
0 4 1 0 131 1.4651085725054145 0.29313073452842253
0 4 1 1 105 1.350527704693377 0.2963029166582707
0 4 1 2 38 1.188311206176877 0.2475919062419269
0 4 1 1 48 1.4500297484919429 0.40074784020922943
0 4 1 2 51 1.3625028980895877 0.32524772923228323
0 4 1 2 13 1.3106113029643893 0.196178733439368
0 4 2 0 61 1.5167655237019062 0.3672779380533187
0 4 2 1 81 1.4310121471062303 0.35164560422933994
0 4 2 2 32 1.2806104188784957 0.3084188713650262
0 4 2 1 31 1.4776627160608768 0.35325156185102763
0 4 2 2 53 1.4680201588198543 0.34481152496841244
0 4 2 2 12 1.2657033735886216 0.11364960821527301
0 4 3 0 24 1.7262590480968356 0.2940549409189344
0 4 3 1 39 1.5165094314143062 0.39777500773181856
0 4 3 2 27 1.4501063106581569 0.516059302497618
0 4 3 1 17 1.6021914668381214 0.3779579827901588
0 4 3 2 39 1.6005454072728753 0.4856313902743906
0 4 3 2 10 1.4512481540441513 0.2508391248333375
0 5 0 0 940 1.8624490071088076 0.3763424810144692
0 5 0 1 292 1.783517524600029 0.40119492816562047
0 5 0 2 56 1.6071143122389913 0.2551100175111312
0 5 0 1 151 1.8699144879356027 0.4641381836380038
0 5 0 2 66 1.600828799419105 0.3602618443591841
0 5 0 2 43 1.7337173037230968 0.3085167478757531
0 5 1 0 324 1.8845722246915102 0.42100916579895226
0 5 1 1 223 1.8143060244619846 0.39617100507706604
0 5 1 2 60 1.5950621776282787 0.44539149473149703
0 5 1 1 110 1.8527895053848624 0.4354157241501952
0 5 1 2 106 1.7055925205349922 0.31820679918235095
0 5 1 2 47 1.836753566749394 0.4889199720639843
0 5 2 0 97 1.931681338697672 0.5481751909035263
0 5 2 1 100 1.9058835860341787 0.4726079410241134
0 5 2 2 43 1.7159099830314517 0.435918887914667
0 5 2 1 41 1.899609999731183 0.5542171966698344
0 5 2 2 78 1.819528415799141 0.5051326395259481
0 5 2 2 25 1.8481274284422398 0.5907706717937808
0 5 3 0 27 2.1968682995066047 0.42539830171309806
0 5 3 1 42 2.090257783420384 0.5476698997000808
0 5 3 2 22 1.844407919794321 0.6502718267322921
0 5 3 1 16 2.110008930787444 0.45440727147328625
0 5 3 2 34 2.0234816363081336 0.5317895624689096
0 5 3 2 12 2.218390611000359 0.7148255937760509
0 6 0 0 561 1.998317108489573 0.33228418102838225
0 6 0 1 182 1.895154763944447 0.33603405705325107
0 6 0 2 44 1.6252008816227317 0.20084305728255097
0 6 0 1 77 1.9671817747876048 0.30824113751913157
0 6 0 2 68 1.8786766976118088 0.3521807671843521
0 6 0 2 11 1.9381282795220613 0.25393972698203804
0 6 1 0 258 2.064859116449952 0.38748695948508555
0 6 1 1 160 1.9927161019295454 0.34997169954250434
0 6 1 2 54 1.7102887462824583 0.2184489207246132
0 6 1 1 87 1.9647954907268286 0.3707195257453568
0 6 1 2 83 1.8797158785164356 0.39566502403318604
0 6 1 2 29 1.883984412997961 0.4721635318461711
0 6 2 0 97 2.17879259865731 0.40767830004931327
0 6 2 1 90 2.006870687007904 0.38414463137559285
0 6 2 2 48 1.7397050447762012 0.3053522378625516
0 6 2 1 47 1.995810423977673 0.43918791823003345
0 6 2 2 59 1.9841188108548522 0.3254203109076854
0 6 2 2 18 1.8888265108689666 0.502157065215536
0 6 3 0 46 2.276159626431763 0.25007507272493773
0 6 3 1 48 2.1327416701242328 0.4875259171107089
0 6 3 2 25 1.86992362793535 0.4416718228481833
0 6 3 1 21 2.2606177739799023 0.612481297691797
0 6 3 2 43 2.1226853877305984 0.46328993185526046
0 6 3 2 11 2.285928483121097 0.46142492076139463
0 7 0 0 747 2.3278761450201273 0.39931609078211827
0 7 0 1 246 2.1603557718917727 0.38457245876322194
0 7 0 2 61 1.9701171545311809 0.36410342110419397
0 7 0 1 114 2.39674184191972 0.39109020629703856
0 7 0 2 62 2.0918039875105023 0.41980969638682075
0 7 0 2 23 2.3153793131932616 0.49975055294654674
0 7 1 0 282 2.4122468596324325 0.42825968402910214
0 7 1 1 197 2.290031600743532 0.47132411566045995
0 7 1 2 63 2.0748797012493014 0.27030904757090074
0 7 1 1 105 2.3802909506484866 0.5459985313957174
0 7 1 2 88 2.190038821659982 0.42707705520941797
0 7 1 2 32 2.519844790920615 0.4433282809598658
0 7 2 0 94 2.5954006277024746 0.544678622136487
0 7 2 1 92 2.3946324195712805 0.4928949460975102
0 7 2 2 48 2.1214009700343013 0.3922599549122526
0 7 2 1 46 2.405963897705078 0.4660676407142518
0 7 2 2 70 2.334131345152855 0.5783000732183373
0 7 2 2 22 2.608361914753914 0.41196337253147197
0 7 3 0 30 2.9009636407718062 0.5627952263424194
0 7 3 1 39 2.7006698586046696 0.8277745798333525
0 7 3 2 22 2.2884976509958506 0.7838126330313784
0 7 3 1 16 2.4814041163772345 0.7842187976176146
0 7 3 2 34 2.665728277526796 0.6505559121925595
0 7 3 2 13 2.4511010898277164 0.8929569725497719
1 0 0 0 32327 0.28408387675881386 0.07791878254262026
1 0 0 1 13156 0.24923479929566383 0.0974296554417145
1 0 0 2 3222 0.19302359502762556 0.11213522929219887
1 0 0 1 3637 0.27768982760608196 0.0970946161118283
1 0 0 2 3258 0.22709844261407852 0.10251650475486128
1 0 0 2 672 0.26965401973575354 0.10053153353676278
1 0 1 0 12288 0.31253977306187153 0.09759626632355212
1 0 1 1 9608 0.26933096162974834 0.1076707508568882
1 0 1 2 3960 0.2024177024140954 0.11113272965154262
1 0 1 1 3569 0.30335705168545246 0.11114235264814439
1 0 1 2 4361 0.2477778336033225 0.11544768918952517
1 0 1 2 1075 0.2853617249056697 0.10703581034383793
1 0 2 0 4015 0.3561637084931135 0.11525059384903485
1 0 2 1 4771 0.3072602292522788 0.12427481553188036
1 0 2 2 2837 0.23219730611890554 0.13163422086397011
1 0 2 1 1981 0.3392897732555866 0.12111598157117741
1 0 2 2 3259 0.2841439349576831 0.13172155952941092
1 0 2 2 930 0.31672612112015486 0.12354019493786196
1 0 3 0 1168 0.44663038942962885 0.09759447789075228
1 0 3 1 2117 0.3927942914888263 0.15884152850615796
1 0 3 2 1516 0.2938222987577319 0.19316995746707316
1 0 3 1 604 0.40667503606528044 0.15549405043554027
1 0 3 2 1607 0.35838659945875406 0.1694326057780535
1 0 3 2 428 0.37796312011778355 0.16354678882074616
1 1 0 0 13285 0.5564448153600097 0.16195051762926102
1 1 0 1 4811 0.4872156325727701 0.19327076865945117
1 1 0 2 1089 0.39279454853385687 0.19601613298066897
1 1 0 1 1729 0.5435238592326641 0.19633126859110095
1 1 0 2 1340 0.4454013369977474 0.20231886057869736
1 1 0 2 352 0.5378488516435027 0.20267635823954652
1 1 1 0 4893 0.6046546548604965 0.19885010702706613
1 1 1 1 3255 0.5195461437106133 0.22081729901861535
1 1 1 2 1193 0.4116315729916096 0.20950599952348925
1 1 1 1 1470 0.5792947094887495 0.2116883840753958
1 1 1 2 1575 0.4857120281085372 0.22171734388700234
1 1 1 2 453 0.5774464113637805 0.22088437883548614
1 1 2 0 1591 0.6744201481342316 0.21567659625052268
1 1 2 1 1582 0.5883119218051434 0.23093680501583247
1 1 2 2 773 0.46373667661100626 0.25117349894765606
1 1 2 1 741 0.6266299095004797 0.23369996817831115
1 1 2 2 1065 0.5655186576768756 0.25604306733483917
1 1 2 2 335 0.6333566727116704 0.27277689639899866
1 1 3 0 469 0.8205893719568849 0.17887255597119667
1 1 3 1 715 0.7258112374693155 0.271735175070496
1 1 3 2 419 0.5856794519349933 0.3326770475792157
1 1 3 1 226 0.7422714680433273 0.2757138073518386
1 1 3 2 527 0.6772115398198366 0.30231489006847656
1 1 3 2 161 0.7246014643460512 0.2677728894032707
1 2 0 0 4629 0.7136904150247574 0.14014515805930233
1 2 0 1 1685 0.6473962031304836 0.1516784091453641
1 2 0 2 415 0.49030504561960697 0.11800959923731973
1 2 0 1 647 0.6971662156283855 0.16671697767867497
1 2 0 2 461 0.606385993771255 0.14776425217880523
1 2 0 2 145 0.6982267191633582 0.16860337999481334
1 2 1 0 1970 0.763828624971211 0.1633143542987949
1 2 1 1 1419 0.682507018558681 0.16205923520486004
1 2 1 2 555 0.5396733647212386 0.17679229187784454
1 2 1 1 596 0.7262113718315959 0.18807581132818052
1 2 1 2 672 0.6030200282111764 0.16844049763666483
1 2 1 2 197 0.7044921796768904 0.17551057249922
1 2 2 0 758 0.8187700370326638 0.1772518691730079
1 2 2 1 802 0.7459669495001435 0.18938290523209536
1 2 2 2 423 0.6131721418350935 0.19133291038198058
1 2 2 1 341 0.8119295137003064 0.200436535596276
1 2 2 2 516 0.6669369777664542 0.20138925558446874
1 2 2 2 167 0.735741313546896 0.195768350448929
1 2 3 0 312 0.9072168292477727 0.11706781378224287
1 2 3 1 414 0.8290902599692345 0.207596279352429
1 2 3 2 254 0.7047769986093044 0.2768664524564685
1 2 3 1 136 0.8827710831537843 0.2062793437959599
1 2 3 2 311 0.8145301900804043 0.24676195068666665
1 2 3 2 86 0.8378911409527063 0.2266563022343171
1 3 0 0 4731 0.9752492625266314 0.2342881766421761
1 3 0 1 1688 0.8602643087506294 0.24760678587908647
1 3 0 2 397 0.6804048614576459 0.23062481059712986
1 3 0 1 609 0.9730485146865249 0.2795117110198263
1 3 0 2 472 0.8508222820237279 0.2360435596211653
1 3 0 2 128 0.9637660663574934 0.23776377515275288
1 3 1 0 1741 1.0654422361403704 0.2891201287951637
1 3 1 1 1166 0.9089412866160274 0.24874170558642028
1 3 1 2 440 0.7479791836813092 0.2655677714092346
1 3 1 1 536 1.0759682916104794 0.2940800647223339
1 3 1 2 598 0.8732711905613542 0.2711421016208899
1 3 1 2 169 1.019124360755086 0.29284920039896395
1 3 2 0 594 1.2024665288627148 0.3337997705120779
1 3 2 1 565 0.9938523797318339 0.3301243245628039
1 3 2 2 308 0.803789428435266 0.28651684799633154
1 3 2 1 278 1.1506424564868212 0.3516030712238584
1 3 2 2 380 0.9344389466568828 0.3174754613450891
1 3 2 2 120 1.133647789247334 0.33555022065375883
1 3 3 0 193 1.3871167656034231 0.282902879438025
1 3 3 1 253 1.249479110352695 0.42277035867039003
1 3 3 2 170 0.9482109602540731 0.5044451497622209
1 3 3 1 84 1.2687478633597493 0.48708264887477143
1 3 3 2 184 1.0883036917075515 0.4257817583561546
1 3 3 2 51 1.1633178796619177 0.4685183501828386
1 4 0 0 1383 0.9725962122902274 0.2302342734142093
1 4 0 1 459 0.8408651370555162 0.20836748518496032
1 4 0 2 130 0.6471520774066448 0.1697280708388581
1 4 0 1 208 0.9939070036634803 0.26813877868266195
1 4 0 2 144 0.8211614117026329 0.18483535238735815
1 4 0 2 50 0.9724378967657685 0.20174176885636955
1 4 1 0 612 1.0194045715034008 0.2610763322514951
1 4 1 1 333 0.866022857837379 0.2274272751330258
1 4 1 2 136 0.6406913893297315 0.17966340918261278
1 4 1 1 210 1.0179113382473588 0.22912887245994787
1 4 1 2 203 0.775761772878468 0.22420725940690941
1 4 1 2 83 0.9491336336359382 0.26841329069203357
1 4 2 0 256 1.0527241630479693 0.270380814483209
1 4 2 1 191 0.8988979468122125 0.27204047160732187
1 4 2 2 109 0.6298402054235339 0.20029195045327788
1 4 2 1 121 0.9936693059280515 0.2996642103474613
1 4 2 2 151 0.8436064785346389 0.26831293337965606
1 4 2 2 63 0.9471062310039997 0.2709458696356542
1 4 3 0 125 1.1455156924203038 0.2776059495557722
1 4 3 1 119 1.0199432279914618 0.29006295412750255
1 4 3 2 79 0.7651716321706772 0.35705289814693864
1 4 3 1 53 1.0584026305004954 0.3113778428073524
1 4 3 2 98 0.9856980945914984 0.31207586777575425
1 4 3 2 32 1.0291949454694986 0.3607620417956373
1 5 0 0 2094 1.2112854067236185 0.30865285039520973
1 5 0 1 612 1.090185796841979 0.29975589769996186
1 5 0 2 127 0.8530138023197651 0.2557851939841009
1 5 0 1 367 1.1905708350241184 0.3536825941039534
1 5 0 2 201 1.0841245213523507 0.296507092300524
1 5 0 2 82 1.1248071156442165 0.3901272718897561
1 5 1 0 743 1.2920787688344717 0.3686229540044138
1 5 1 1 423 1.1570403315126896 0.37387037288605324
1 5 1 2 124 0.8589603677392006 0.24093402535269956
1 5 1 1 266 1.2533510653302073 0.33857475926871344
1 5 1 2 200 1.0442439774051309 0.35504913165791546
1 5 1 2 107 1.208492647856474 0.3085361068820088
1 5 2 0 262 1.4077417440712452 0.3687305006892212
1 5 2 1 234 1.2525056079030037 0.3897043305027068
1 5 2 2 101 0.9326431741937995 0.274641564048873
1 5 2 1 143 1.3516769502311945 0.4443284087807956
1 5 2 2 158 1.190138302743435 0.3834423105529757
1 5 2 2 65 1.2610412761569023 0.4284521911845125
1 5 3 0 73 1.6040709856897593 0.3075237584992014
1 5 3 1 88 1.5049875527620316 0.4927096017744478
1 5 3 2 43 1.0845091557130218 0.48504973095723464
1 5 3 1 40 1.451838013716042 0.4439091076117299
1 5 3 2 67 1.4169428944587708 0.47539502849790155
1 5 3 2 32 1.3654882973060012 0.4263199325334242
1 6 0 0 1288 1.4263125779107213 0.2968260703680759
1 6 0 1 422 1.2927822722122073 0.2968399011576104
1 6 0 2 102 1.0249386252835393 0.27429260138161476
1 6 0 1 205 1.3829186614602804 0.37431339793416
1 6 0 2 130 1.2401230689138174 0.3118833015266061
1 6 0 2 43 1.2778528556227684 0.366072459835898
1 6 1 0 596 1.4876839593052864 0.37178481860999485
1 6 1 1 331 1.3207692187279463 0.3038658553919955
1 6 1 2 144 1.069284476339817 0.24760315941682276
1 6 1 1 192 1.5240684458985925 0.4027496281236017
1 6 1 2 184 1.2980605466291308 0.3021151481594819
1 6 1 2 79 1.4611270306631923 0.4371824769209846
1 6 2 0 271 1.545664792880416 0.37785726605240194
1 6 2 1 189 1.3613343760371208 0.36448562055211015
1 6 2 2 112 1.0255831573158503 0.3083002311163034
1 6 2 1 90 1.5578302424401045 0.4750384583072676
1 6 2 2 147 1.3337704362347722 0.39777980368964094
1 6 2 2 46 1.5247425977140665 0.404368363129786
1 6 3 0 150 1.62122259195894 0.21315708142479484
1 6 3 1 107 1.5035608289763331 0.4138263358973627
1 6 3 2 50 1.2343705696985126 0.462916458240272
1 6 3 1 39 1.6932519590482116 0.4879471031492313
1 6 3 2 68 1.448511615395546 0.4479224431138232
1 6 3 2 26 1.6640027184039354 0.5105498573972777
1 7 0 0 1618 1.6542770192027092 0.3638418516643941
1 7 0 1 556 1.4781623724848032 0.3656646119944169
1 7 0 2 124 1.218601648695767 0.3372496953145968
1 7 0 1 231 1.5870905555784702 0.39095191823346587
1 7 0 2 171 1.260495170019567 0.3748547473981103
1 7 0 2 44 1.37176360655576 0.516926103819389
1 7 1 0 633 1.7601360939443111 0.4480457058121783
1 7 1 1 397 1.5422506434842944 0.41397635868040256
1 7 1 2 148 1.276171376928687 0.35934821255175536
1 7 1 1 207 1.7233724053949118 0.4483965872257472
1 7 1 2 196 1.381672422401607 0.39383954674280097
1 7 1 2 70 1.7294922592118382 0.45616739483969276
1 7 2 0 210 1.9385450640693307 0.5601196619292106
1 7 2 1 189 1.6234101820737123 0.5113466032994423
1 7 2 2 120 1.4217371325939894 0.39708560738972726
1 7 2 1 86 1.8035133490338922 0.6877910339752179
1 7 2 2 129 1.5193153424188495 0.48897679320076837
1 7 2 2 55 1.920551249757409 0.6319251868147608
1 7 3 0 62 2.2993125952780247 0.5268430552646025
1 7 3 1 68 2.0157918855547905 0.6865736377881182
1 7 3 2 57 1.5462144669145346 0.8186045383952397
1 7 3 1 20 2.468249280937016 0.7143994609289837
1 7 3 2 49 1.9251217413693666 0.7234962081290738
1 7 3 2 20 2.307382578961551 0.7550942687259805
2 0 0 0 25700 0.10935795959085226 0.044478387617997245
2 0 0 1 10263 0.08602333534508944 0.05392057739288501
2 0 0 2 2601 0.04694733675569296 0.05473624340224258
2 0 0 1 3058 0.10481979511678219 0.052962159002912707
2 0 0 2 2530 0.0732183177024126 0.05779884680961993
2 0 0 2 561 0.10375788994133472 0.05348589606497053
2 0 1 0 9875 0.12806703988462687 0.05567921878424121
2 0 1 1 7681 0.09876420721411705 0.05893530928682987
2 0 1 2 3208 0.05576335731893778 0.06210452638949883
2 0 1 1 2899 0.12214993312954903 0.06213480806298879
2 0 1 2 3439 0.08567524794489145 0.06126249734402767
2 0 1 2 893 0.10774826817214489 0.05775645940381922
2 0 2 0 3431 0.15128826908767223 0.06494025250931704
2 0 2 1 3964 0.12138727866113186 0.0696074518621103
2 0 2 2 2472 0.0702592758461833 0.070642410875359
2 0 2 1 1660 0.1474317191168666 0.07341350437039142
2 0 2 2 2698 0.10897730849683285 0.07367926102194843
2 0 2 2 749 0.13017725851386786 0.07002511858669412
2 0 3 0 1011 0.19542931485921144 0.0519992821547881
2 0 3 1 1752 0.16962062194943428 0.08500239526991579
2 0 3 2 1332 0.11326198745518923 0.10725860908542377
2 0 3 1 537 0.190209673717618 0.08553645004730036
2 0 3 2 1435 0.15648840554058552 0.09350394200893014
2 0 3 2 348 0.17335902992635965 0.09650947411231926
2 1 0 0 13429 0.24723783507943153 0.09519154511010815
2 1 0 1 4645 0.18912244588136673 0.10859973149178523
2 1 0 2 1073 0.10255091078579426 0.11430861543505004
2 1 0 1 1712 0.24462350364774466 0.1104144156526481
2 1 0 2 1240 0.17493122909218073 0.1135858463883841
2 1 0 2 355 0.2540637468919158 0.11725955504014053
2 1 1 0 5002 0.27655042614787817 0.10946117646959416
2 1 1 1 3303 0.2121932003647089 0.11026292876177181
2 1 1 2 1232 0.12365144025534391 0.12413213109503819
2 1 1 1 1445 0.26467885076999664 0.11852803848753189
2 1 1 2 1551 0.19893015641719103 0.12925326931357406
2 1 1 2 456 0.24469247087836266 0.12989686146732266
2 1 2 0 1660 0.3114361213520169 0.12976691030360338
2 1 2 1 1732 0.2483891099691391 0.12974477209519517
2 1 2 2 906 0.15201529674232006 0.13333361152655981
2 1 2 1 755 0.3046793630346656 0.13890333419578485
2 1 2 2 1151 0.24284981656819582 0.1475335429368173
2 1 2 2 348 0.2719875518232584 0.12875086255494844
2 1 3 0 506 0.40360197704285383 0.10191725715025603
2 1 3 1 789 0.34460650850087404 0.17211564673879978
2 1 3 2 513 0.22014303226023912 0.2117791495100698
2 1 3 1 229 0.3745553204789758 0.17310195321238658
2 1 3 2 583 0.334706143476069 0.1843837743689495
2 1 3 2 157 0.29096907190978527 0.18459047393967784
2 2 0 0 5699 0.3372401911765337 0.09692701574600596
2 2 0 1 2176 0.26543840672820807 0.09652593069907851
2 2 0 2 556 0.16233952436596155 0.1009860447745877
2 2 0 1 691 0.3218265110626817 0.11582294926951554
2 2 0 2 559 0.22205826733261347 0.09813793791604777
2 2 0 2 145 0.2876709373667836 0.10352903928215734
2 2 1 0 2566 0.36519865971058607 0.12090452314694587
2 2 1 1 1806 0.28648008685559034 0.10860410073064539
2 2 1 2 779 0.170447938144207 0.10001740528188338
2 2 1 1 730 0.3537492901086807 0.1358276306554538
2 2 1 2 833 0.25417525693774223 0.11099138634667217
2 2 1 2 243 0.31865452975034714 0.13328807651988459
2 2 2 0 1070 0.40569278690963984 0.13263150493685666
2 2 2 1 1017 0.3138700118288398 0.13590380479511893
2 2 2 2 619 0.18906419724225998 0.1210198033163023
2 2 2 1 425 0.40007200464606285 0.14883789234372607
2 2 2 2 721 0.2937694098800421 0.1451412120349476
2 2 2 2 202 0.33626655023545027 0.13859574157620463
2 2 3 0 462 0.45347525738179684 0.08776844297885411
2 2 3 1 533 0.39897931553423405 0.16922607546232094
2 2 3 2 370 0.2504865825176239 0.21261806447965542
2 2 3 1 168 0.4768560277298093 0.15272498372467885
2 2 3 2 431 0.3802736382931471 0.17615742604457985
2 2 3 2 119 0.3831337923184037 0.18587047826694023
2 3 0 0 5661 0.49787203781306744 0.15134717533511222
2 3 0 1 2068 0.40112592931836843 0.15301179932733072
2 3 0 2 501 0.24329303856939077 0.15777644135185095
2 3 0 1 744 0.49020482040941715 0.1741228959397968
2 3 0 2 543 0.34771844279021025 0.163984463317615
2 3 0 2 148 0.47559339739382267 0.15947309142488736
2 3 1 0 2148 0.5544124469161034 0.17697409738183037
2 3 1 1 1545 0.44162462931126356 0.1744420186880096
2 3 1 2 570 0.26977422647178173 0.1743602697399937
2 3 1 1 638 0.5413177963346243 0.20512874841005507
2 3 1 2 680 0.38185849878937006 0.1944569466781409
2 3 1 2 191 0.503412377089262 0.1916332204219635
2 3 2 0 734 0.5874875243753195 0.22195682051103532
2 3 2 1 804 0.4791210340335965 0.20089188888087292
2 3 2 2 406 0.3229611171409488 0.22155323214891182
2 3 2 1 346 0.6150472220033407 0.2286201828923399
2 3 2 2 486 0.4652778394520283 0.2088954188585192
2 3 2 2 164 0.5337925916537642 0.2533484388301709
2 3 3 0 220 0.6962990062311292 0.17794377089397517
2 3 3 1 340 0.5731529332697392 0.26191328330498653
2 3 3 2 250 0.4751044176518917 0.33848858203106197
2 3 3 1 128 0.6994965700432658 0.25507931017199104
2 3 3 2 259 0.5539462249726057 0.28827932112368737
2 3 3 2 94 0.7205277914181352 0.2515460720703103
2 4 0 0 2328 0.36844711005687714 0.1068781083927596
2 4 0 1 867 0.302926380187273 0.11631285949141075
2 4 0 2 198 0.16177559178322554 0.09052089442395328
2 4 0 1 272 0.363256623968482 0.11802190343329398
2 4 0 2 233 0.2987555032595992 0.11878743338110781
2 4 0 2 71 0.3423955347388983 0.13967146408872297
2 4 1 0 1022 0.4073877837508917 0.13451779943194103
2 4 1 1 725 0.3370845764875412 0.12507640665647562
2 4 1 2 285 0.18403233122080564 0.11012637265175804
2 4 1 1 278 0.41212698072195053 0.1585365604365245
2 4 1 2 344 0.303610666655004 0.13195318069972017
2 4 1 2 94 0.43406873289495707 0.17643993368874172
2 4 2 0 428 0.4622134016826749 0.13633951420395146
2 4 2 1 429 0.3796704635024071 0.14648716805202291
2 4 2 2 255 0.24906690511852503 0.1368591352443944
2 4 2 1 184 0.47236531507223845 0.1661626828051413
2 4 2 2 300 0.35222394950687885 0.15198652503247453
2 4 2 2 93 0.48887336160987616 0.16567008131223654
2 4 3 0 182 0.5146397389471531 0.08723552282238083
2 4 3 1 200 0.4475902831181884 0.17278792954644123
2 4 3 2 145 0.3256805995479226 0.21911659296285643
2 4 3 1 55 0.49432430136948824 0.15735582307242996
2 4 3 2 178 0.4195286864414811 0.2048372686699576
2 4 3 2 40 0.3802953492850065 0.227790760990695
2 5 0 0 2917 0.5449855141341686 0.1680743806032573
2 5 0 1 992 0.4091386692598462 0.16267165395199853
2 5 0 2 200 0.24983525928109884 0.1518789026045733
2 5 0 1 389 0.5453853504732251 0.21195933652278454
2 5 0 2 292 0.37696787901222706 0.1813575291805082
2 5 0 2 69 0.5639589680358768 0.25216370630641904
2 5 1 0 1102 0.6205261312425137 0.2021082005018573
2 5 1 1 696 0.46795329824090004 0.18402978418697655
2 5 1 2 235 0.25980645418167114 0.13664067750668588
2 5 1 1 318 0.6318467454984784 0.21719832467230524
2 5 1 2 293 0.4072970310226083 0.19341244632783716
2 5 1 2 92 0.6015648087486625 0.18580119596388653
2 5 2 0 376 0.6979382513090968 0.23383029245904716
2 5 2 1 363 0.5370135642588139 0.21952999823920596
2 5 2 2 148 0.26527354028075933 0.2086328328807812
2 5 2 1 172 0.689856855198741 0.27499316714219124
2 5 2 2 223 0.5119122285395861 0.2572229666525996
2 5 2 2 61 0.5879730163142085 0.27156729478555935
2 5 3 0 132 0.7931119846180081 0.16507665782515843
2 5 3 1 176 0.6509936852380633 0.28270603266187244
2 5 3 2 83 0.42287252005189657 0.3337331715056544
2 5 3 1 64 0.8533253557980061 0.3243130140716266
2 5 3 2 124 0.6704563591629267 0.3277264591831854
2 5 3 2 26 0.8853352023288608 0.26935308339524955
2 6 0 0 1407 0.6113566150888801 0.17623586829170174
2 6 0 1 548 0.46575933787971735 0.18497004931901523
2 6 0 2 148 0.20389862172305584 0.1131672194042785
2 6 0 1 160 0.6683238837867975 0.19176028268755813
2 6 0 2 148 0.4907730473205447 0.20095946743024704
2 6 0 2 30 0.44733397103846073 0.20214051793178034
2 6 1 0 708 0.6520138448104262 0.21554677800047273
2 6 1 1 506 0.4943540384992957 0.18622735424983844
2 6 1 2 213 0.24972486309707165 0.1423182067319951
2 6 1 1 176 0.597877181135118 0.24009771209883818
2 6 1 2 234 0.48125409334897995 0.21950023439583524
2 6 1 2 67 0.5389009788632393 0.20250958245908438
2 6 2 0 333 0.7351719671860337 0.2140653829874474
2 6 2 1 294 0.5550029864534736 0.20880894345008089
2 6 2 2 212 0.29993264097720385 0.22177446802736545
2 6 2 1 115 0.7282158173620701 0.27736783254569225
2 6 2 2 217 0.49840931966900826 0.2216698742634643
2 6 2 2 60 0.5831585181877017 0.3068738162677988
2 6 3 0 170 0.8057137215510011 0.16852510866024425
2 6 3 1 144 0.6207110118120909 0.2564641665514619
2 6 3 2 129 0.5038692383095622 0.3490118397008137
2 6 3 1 47 0.812043578363955 0.26136595940288143
2 6 3 2 136 0.6192294461652637 0.2855987609060343
2 6 3 2 26 0.6667124209925532 0.333465104071439
2 7 0 0 2138 0.8242769408971071 0.24608770112580194
2 7 0 1 799 0.6272296477109194 0.23936054958623737
2 7 0 2 187 0.3001824552193284 0.16020478076945227
2 7 0 1 276 0.8213979592546821 0.3368421113439028
2 7 0 2 234 0.5732627864927053 0.2359427453963139
2 7 0 2 45 0.9621996451169252 0.40679883380676873
2 7 1 0 822 0.9402124369516969 0.337926274896031
2 7 1 1 617 0.724581403657794 0.3206293221607796
2 7 1 2 228 0.3171795504167676 0.2038756149775683
2 7 1 1 228 0.9577464535832405 0.3149819127553652
2 7 1 2 270 0.6397811509668827 0.3383830929066987
2 7 1 2 63 0.8842031424865127 0.31911730068907007
2 7 2 0 281 1.1064141681417823 0.4493461552158137
2 7 2 1 300 0.8996279742568731 0.40101240657064624
2 7 2 2 160 0.4433713788166642 0.3159282275322008
2 7 2 1 110 1.0316735226660967 0.46610373905417324
2 7 2 2 189 0.8630426591262221 0.3710825830661175
2 7 2 2 54 0.9484214475378394 0.2852817771038414
2 7 3 0 93 1.4234321657568216 0.3557737401513033
2 7 3 1 148 1.1695928294211626 0.6394903477339382
2 7 3 2 83 0.7814971907064319 0.6440429218156031
2 7 3 1 31 1.3032169416546822 0.5935235010174263
2 7 3 2 108 1.0469949720427394 0.6328155368946459
2 7 3 2 23 0.8934214971959591 0.6573230365680647
O 3 2 1 B S Value N
0 0 0 0 0 0 0.5273769944906235 44807
0 0 0 0 0 1 0.48602489949352534 23342
0 0 0 0 0 2 0.43220934298731317 9753
0 0 0 0 1 0 0.5683711180463433 16701
0 0 0 0 1 1 0.5195596223390496 18045
0 0 0 0 1 2 0.460667113281006 12917
0 0 0 0 2 0 0.6350743258371949 5487
0 0 0 0 2 1 0.5783671616319109 8984
0 0 0 0 2 2 0.5101349046813964 9465
0 0 0 0 3 0 0.7700375691056252 1622
0 0 0 0 3 1 0.696935296002373 3657
0 0 0 0 3 2 0.623700399442935 4674
0 0 0 1 0 0 0.9280157191678882 10876
0 0 0 1 0 1 0.8703211866613949 5289
0 0 0 1 0 2 0.7987627609180339 2241
0 0 0 1 1 0 0.9805745966732502 4029
0 0 0 1 1 1 0.9159629101124462 3827
0 0 0 1 1 2 0.8180252271092793 2604
0 0 0 1 2 0 1.0712871495634317 1260
0 0 0 1 2 1 0.9896059820783523 1831
0 0 0 1 2 2 0.9032754738756131 1768
0 0 0 1 3 0 1.2580186296254396 411
0 0 0 1 3 1 1.143933182714238 748
0 0 0 1 3 2 1.0571295731622103 874
0 0 1 0 0 0 1.170822862535715 3096
0 0 1 0 0 1 1.1016311389589812 1499
0 0 1 0 0 2 1.0092243235544391 671
0 0 1 0 1 0 1.2220300799235702 1279
0 0 1 0 1 1 1.1364563769569407 1242
0 0 1 0 1 2 1.041436065935032 911
0 0 1 0 2 0 1.302530849352479 530
0 0 1 0 2 1 1.203917531344371 741
0 0 1 0 2 2 1.1005639963177387 727
0 0 1 0 3 0 1.4123860215768218 193
0 0 1 0 3 1 1.3347087568149736 351
0 0 1 0 3 2 1.2193436918036857 436
0 0 1 1 0 0 1.5317860031500459 2695
0 0 1 1 0 1 1.4308724863017281 1286
0 0 1 1 0 2 1.2783098191701177 519
0 0 1 1 1 0 1.6158149046823382 1035
0 0 1 1 1 1 1.5056284933168076 998
0 0 1 1 1 2 1.3371675687236926 651
0 0 1 1 2 0 1.7920034490525723 338
0 0 1 1 2 1 1.6095306317403852 489
0 0 1 1 2 2 1.429987005422731 455
0 0 1 1 3 0 2.031291414052248 113
0 0 1 1 3 1 1.8995368601099105 199
0 0 1 1 3 2 1.6662074581685442 216
0 1 0 0 0 0 1.4228623546659946 290
0 1 0 0 0 1 1.3633567430866016 142
0 1 0 0 0 2 1.2483329670814176 60
0 1 0 0 1 0 1.4651085725054145 131
0 1 0 0 1 1 1.3817440321595937 153
0 1 0 0 1 2 1.2909943193708564 102
0 1 0 0 2 0 1.5167655237019062 61
0 1 0 0 2 1 1.4439243581561771 112
0 1 0 0 2 2 1.3811653845837897 97
0 1 0 0 3 0 1.7262590480968356 24
0 1 0 0 3 1 1.5425200493108215 56
0 1 0 0 3 2 1.527455563313867 76
0 1 0 1 0 0 1.8624490071088076 940
0 1 0 1 0 1 1.8129666023961275 443
0 1 0 1 0 2 1.6375936139826521 165
0 1 0 1 1 0 1.8845722246915102 324
0 1 0 1 1 1 1.8270182854274999 333
0 1 0 1 1 2 1.7033988519794714 213
0 1 0 1 2 0 1.931681338697672 97
0 1 0 1 2 1 1.9040593517191233 141
0 1 0 1 2 2 1.7939077494091877 146
0 1 0 1 3 0 2.1968682995066047 27
0 1 0 1 3 1 2.095706375797504 58
0 1 0 1 3 2 1.9999417235581751 68
0 1 1 0 0 0 1.998317108489573 561
0 1 1 0 0 1 1.916568199600521 259
0 1 1 0 0 2 1.793319230111755 123
0 1 1 0 1 0 2.064859116449952 258
0 1 1 0 1 1 1.982881716607131 247
0 1 1 0 1 2 1.8253467361027578 166
0 1 1 0 2 0 2.17879259865731 97
0 1 1 0 2 1 2.0030762902019124 137
0 1 1 0 2 2 1.8765418334826827 125
0 1 1 0 3 0 2.276159626431763 46
0 1 1 0 3 1 2.1716604843411758 69
0 1 1 0 3 2 2.065427540318121 79
0 1 1 1 0 0 2.3278761450201273 747
0 1 1 1 0 1 2.235211360733956 360
0 1 1 1 0 2 2.076182999010262 146
0 1 1 1 1 0 2.4122468596324325 282
0 1 1 1 1 1 2.321413162796579 302
0 1 1 1 1 2 2.20806486772811 183
0 1 1 1 2 0 2.5954006277024746 94
0 1 1 1 2 1 2.398409578949213 138
0 1 1 1 2 2 2.304288591763803 140
0 1 1 1 3 0 2.9009636407718062 30
0 1 1 1 3 1 2.6368834608657794 55
0 1 1 1 3 2 2.5050148395011607 69
1 0 0 0 0 0 0.28408387675881386 32327
1 0 0 0 0 1 0.2553975419839858 16793
1 0 0 0 0 2 0.2157461200332919 7152
1 0 0 0 1 0 0.31253977306187153 12288
1 0 0 0 1 1 0.2785469527816652 13177
1 0 0 0 1 2 0.23296052449739274 9396
1 0 0 0 2 0 0.3561637084931135 4015
1 0 0 0 2 1 0.31665752289424454 6752
1 0 0 0 2 2 0.26748137405752465 7026
1 0 0 0 3 0 0.44663038942962885 1168
1 0 0 0 3 1 0.39587550050175474 2721
1 0 0 0 3 2 0.3331822263186006 3551
1 0 0 1 0 0 0.5564448153600097 13285
1 0 0 1 0 1 0.5021020123732222 6540
1 0 0 1 0 2 0.43650264318909193 2781
1 0 0 1 1 0 0.6046546548604965 4893
1 0 0 1 1 1 0.5381345863971445 4725
1 0 0 1 1 2 0.47117545333676775 3221
1 0 0 1 2 0 0.6744201481342316 1591
1 0 0 1 2 1 0.60053474956332 2323
1 0 0 1 2 2 0.5397700445488218 2173
1 0 0 1 3 0 0.8205893719568849 469
1 0 0 1 3 1 0.7297644915710442 941
1 0 0 1 3 2 0.6494589047927103 1107
1 0 1 0 0 0 0.7136904150247574 4629
1 0 1 0 0 1 0.6612046071125345 2332
1 0 1 0 0 2 0.5722462402932149 1021
1 0 1 0 1 0 0.763828624971211 1970
1 0 1 0 1 1 0.6954339637451115 2015
1 0 1 0 1 2 0.592368775122574 1424
1 0 1 0 2 0 0.8187700370326638 758
1 0 1 0 2 1 0.7656460697033417 1143
1 0 1 0 2 2 0.6567631970036768 1106
1 0 1 0 3 0 0.9072168292477727 312
1 0 1 0 3 1 0.8423640635203231 550
1 0 1 0 3 2 0.7747939859964698 651
1 0 1 1 0 0 0.9752492625266314 4731
1 0 1 1 0 1 0.8901666080170466 2297
1 0 1 1 0 2 0.7974632934881085 997
1 0 1 1 1 0 1.0654422361403704 1741
1 0 1 1 1 1 0.96154203554495 1702
1 0 1 1 1 2 0.848019080151678 1207
1 0 1 1 2 0 1.2024665288627148 594
1 0 1 1 2 1 1.0455577668467644 843
1 0 1 1 2 2 0.9142223742541553 808
1 0 1 1 3 0 1.3871167656034231 193
1 0 1 1 3 1 1.254282004277302 337
1 0 1 1 3 2 1.0389455663707152 405
1 1 0 0 0 0 0.9725962122902274 1383
1 1 0 0 0 1 0.8885903368373101 667
1 1 0 0 0 2 0.7746879882294179 324
1 1 0 0 1 0 1.0194045715034008 612
1 1 0 0 1 1 0.9247642591009071 543
1 1 0 0 1 2 0.7663311858648231 422
1 1 0 0 2 0 1.0527241630479693 256
1 1 0 0 2 1 0.9356522239052142 312
1 1 0 0 2 2 0.7916558922698069 323
1 1 0 0 3 0 1.1455156924203038 125
1 1 0 0 3 1 1.0317940903925011 172
1 1 0 0 3 2 0.9090010070166235 209
1 1 0 1 0 0 1.2112854067236185 2094
1 1 0 1 0 1 1.1278173688673572 979
1 1 0 1 0 2 1.020673085778679 410
1 1 0 1 1 0 1.2920787688344717 743
1 1 0 1 1 1 1.19422270480073 689
1 1 0 1 1 2 1.0317136761051735 431
1 1 0 1 2 0 1.4077417440712452 262
1 1 0 1 2 1 1.2901223239585244 377
1 1 0 1 2 2 1.1240941215346762 324
1 1 0 1 3 0 1.6040709856897593 73
1 1 0 1 3 1 1.4883783218101598 128
1 1 0 1 3 2 1.3046809375928845 142
1 1 1 0 0 0 1.4263125779107213 1288
1 1 1 0 0 1 1.3222527025086268 627
1 1 1 0 0 2 1.1662087691981684 275
1 1 1 0 1 0 1.4876839593052864 596
1 1 1 0 1 1 1.395402969429216 523
1 1 1 0 1 2 1.2487693872115133 407
1 1 1 0 2 0 1.545664792880416 271
1 1 1 0 2 1 1.424720139392922 279
1 1 1 0 2 2 1.2494023843958486 305
1 1 1 0 3 0 1.62122259195894 150
1 1 1 0 3 1 1.5542317472832048 146
1 1 1 0 3 2 1.413065201460591 144
1 1 1 1 0 0 1.6542770192027092 1618
1 1 1 1 0 1 1.5101349395682049 787
1 1 1 1 0 2 1.2596132070798658 339
1 1 1 1 1 0 1.7601360939443111 633
1 1 1 1 1 1 1.604323830099357 604
1 1 1 1 1 2 1.4027671901473173 414
1 1 1 1 2 0 1.9385450640693307 210
1 1 1 1 2 1 1.679733354286714 275
1 1 1 1 2 2 1.5533896507235783 304
1 1 1 1 3 0 2.2993125952780247 62
1 1 1 1 3 1 2.1186231117780236 88
1 1 1 1 3 2 1.8143876311147498 126
2 0 0 0 0 0 0.10935795959085226 25700
2 0 0 0 0 1 0.09033829473115929 13321
2 0 0 0 0 2 0.06422356692651969 5692
2 0 0 0 1 0 0.12806703988462687 9875
2 0 0 0 1 1 0.10517207294463098 10580
2 0 0 0 1 2 0.07556302804235537 7540
2 0 0 0 2 0 0.15128826908767223 3431
2 0 0 0 2 1 0.12907464906591842 5624
2 0 0 0 2 2 0.09548985890236647 5919
2 0 0 0 3 0 0.19542931485921144 1011
2 0 0 0 3 1 0.17445081889111827 2289
2 0 0 0 3 2 0.13988917228103545 3115
2 0 0 1 0 0 0.24723783507943153 13429
2 0 0 1 0 1 0.2040694037067622 6357
2 0 0 1 0 2 0.15635100505775543 2668
2 0 0 1 1 0 0.27655042614787817 5002
2 0 0 1 1 1 0.2281666133460991 4748
2 0 0 1 1 2 0.17673942998400136 3239
2 0 0 1 2 0 0.3114361213520169 1660
2 0 0 1 2 1 0.2654776266818341 2487
2 0 0 1 2 2 0.21284726226737186 2405
2 0 0 1 3 0 0.40360197704285383 506
2 0 0 1 3 1 0.3513435202326867 1018
2 0 0 1 3 2 0.28232178889536086 1253
2 0 1 0 0 0 0.3372401911765337 5699
2 0 1 0 0 1 0.2790289822758611 2867
2 0 1 0 0 2 0.2032568515115787 1260
2 0 1 0 1 0 0.36519865971058607 2566
2 0 1 0 1 1 0.3058438559308096 2536
2 0 1 0 1 2 0.22746090758642096 1855
2 0 1 0 2 0 0.40569278690963984 1070
2 0 1 0 2 1 0.3392762857174111 1442
2 0 1 0 2 2 0.2573050102231065 1542
2 0 1 0 3 0 0.45347525738179684 462
2 0 1 0 3 1 0.4176430639634161 701
2 0 1 0 3 2 0.3284466249149536 920
2 0 1 1 0 0 0.49787203781306744 5661
2 0 1 1 0 1 0.4246944552684894 2812
2 0 1 1 0 2 0.3197053268226801 1192
2 0 1 1 1 0 0.5544124469161034 2148
2 0 1 1 1 1 0.4707607908141972 2183
2 0 1 1 1 2 0.35363417924339785 1441
2 0 1 1 2 0 0.5874875243753195 734
2 0 1 1 2 1 0.5200170871097108 1150
2 0 1 1 2 2 0.42120192098875786 1056
2 0 1 1 3 0 0.6962990062311292 220
2 0 1 1 3 1 0.6077084578573704 468
2 0 1 1 3 2 0.5472268475525415 603
2 1 0 0 0 0 0.36844711005687714 2328
2 1 0 0 0 1 0.31733360258278565 1139
2 1 0 0 0 2 0.25089976573511363 502
2 1 0 0 1 0 0.4073877837508917 1022
2 1 0 0 1 1 0.35788396669408734 1003
2 1 0 0 1 2 0.2734353314237579 723
2 1 0 0 2 0 0.4622134016826749 428
2 1 0 0 2 1 0.40749404048258486 613
2 1 0 0 2 2 0.3312414634058735 648
2 1 0 0 3 0 0.5146397389471531 182
2 1 0 0 3 1 0.4576701694076844 255
2 1 0 0 3 2 0.3777179258744702 363
2 1 0 1 0 0 0.5449855141341686 2917
2 1 0 1 0 1 0.44751662653139174 1381
2 1 0 1 0 2 0.35464321091312934 561
2 1 0 1 1 0 0.6205261312425137 1102
2 1 0 1 1 1 0.5193518349548152 1014
2 1 0 1 1 2 0.3802201761728934 620
2 1 0 1 2 0 0.6979382513090968 376
2 1 0 1 2 1 0.5861519680750147 535
2 1 0 1 2 2 0.43815570583575647 432
2 1 0 1 3 0 0.7931119846180081 132
2 1 0 1 3 1 0.7049487973873814 240
2 1 0 1 3 2 0.6062391543393163 233
2 1 1 0 0 0 0.6113566150888801 1407
2 1 1 0 0 1 0.511536636389792 708
2 1 1 0 0 2 0.35653811702333343 326
2 1 1 0 1 0 0.6520138448104262 708
2 1 1 0 1 1 0.521069688211766 682
2 1 1 0 1 2 0.3928233837882774 514
2 1 1 0 2 0 0.7351719671860337 333
2 1 1 0 2 1 0.6037058606698271 409
2 1 1 0 2 2 0.42276084528957897 489
2 1 1 0 3 0 0.8057137215510011 170
2 1 1 0 3 1 0.6677928475604553 191
2 1 1 0 3 2 0.5723328500557243 291
2 1 1 1 0 0 0.8242769408971071 2138
2 1 1 1 0 1 0.6770812328142483 1075
2 1 1 1 0 2 0.5012373287458565 466
2 1 1 1 1 0 0.9402124369516969 822
2 1 1 1 1 1 0.7874945768921157 845
2 1 1 1 1 2 0.5361187989888264 561
2 1 1 1 2 0 1.1064141681417823 281
2 1 1 1 2 1 0.9350548287081283 410
2 1 1 1 2 2 0.707864122462942 403
2 1 1 1 3 0 1.4234321657568216 93
2 1 1 1 3 1 1.1927344354504315 179
2 1 1 1 3 2 0.92751597310634 214
