ID N Value stdev(Transitions)
1024 44807 0.5273769944906235 0.11564173453344061
3072 10876 0.9280157191678882 0.2163514822599343
5120 3096 1.170822862535715 0.17371916032365542
7168 2695 1.5317860031500459 0.2638167906892188
9216 290 1.4228623546659946 0.2977362007933006
11264 940 1.8624490071088076 0.3763424810144692
13312 561 1.998317108489573 0.33228418102838225
15360 747 2.3278761450201273 0.39931609078211827
17408 32327 0.28408387675881386 0.07791878254262026
19456 13285 0.5564448153600097 0.16195051762926102
21504 4629 0.7136904150247574 0.14014515805930233
23552 4731 0.9752492625266314 0.2342881766421761
25600 1383 0.9725962122902274 0.2302342734142093
27648 2094 1.2112854067236185 0.30865285039520973
29696 1288 1.4263125779107213 0.2968260703680759
31744 1618 1.6542770192027092 0.3638418516643941
33792 25700 0.10935795959085226 0.044478387617997245
35840 13429 0.24723783507943153 0.09519154511010815
37888 5699 0.3372401911765337 0.09692701574600596
39936 5661 0.49787203781306744 0.15134717533511222
41984 2328 0.36844711005687714 0.1068781083927596
44032 2917 0.5449855141341686 0.1680743806032573
46080 1407 0.6113566150888801 0.17623586829170174
48128 2138 0.8242769408971071 0.24608770112580194
