ID N Value stddev(Transitions)
0 401215 0.4999270662326603 0
1 207224 0.4624282163758758 0
2 81995 0.40859328918144244 0
16 154174 0.5386802708658374 0
17 164465 0.49353667505988563 0
18 110932 0.4341349259000478 0
32 49811 0.6026828029432288 0
33 82279 0.546016852554277 0
34 80474 0.4827221796062909 0
48 14799 0.7257132665061291 0
49 32574 0.6580787225547898 0
50 38713 0.5852612954939515 0
256 97065 0.8884978800296073 0
257 44711 0.829634065149618 0
258 17465 0.7531729033493058 0
272 36264 0.9487549572847245 0
273 32849 0.8798688358533898 0
274 20662 0.7933046004926319 0
288 11688 1.0532476946274565 0
289 15999 0.9661975208541487 0
290 13878 0.8683990466949724 0
304 3455 1.2526860200043892 0
305 6434 1.1392812341149696 0
306 6637 1.041795290504069 0
512 23664 1.1385789362737624 0
513 11036 1.0767740865397337 0
514 4542 0.9795365079961396 0
528 10115 1.1889294578992586 0
529 9457 1.1177241598097676 0
530 6309 1.02762520318961 0
544 3976 1.258788352274482 0
545 5421 1.181754261396655 0
546 5031 1.0918196917870093 0
560 1441 1.378745154674132 0
561 2623 1.2948965318540053 0
562 2835 1.199233512548201 0
768 23052 1.49481134895697 0
769 10458 1.4012557613635948 0
770 4249 1.2849304022269215 0
784 8772 1.568198410724916 0
785 7892 1.466301177761924 0
786 5161 1.343040364290606 0
800 2828 1.7212776154430538 0
801 3942 1.5815844450430412 0
802 3661 1.4389656595150566 0
816 814 2.0119241140920128 0
817 1548 1.8474801961496203 0
818 1802 1.6816543462054678 0
1024 3128 1.3793247345685506 0
1025 1451 1.3122449114759531 0
1026 617 1.2152201593664853 0
1040 1526 1.4332679879935861 0
1041 1375 1.3523840051991018 0
1042 902 1.2564295692732785 0
1056 637 1.4902181766014926 0
1057 900 1.4059450976767887 0
1058 854 1.31408170078591 0
1072 238 1.6101902163736208 0
1073 432 1.530018149519391 0
1074 530 1.4488868797654813 0
1280 8333 1.7922181099864254 0
1281 3567 1.6964934595777252 0
1282 1454 1.5723116265813548 0
1296 3271 1.859648989444329 0
1297 2664 1.7509043863687843 0
1298 1734 1.6288737726463338 0
1312 1106 1.970142360753927 0
1313 1323 1.846200972922901 0
1314 1206 1.7288081816020753 0
1328 353 2.158153590437542 0
1329 525 2.016747570438754 0
1330 580 1.9196532522055225 0
1536 4549 2.011701069861711 0
1537 2070 1.9168619437494139 0
1538 904 1.787882618989334 0
1552 2168 2.0763709078627945 0
1553 1796 1.964394909706701 0
1554 1167 1.8216528758764166 0
1568 930 2.1809597253128485 0
1569 1053 2.0432050799860746 0
1570 968 1.9070453661309232 0
1584 457 2.280142942321216 0
1585 479 2.134463917331805 0
1586 556 2.0089315884920818 0
1792 6006 2.350104660948362 0
1793 2751 2.2156323068712607 0
1794 1137 2.0655000129380414 0
1808 2295 2.447304758413701 0
1809 2053 2.3149515897002937 0
1810 1372 2.148008103652806 0
1824 745 2.604427316918619 0
1825 1016 2.487515773076938 0
1826 928 2.297284250616313 0
1840 204 2.941889738362721 0
1841 377 2.7379205496314745 0
1842 437 2.619850478375872 0
4096 287967 0.2655498673749894 0
4097 148633 0.2384569998588191 0
4098 60482 0.19985051390091219 0
4112 112081 0.29424500585079577 0
4113 119127 0.2606937413457474 0
4114 81721 0.21762137181439084 0
4128 37261 0.33928015790510807 0
4129 60531 0.3004735736710723 0
4130 60706 0.2518880206622917 0
4144 11075 0.4200985886070785 0
4145 24190 0.376854515737658 0
4146 29579 0.324370044698585 0
4352 115566 0.5272000643642423 0
4353 53417 0.47671529493093684 0
4354 21111 0.4110691759942336 0
4368 44374 0.5721104272242511 0
4369 40404 0.5115954830670961 0
4370 25893 0.44047041590097247 0
4384 14580 0.6477846413546731 0
4385 20056 0.576032536379409 0
4386 17919 0.4945404092097839 0
4400 4316 0.7807826196854248 0
4401 8010 0.7040398625217462 0
4402 8385 0.6216113623033944 0
4608 41712 0.6850408676387989 0
4609 19764 0.62396742420311 0
4610 8152 0.5419655042780213 0
4624 18957 0.7318849266951489 0
4625 17343 0.662008164830294 0
4626 11578 0.5705442294699784 0
4640 8062 0.7957539236222938 0
4641 10170 0.717623430919067 0
4642 9379 0.6263926068235672 0
4656 3523 0.8747230711644989 0
4657 4965 0.8009177018553468 0
4658 5390 0.7258254386177062 0
4864 41103 0.9314994293729562 0
4865 19238 0.853564365253984 0
4866 7789 0.7383451415729249 0
4880 16314 1.0073588574682524 0
4881 14940 0.9153919327338981 0
4882 9535 0.7953166339725186 0
4896 5499 1.1223531789316572 0
4897 7721 1.0196974911813739 0
4898 6921 0.8889777978101449 0
4912 1642 1.3495086244234857 0
4913 3226 1.228803038643875 0
4914 3558 1.0985838543289164 0
5120 13604 0.9644500891495522 0
5121 5924 0.8824313795885762 0
5122 2378 0.7514638470781887 0
5136 6405 1.0082884896581499 0
5137 5347 0.9178613895344493 0
5138 3480 0.792740012159646 0
5152 2916 1.0681112471013616 0
5153 3258 0.9764995516933606 0
5154 2975 0.8560834601145833 0
5168 1372 1.1332574760807412 0
5169 1627 1.0509864176110064 0
5170 1738 0.9415679786534352 0
5376 18352 1.1850033151718127 0
5377 8066 1.095979157625103 0
5378 3203 0.9593396740350576 0
5392 7172 1.2391811755390518 0
5393 6148 1.1507996176748199 0
5394 3766 1.0109260435845748 0
5408 2437 1.3288727473015876 0
5409 3068 1.219214981054217 0
5410 2648 1.074404171418632 0
5424 810 1.4709007894309858 0
5425 1202 1.360698389744823 0
5426 1316 1.2413824728341902 0
5632 11387 1.4103656919377665 0
5633 4599 1.2726603740942488 0
5634 1905 1.0936778292749223 0
5648 5936 1.4820149640750073 0
5649 4260 1.334219799547548 0
5650 2732 1.155841342649405 0
5664 3107 1.5584824622105442 0
5665 2488 1.4051943833058569 0
5666 2270 1.2367193264648777 0
5680 2061 1.612179852299544 0
5681 1189 1.508117418924207 0
5682 1296 1.3494322336376587 0
5888 14601 1.590597147795466 0
5889 6764 1.4514402267978859 0
5890 2878 1.2725450105268101 0
5904 5642 1.696741195936687 0
5905 5064 1.5449205256020504 0
5906 3392 1.3547773963108962 0
5920 1857 1.8716253528640268 0
5921 2582 1.6987509521198374 0
5922 2339 1.502527697517904 0
5936 549 2.186846113134386 0
5937 1015 1.974545736331034 0
5938 1113 1.8065183372232605 0
8192 227978 0.10043730398264024 0
8193 115951 0.08252127828621167 0
8194 47325 0.05813291524447859 0
8208 90970 0.11727557164814777 0
8209 95463 0.09645731098097717 0
8210 64861 0.06940257092348975 0
8224 31230 0.14050043142217877 0
8225 49932 0.11881165005611949 0
8226 49636 0.08853247326356155 0
8240 9574 0.18011781333908533 0
8241 20866 0.15796479552931214 0
8242 25758 0.12764541195930862 0
8448 117009 0.22454845327107756 0
8449 54005 0.18474750821647237 0
8450 21629 0.1318599291566832 0
8464 44689 0.25689752852126263 0
8465 41539 0.21316150685265553 0
8466 26725 0.15699204909999423 0
8480 14905 0.30201444390171456 0
8481 21073 0.2546262727014949 0
8482 18755 0.1939209816366597 0
8496 4503 0.36905687467602327 0
8497 8680 0.3315454311750417 0
8498 9196 0.2735353604031191 0
8704 52178 0.32366276082453793 0
8705 24373 0.2712693852109001 0
8706 10153 0.19459560854213878 0
8720 25540 0.3602413825834055 0
8721 22499 0.30087928438325795 0
8722 15216 0.2216896093959727 0
8736 11758 0.39619875310570557 0
8737 13445 0.3375527899933985 0
8738 12906 0.26567017986633573 0
8752 5954 0.4288412855193832 0
8753 6483 0.38697137473504195 0
8754 7649 0.32766831350940295 0
8960 50689 0.43638445649705915 0
8961 24246 0.3634782187186798 0
8962 9951 0.2538299960526102 0
8976 20209 0.49617522482491255 0
8977 19264 0.4170816676288749 0
8978 12906 0.30467658877365816 0
8992 7020 0.570572835398822 0
8993 10132 0.48927743020318554 0
8994 9607 0.3741854672154707 0
9008 2160 0.6764810044568514 0
9009 4259 0.6101775077449555 0
9010 4809 0.5141497082982338 0
9216 22331 0.36560189778877794 0
9217 10017 0.31140961373780657 0
9218 4157 0.22820671899582484 0
9232 10817 0.3967944149003177 0
9233 9284 0.3383484607972108 0
9234 6158 0.2585019295068458 0
9248 4866 0.4309330450884226 0
9249 5677 0.3772690090560301 0
9250 5330 0.29478986451444245 0
9264 2351 0.4715195446778667 0
9265 2845 0.43406389736536044 0
9266 3230 0.3696645624699192 0
9472 24987 0.4918974454748715 0
9473 11250 0.41607922632421057 0
9474 4472 0.30076269583367576 0
9488 10134 0.544393857289363 0
9489 9125 0.4671247683072539 0
9490 5720 0.34343293217040105 0
9504 3571 0.6009643053653168 0
9505 4715 0.545721143314048 0
9506 4057 0.42215363780715603 0
9520 1257 0.6911257413588613 0
9521 2046 0.6385412610218817 0
9522 2101 0.5360315670398929 0
9728 12609 0.5764877142318764 0
9729 5717 0.4797881722197103 0
9730 2479 0.33004909847269814 0
9744 6709 0.6433120507087277 0
9745 5468 0.5303432581550765 0
9746 3850 0.3933167734909077 0
9760 3435 0.7060662510846857 0
9761 3468 0.5758369091235965 0
9762 3456 0.4555573044086082 0
9776 1996 0.7606285799025019 0
9777 1698 0.6697451636278552 0
9778 2087 0.5491813231548754 0
9984 17793 0.7531285200271485 0
9985 8766 0.6123946558284851 0
9986 3779 0.43822757393066514 0
10000 6985 0.8897724657412152 0
10001 6913 0.7295610984255468 0
10002 4770 0.545399115465394 0
10016 2371 1.0784530043920155 0
10017 3477 0.9135758694800231 0
10018 3361 0.6989005444038241 0
10032 709 1.411994437457224 0
10033 1413 1.2268883882140542 0
10034 1639 1.013260710575914 0
