c:\users\kevin\source\repos\retro\retroinningmaestro\debug\retroinningmaestro.pch
c:\users\kevin\source\repos\retro\retroinningmaestro\debug\vc143.pdb
c:\users\kevin\source\repos\retro\retroinningmaestro\debug\stdafx.obj
c:\users\kevin\source\repos\retro\retroinningmaestro\debug\retroinningmaestro.obj
c:\users\kevin\source\repos\retro\retroinningmaestro\debug\assemblyinfo.obj
c:\users\kevin\source\repos\retro\retroinningmaestro\debug\gamestate.obj
c:\users\kevin\source\repos\retro\retroinningmaestro\debug\.netframework,version=v4.7.2.assemblyattributes.obj
c:\users\kevin\source\repos\retro\debug\retroinningmaestro.exe
c:\users\kevin\source\repos\retro\debug\retroinningmaestro.pdb
c:\users\kevin\source\repos\retro\retroinningmaestro\debug\app.res
c:\users\kevin\source\repos\retro\retroinningmaestro\debug\retroinn.3fef9078.tlog\cl.command.1.tlog
c:\users\kevin\source\repos\retro\retroinningmaestro\debug\retroinn.3fef9078.tlog\cl.read.1.tlog
c:\users\kevin\source\repos\retro\retroinningmaestro\debug\retroinn.3fef9078.tlog\cl.write.1.tlog
c:\users\kevin\source\repos\retro\retroinningmaestro\debug\retroinn.3fef9078.tlog\link.command.1.tlog
c:\users\kevin\source\repos\retro\retroinningmaestro\debug\retroinn.3fef9078.tlog\link.read.1.tlog
c:\users\kevin\source\repos\retro\retroinningmaestro\debug\retroinn.3fef9078.tlog\link.write.1.tlog
c:\users\kevin\source\repos\retro\retroinningmaestro\debug\retroinn.3fef9078.tlog\metagen.read.1.tlog
c:\users\kevin\source\repos\retro\retroinningmaestro\debug\retroinn.3fef9078.tlog\metagen.write.1.tlog
c:\users\kevin\source\repos\retro\retroinningmaestro\debug\retroinn.3fef9078.tlog\rc.command.1.tlog
c:\users\kevin\source\repos\retro\retroinningmaestro\debug\retroinn.3fef9078.tlog\rc.read.1.tlog
c:\users\kevin\source\repos\retro\retroinningmaestro\debug\retroinn.3fef9078.tlog\rc.write.1.tlog
