c:\users\kevin\source\repos\retro\retropitchsequence\debug\retropitchsequence.pch
c:\users\kevin\source\repos\retro\retropitchsequence\debug\vc143.pdb
c:\users\kevin\source\repos\retro\retropitchsequence\debug\stdafx.obj
c:\users\kevin\source\repos\retro\retropitchsequence\debug\retropitchsequence.obj
c:\users\kevin\source\repos\retro\retropitchsequence\debug\assemblyinfo.obj
c:\users\kevin\source\repos\retro\retropitchsequence\debug\.netframework,version=v4.7.2.assemblyattributes.obj
c:\users\kevin\source\repos\retro\debug\retropitchsequence.exe
c:\users\kevin\source\repos\retro\debug\retropitchsequence.pdb
c:\users\kevin\source\repos\retro\retropitchsequence\debug\app.res
c:\users\kevin\source\repos\retro\retropitchsequence\debug\retropit.ded7d0b7.tlog\cl.command.1.tlog
c:\users\kevin\source\repos\retro\retropitchsequence\debug\retropit.ded7d0b7.tlog\cl.read.1.tlog
c:\users\kevin\source\repos\retro\retropitchsequence\debug\retropit.ded7d0b7.tlog\cl.write.1.tlog
c:\users\kevin\source\repos\retro\retropitchsequence\debug\retropit.ded7d0b7.tlog\link.command.1.tlog
c:\users\kevin\source\repos\retro\retropitchsequence\debug\retropit.ded7d0b7.tlog\link.read.1.tlog
c:\users\kevin\source\repos\retro\retropitchsequence\debug\retropit.ded7d0b7.tlog\link.write.1.tlog
c:\users\kevin\source\repos\retro\retropitchsequence\debug\retropit.ded7d0b7.tlog\metagen.read.1.tlog
c:\users\kevin\source\repos\retro\retropitchsequence\debug\retropit.ded7d0b7.tlog\metagen.write.1.tlog
c:\users\kevin\source\repos\retro\retropitchsequence\debug\retropit.ded7d0b7.tlog\rc.command.1.tlog
c:\users\kevin\source\repos\retro\retropitchsequence\debug\retropit.ded7d0b7.tlog\rc.read.1.tlog
c:\users\kevin\source\repos\retro\retropitchsequence\debug\retropit.ded7d0b7.tlog\rc.write.1.tlog
