c:\users\kevin\source\repos\retro\fileeventcmd\debug\fileeventcmd.pch
c:\users\kevin\source\repos\retro\fileeventcmd\debug\vc143.pdb
c:\users\kevin\source\repos\retro\fileeventcmd\debug\stdafx.obj
c:\users\kevin\source\repos\retro\fileeventcmd\debug\fileeventcmd.obj
c:\users\kevin\source\repos\retro\fileeventcmd\debug\assemblyinfo.obj
c:\users\kevin\source\repos\retro\fileeventcmd\debug\.netframework,version=v4.7.2.assemblyattributes.obj
c:\users\kevin\source\repos\retro\debug\fileeventcmd.exe
c:\users\kevin\source\repos\retro\debug\fileeventcmd.pdb
c:\users\kevin\source\repos\retro\fileeventcmd\debug\app.res
c:\users\kevin\source\repos\retro\fileeventcmd\debug\fileeventcmd.tlog\cl.command.1.tlog
c:\users\kevin\source\repos\retro\fileeventcmd\debug\fileeventcmd.tlog\cl.read.1.tlog
c:\users\kevin\source\repos\retro\fileeventcmd\debug\fileeventcmd.tlog\cl.write.1.tlog
c:\users\kevin\source\repos\retro\fileeventcmd\debug\fileeventcmd.tlog\link.command.1.tlog
c:\users\kevin\source\repos\retro\fileeventcmd\debug\fileeventcmd.tlog\link.read.1.tlog
c:\users\kevin\source\repos\retro\fileeventcmd\debug\fileeventcmd.tlog\link.write.1.tlog
c:\users\kevin\source\repos\retro\fileeventcmd\debug\fileeventcmd.tlog\metagen.read.1.tlog
c:\users\kevin\source\repos\retro\fileeventcmd\debug\fileeventcmd.tlog\metagen.write.1.tlog
c:\users\kevin\source\repos\retro\fileeventcmd\debug\fileeventcmd.tlog\rc.command.1.tlog
c:\users\kevin\source\repos\retro\fileeventcmd\debug\fileeventcmd.tlog\rc.read.1.tlog
c:\users\kevin\source\repos\retro\fileeventcmd\debug\fileeventcmd.tlog\rc.write.1.tlog
