c:\users\kevin\source\repos\retro\retroreader\debug\retroreader.pch
c:\users\kevin\source\repos\retro\retroreader\debug\vc143.pdb
c:\users\kevin\source\repos\retro\retroreader\debug\stdafx.obj
c:\users\kevin\source\repos\retro\retroreader\debug\retroreader.obj
c:\users\kevin\source\repos\retro\retroreader\debug\assemblyinfo.obj
c:\users\kevin\source\repos\retro\retroreader\debug\.netframework,version=v4.7.2.assemblyattributes.obj
c:\users\kevin\source\repos\retro\debug\retroreader.exe
c:\users\kevin\source\repos\retro\debug\retroreader.pdb
c:\users\kevin\source\repos\retro\retroreader\debug\app.res
c:\users\kevin\source\repos\retro\retroreader\debug\retroreader.tlog\cl.command.1.tlog
c:\users\kevin\source\repos\retro\retroreader\debug\retroreader.tlog\cl.read.1.tlog
c:\users\kevin\source\repos\retro\retroreader\debug\retroreader.tlog\cl.write.1.tlog
c:\users\kevin\source\repos\retro\retroreader\debug\retroreader.tlog\link.command.1.tlog
c:\users\kevin\source\repos\retro\retroreader\debug\retroreader.tlog\link.read.1.tlog
c:\users\kevin\source\repos\retro\retroreader\debug\retroreader.tlog\link.write.1.tlog
c:\users\kevin\source\repos\retro\retroreader\debug\retroreader.tlog\metagen.read.1.tlog
c:\users\kevin\source\repos\retro\retroreader\debug\retroreader.tlog\metagen.write.1.tlog
c:\users\kevin\source\repos\retro\retroreader\debug\retroreader.tlog\rc.command.1.tlog
c:\users\kevin\source\repos\retro\retroreader\debug\retroreader.tlog\rc.read.1.tlog
c:\users\kevin\source\repos\retro\retroreader\debug\retroreader.tlog\rc.write.1.tlog
