c:\users\kevin\source\repos\retro\retroeventmaestro\debug\retroeventmaestro.pch
c:\users\kevin\source\repos\retro\retroeventmaestro\debug\vc143.pdb
c:\users\kevin\source\repos\retro\retroeventmaestro\debug\stdafx.obj
c:\users\kevin\source\repos\retro\retroeventmaestro\debug\retroeventmaestro.obj
c:\users\kevin\source\repos\retro\retroeventmaestro\debug\assemblyinfo.obj
c:\users\kevin\source\repos\retro\retroeventmaestro\debug\.netframework,version=v4.7.2.assemblyattributes.obj
c:\users\kevin\source\repos\retro\debug\retroeventmaestro.exe
c:\users\kevin\source\repos\retro\debug\retroeventmaestro.pdb
c:\users\kevin\source\repos\retro\retroeventmaestro\debug\app.res
c:\users\kevin\source\repos\retro\retroeventmaestro\debug\retroeve.0f6a4bc0.tlog\cl.command.1.tlog
c:\users\kevin\source\repos\retro\retroeventmaestro\debug\retroeve.0f6a4bc0.tlog\cl.read.1.tlog
c:\users\kevin\source\repos\retro\retroeventmaestro\debug\retroeve.0f6a4bc0.tlog\cl.write.1.tlog
c:\users\kevin\source\repos\retro\retroeventmaestro\debug\retroeve.0f6a4bc0.tlog\link.command.1.tlog
c:\users\kevin\source\repos\retro\retroeventmaestro\debug\retroeve.0f6a4bc0.tlog\link.read.1.tlog
c:\users\kevin\source\repos\retro\retroeventmaestro\debug\retroeve.0f6a4bc0.tlog\link.write.1.tlog
c:\users\kevin\source\repos\retro\retroeventmaestro\debug\retroeve.0f6a4bc0.tlog\metagen.read.1.tlog
c:\users\kevin\source\repos\retro\retroeventmaestro\debug\retroeve.0f6a4bc0.tlog\metagen.write.1.tlog
c:\users\kevin\source\repos\retro\retroeventmaestro\debug\retroeve.0f6a4bc0.tlog\rc.command.1.tlog
c:\users\kevin\source\repos\retro\retroeventmaestro\debug\retroeve.0f6a4bc0.tlog\rc.read.1.tlog
c:\users\kevin\source\repos\retro\retroeventmaestro\debug\retroeve.0f6a4bc0.tlog\rc.write.1.tlog
