c:\users\kevin\source\repos\retro\retroimport\debug\retroimport.pch
c:\users\kevin\source\repos\retro\retroimport\debug\vc143.pdb
c:\users\kevin\source\repos\retro\retroimport\debug\stdafx.obj
c:\users\kevin\source\repos\retro\retroimport\debug\retroimport.obj
c:\users\kevin\source\repos\retro\retroimport\debug\assemblyinfo.obj
c:\users\kevin\source\repos\retro\retroimport\debug\.netframework,version=v4.7.2.assemblyattributes.obj
c:\users\kevin\source\repos\retro\debug\retroimport.exe
c:\users\kevin\source\repos\retro\debug\retroimport.pdb
c:\users\kevin\source\repos\retro\retroimport\debug\app.res
c:\users\kevin\source\repos\retro\retroimport\debug\retroimport.tlog\cl.command.1.tlog
c:\users\kevin\source\repos\retro\retroimport\debug\retroimport.tlog\cl.read.1.tlog
c:\users\kevin\source\repos\retro\retroimport\debug\retroimport.tlog\cl.write.1.tlog
c:\users\kevin\source\repos\retro\retroimport\debug\retroimport.tlog\link.command.1.tlog
c:\users\kevin\source\repos\retro\retroimport\debug\retroimport.tlog\link.read.1.tlog
c:\users\kevin\source\repos\retro\retroimport\debug\retroimport.tlog\link.write.1.tlog
c:\users\kevin\source\repos\retro\retroimport\debug\retroimport.tlog\metagen.read.1.tlog
c:\users\kevin\source\repos\retro\retroimport\debug\retroimport.tlog\metagen.write.1.tlog
c:\users\kevin\source\repos\retro\retroimport\debug\retroimport.tlog\rc.command.1.tlog
c:\users\kevin\source\repos\retro\retroimport\debug\retroimport.tlog\rc.read.1.tlog
c:\users\kevin\source\repos\retro\retroimport\debug\retroimport.tlog\rc.write.1.tlog
