c:\users\kevin\source\repos\retro\retromaestro\debug\retromaestro.pch
c:\users\kevin\source\repos\retro\retromaestro\debug\vc143.pdb
c:\users\kevin\source\repos\retro\retromaestro\debug\stdafx.obj
c:\users\kevin\source\repos\retro\retromaestro\debug\retromaestro.obj
c:\users\kevin\source\repos\retro\retromaestro\debug\assemblyinfo.obj
c:\users\kevin\source\repos\retro\retromaestro\debug\mathutils.obj
c:\users\kevin\source\repos\retro\retromaestro\debug\.netframework,version=v4.7.2.assemblyattributes.obj
c:\users\kevin\source\repos\retro\debug\retromaestro.exe
c:\users\kevin\source\repos\retro\debug\retromaestro.pdb
c:\users\kevin\source\repos\retro\retromaestro\debug\app.res
c:\users\kevin\source\repos\retro\retromaestro\debug\retromaestro.tlog\cl.command.1.tlog
c:\users\kevin\source\repos\retro\retromaestro\debug\retromaestro.tlog\cl.read.1.tlog
c:\users\kevin\source\repos\retro\retromaestro\debug\retromaestro.tlog\cl.write.1.tlog
c:\users\kevin\source\repos\retro\retromaestro\debug\retromaestro.tlog\link.command.1.tlog
c:\users\kevin\source\repos\retro\retromaestro\debug\retromaestro.tlog\link.read.1.tlog
c:\users\kevin\source\repos\retro\retromaestro\debug\retromaestro.tlog\link.write.1.tlog
c:\users\kevin\source\repos\retro\retromaestro\debug\retromaestro.tlog\metagen.read.1.tlog
c:\users\kevin\source\repos\retro\retromaestro\debug\retromaestro.tlog\metagen.write.1.tlog
c:\users\kevin\source\repos\retro\retromaestro\debug\retromaestro.tlog\rc.command.1.tlog
c:\users\kevin\source\repos\retro\retromaestro\debug\retromaestro.tlog\rc.read.1.tlog
c:\users\kevin\source\repos\retro\retromaestro\debug\retromaestro.tlog\rc.write.1.tlog
c:\users\kevin\source\repos\retro\retromaestro\debug\retromaestro.tlog\resgen.command.1.tlog
c:\users\kevin\source\repos\retro\retromaestro\debug\retromaestro.tlog\resgen.read.1.tlog
c:\users\kevin\source\repos\retro\retromaestro\debug\retromaestro.tlog\resgen.write.1.tlog
