0,16,44015
0,0,-44015
1,16,205
1,1,-205
2,16,83
2,2,-83
4,16,206
4,4,-206
5,16,205
5,5,-205
6,16,142
6,6,-142
8,16,117
8,8,-117
9,16,161
9,9,-161
10,16,213
10,10,-213
12,16,11
12,12,-11
13,16,99
13,13,-99
14,16,182
14,14,-182
16,0,288
16,17,23753
16,20,17321
16,32,937
16,64,356
16,128,44
16,256,2940
16,16,-45639
17,1,152
17,18,9598
17,21,9939
17,33,950
17,65,257
17,129,34
17,257,2824
17,17,-23754
18,2,59
18,22,5332
18,34,494
18,66,122
18,130,9
18,258,3582
18,18,-9598
20,4,147
20,21,8851
20,24,5694
20,36,632
20,68,190
20,132,21
20,260,1786
20,20,-17321
21,5,159
21,22,8487
21,25,6476
21,37,885
21,69,266
21,133,28
21,261,2489
21,21,-18790
22,6,108
22,26,6635
22,38,918
22,70,224
22,134,16
22,262,5919
22,22,-13820
24,8,91
24,25,3053
24,28,1641
24,40,197
24,72,69
24,136,5
24,264,638
24,24,-5694
25,9,129
25,26,4535
25,29,2722
25,41,498
25,73,157
25,137,10
25,265,1480
25,25,-9531
26,10,160
26,30,4345
26,42,906
26,74,275
26,138,29
26,266,5455
26,26,-11170
28,12,7
28,29,1087
28,44,516
28,76,3
28,268,28
28,28,-1641
29,13,76
29,30,1844
29,45,1170
29,77,84
29,141,8
29,269,628
29,29,-3810
30,14,137
30,46,2453
30,78,183
30,142,16
30,270,3401
30,30,-6190
32,48,973
32,32,-973
33,48,976
33,33,-976
34,48,504
34,34,-504
36,48,659
36,36,-659
37,48,909
37,37,-909
38,48,945
38,38,-945
40,48,206
40,40,-206
41,48,514
41,41,-514
42,48,942
42,42,-942
44,48,517
44,44,-517
45,48,1176
45,45,-1176
46,48,2476
46,46,-2476
48,0,61
48,32,1
48,49,5124
48,52,4077
48,64,22
48,80,11
48,81,49
48,84,111
48,96,255
48,128,7
48,144,2
48,145,3
48,160,49
48,192,74
48,256,1
48,272,8
48,273,21
48,276,9
48,288,488
48,320,218
48,384,2
48,512,204
48,48,-10797
49,1,32
49,50,2057
49,53,1905
49,65,17
49,81,8
49,82,17
49,85,72
49,97,196
49,129,8
49,149,3
49,161,48
49,193,37
49,257,2
49,273,14
49,274,7
49,277,18
49,289,397
49,321,126
49,385,2
49,513,158
49,49,-5124
50,2,16
50,54,998
50,66,13
50,82,4
50,86,44
50,98,117
50,130,3
50,150,3
50,162,27
50,194,25
50,274,3
50,278,7
50,290,661
50,322,59
50,386,2
50,514,75
50,50,-2057
52,4,42
52,53,1953
52,56,1298
52,68,11
52,84,13
52,85,19
52,88,49
52,100,122
52,132,1
52,148,3
52,149,5
52,152,3
52,164,59
52,196,28
52,276,5
52,277,12
52,280,6
52,292,261
52,324,70
52,388,4
52,516,113
52,52,-4077
53,5,30
53,54,1665
53,57,1285
53,69,11
53,85,10
53,86,17
53,89,35
53,101,147
53,133,8
53,149,2
53,165,49
53,197,35
53,261,1
53,277,4
53,278,8
53,281,10
53,293,343
53,325,69
53,389,1
53,517,128
53,53,-3858
54,6,19
54,58,1180
54,70,14
54,86,6
54,90,60
54,102,153
54,134,9
54,150,1
54,154,1
54,166,45
54,198,48
54,278,6
54,282,11
54,294,920
54,326,75
54,390,3
54,518,112
54,54,-2663
56,8,18
56,57,648
56,60,395
56,72,4
56,88,1
56,89,6
56,92,12
56,104,36
56,136,1
56,156,1
56,168,15
56,200,21
56,264,1
56,280,1
56,281,2
56,284,2
56,296,90
56,328,12
56,520,32
56,56,-1298
57,9,19
57,58,880
57,61,539
57,73,7
57,89,6
57,90,14
57,93,20
57,105,78
57,137,4
57,153,1
57,154,2
57,157,1
57,169,24
57,201,27
57,265,1
57,281,5
57,282,7
57,285,5
57,297,198
57,329,29
57,393,1
57,521,65
57,57,-1933
58,10,32
58,62,789
58,74,14
58,90,2
58,94,41
58,106,160
58,138,6
58,158,2
58,170,34
58,202,23
58,266,1
58,282,6
58,286,10
58,298,759
58,330,57
58,394,2
58,522,123
58,58,-2061
60,12,3
60,61,265
60,76,1
60,93,1
60,108,117
60,204,1
60,300,6
60,524,1
60,60,-395
61,13,14
61,62,384
61,77,3
61,94,7
61,109,257
61,141,2
61,173,9
61,205,12
61,286,1
61,301,84
61,333,8
61,525,23
61,61,-804
62,14,30
62,78,15
62,94,6
62,110,420
62,142,6
62,174,51
62,206,24
62,270,1
62,286,7
62,302,413
62,334,104
62,398,5
62,526,91
62,62,-1173
64,80,419
64,64,-419
65,80,310
65,65,-310
66,80,148
66,66,-148
68,80,232
68,68,-232
69,80,307
69,69,-307
70,80,258
70,70,-258
72,80,83
72,72,-83
73,80,180
73,73,-180
74,80,330
74,74,-330
76,80,4
76,76,-4
77,80,102
77,77,-102
78,80,215
78,78,-215
80,0,16
80,32,23
80,64,20
80,81,1195
80,84,951
80,96,18
80,128,1
80,144,4
80,145,4
80,148,24
80,160,52
80,192,1
80,272,1
80,276,1
80,288,15
80,320,119
80,384,150
80,512,4
80,80,-2599
81,1,15
81,33,19
81,65,20
81,82,508
81,85,461
81,97,9
81,146,1
81,149,16
81,161,40
81,193,1
81,257,2
81,273,1
81,277,1
81,289,7
81,321,72
81,385,77
81,513,2
81,81,-1252
82,2,1
82,34,7
82,66,11
82,86,272
82,98,4
82,150,6
82,162,12
82,194,2
82,258,1
82,274,1
82,278,2
82,290,1
82,322,179
82,386,27
82,514,3
82,82,-529
84,4,5
84,36,14
84,68,21
84,85,466
84,88,389
84,100,4
84,132,1
84,148,1
84,149,3
84,152,11
84,164,31
84,196,3
84,280,1
84,292,5
84,324,47
84,388,74
84,84,-1076
85,5,5
85,25,1
85,37,14
85,69,13
85,86,440
85,89,340
85,101,5
85,133,1
85,149,1
85,153,11
85,165,25
85,197,2
85,261,2
85,277,2
85,293,3
85,325,70
85,389,93
85,517,3
85,85,-1031
86,6,5
86,38,13
86,70,14
86,90,357
86,102,13
86,150,1
86,154,8
86,166,26
86,198,2
86,278,1
86,294,4
86,326,249
86,390,81
86,518,5
86,86,-779
88,8,2
88,40,6
88,72,6
88,89,212
88,92,132
88,104,1
88,152,1
88,153,1
88,156,2
88,168,12
88,264,1
88,281,1
88,328,27
88,392,35
88,520,2
88,88,-441
89,9,8
89,41,12
89,73,8
89,90,254
89,93,186
89,105,1
89,137,1
89,153,1
89,154,1
89,157,2
89,169,17
89,201,1
89,297,3
89,329,50
89,393,56
89,89,-601
90,10,9
90,42,26
90,74,26
90,94,261
90,106,2
90,138,3
90,154,1
90,158,7
90,170,28
90,202,2
90,286,1
90,298,2
90,330,261
90,394,63
90,90,-692
92,93,79
92,108,60
92,157,1
92,172,1
92,332,1
92,396,2
92,92,-144
93,13,6
93,45,3
93,77,5
93,94,133
93,109,95
93,173,6
93,301,1
93,333,20
93,397,16
93,525,1
93,93,-286
94,14,4
94,46,13
94,78,12
94,110,141
94,142,1
94,174,24
94,206,1
94,286,1
94,302,2
94,334,191
94,398,59
94,94,-449
96,112,309
96,96,-309
97,112,229
97,97,-229
98,112,137
98,98,-137
100,112,150
100,100,-150
101,112,183
101,101,-183
102,112,191
102,102,-191
104,112,44
104,104,-44
105,112,98
105,105,-98
106,112,182
106,106,-182
108,112,178
108,108,-178
109,112,355
109,109,-355
110,112,574
110,110,-574
112,0,15
112,64,6
112,96,14
112,113,1241
112,116,971
112,128,3
112,160,12
112,176,1
112,177,1
112,180,4
112,192,13
112,208,2
112,209,3
112,212,17
112,224,65
112,288,1
112,304,1
112,305,2
112,320,2
112,352,80
112,384,2
112,416,43
112,448,81
112,544,8
112,576,8
112,640,34
112,112,-2630
113,1,5
113,65,6
113,97,9
113,114,503
113,117,470
113,129,3
113,161,11
113,193,12
113,210,1
113,213,5
113,225,31
113,305,3
113,309,2
113,321,2
113,353,54
113,417,43
113,449,42
113,545,5
113,577,3
113,641,31
113,113,-1241
114,2,2
114,98,6
114,118,246
114,162,4
114,182,3
114,194,9
114,214,9
114,226,21
114,354,150
114,418,19
114,450,9
114,546,2
114,578,1
114,642,22
114,114,-503
116,4,5
116,68,4
116,100,4
116,117,441
116,120,342
116,132,2
116,164,3
116,180,1
116,196,6
116,216,8
116,228,27
116,292,1
116,308,2
116,324,3
116,341,1
116,356,45
116,408,2
116,420,21
116,452,20
116,548,1
116,580,4
116,644,27
116,772,1
116,116,-971
117,5,10
117,69,5
117,101,11
117,118,414
117,121,283
117,133,3
117,165,5
117,185,2
117,197,8
117,213,2
117,214,1
117,217,5
117,229,26
117,309,2
117,325,2
117,357,46
117,389,1
117,421,28
117,453,27
117,517,1
117,549,2
117,581,3
117,645,24
117,117,-911
118,6,8
118,70,5
118,102,12
118,122,278
118,134,2
118,166,8
118,186,2
118,198,12
118,214,1
118,218,9
118,230,21
118,346,1
118,358,226
118,410,1
118,422,35
118,454,12
118,550,4
118,582,3
118,646,20
118,118,-660
120,8,3
120,72,2
120,104,2
120,121,190
120,124,97
120,136,3
120,168,2
120,185,1
120,200,3
120,216,3
120,232,4
120,328,1
120,360,12
120,424,9
120,456,3
120,552,1
120,584,1
120,648,5
120,120,-342
121,9,1
121,73,2
121,105,3
121,122,237
121,125,139
121,137,2
121,169,3
121,186,1
121,201,3
121,217,1
121,221,4
121,233,16
121,297,1
121,313,1
121,317,1
121,345,1
121,361,20
121,425,13
121,457,11
121,553,1
121,649,12
121,121,-473
122,10,7
122,74,6
122,106,5
122,126,186
122,170,6
122,202,11
122,218,1
122,222,7
122,234,18
122,298,1
122,314,1
122,362,199
122,426,27
122,458,15
122,554,1
122,586,1
122,650,23
122,122,-515
124,12,1
124,125,64
124,236,31
124,428,1
124,124,-97
125,13,2
125,77,5
125,109,1
125,126,95
125,173,1
125,205,3
125,237,64
125,365,16
125,429,5
125,461,7
125,557,1
125,653,3
125,125,-203
126,14,8
126,78,1
126,110,6
126,174,6
126,206,4
126,238,98
126,366,108
126,430,20
126,462,11
126,558,2
126,654,17
126,126,-281
128,144,57
128,128,-57
129,144,46
129,129,-46
130,144,12
130,130,-12
132,144,28
132,132,-28
133,144,41
133,133,-41
134,144,28
134,134,-28
136,144,9
136,136,-9
137,144,18
137,137,-18
138,144,40
138,138,-40
141,144,11
141,141,-11
142,144,25
142,142,-25
144,0,2
144,32,9
144,64,3
144,145,137
144,148,128
144,160,5
144,256,14
144,288,1
144,384,22
144,144,-321
145,17,1
145,33,5
145,65,3
145,146,53
145,149,65
145,257,9
145,289,1
145,385,8
145,145,-145
146,2,2
146,22,1
146,34,2
146,66,2
146,150,23
146,258,6
146,386,18
146,146,-54
148,36,9
148,68,4
148,149,65
148,152,62
148,164,1
148,260,8
148,388,9
148,148,-158
149,5,2
149,25,1
149,37,6
149,69,5
149,133,1
149,150,65
149,153,54
149,165,1
149,261,12
149,293,2
149,389,14
149,149,-163
150,38,12
150,70,1
150,154,42
150,166,1
150,262,9
150,390,34
150,150,-99
152,40,2
152,72,1
152,153,37
152,156,31
152,264,1
152,392,5
152,152,-77
153,29,1
153,41,4
153,73,1
153,137,1
153,154,53
153,157,25
153,169,2
153,265,10
153,393,9
153,153,-106
154,10,2
154,30,1
154,42,5
154,74,3
154,138,1
154,158,40
154,170,1
154,266,14
154,394,41
154,154,-108
156,44,1
156,157,20
156,172,11
156,268,2
156,156,-34
157,13,1
157,45,1
157,77,1
157,158,26
157,173,16
157,269,3
157,397,2
157,157,-50
158,14,1
158,46,8
158,78,2
158,142,1
158,174,20
158,270,8
158,398,36
158,158,-76
160,176,143
160,160,-143
161,176,110
161,161,-110
162,176,54
162,162,-54
164,176,105
164,164,-105
165,176,89
165,165,-89
166,176,95
166,166,-95
168,176,30
168,168,-30
169,176,53
169,169,-53
170,176,80
170,170,-80
172,176,13
172,172,-13
173,176,35
173,173,-35
174,176,109
174,174,-109
176,0,8
176,64,2
176,96,19
176,128,2
176,160,12
176,177,415
176,180,362
176,192,3
176,208,1
176,209,2
176,212,12
176,224,4
176,288,33
176,320,6
176,352,6
176,400,1
176,416,12
176,448,5
176,512,8
176,544,1
176,576,2
176,640,1
176,176,-917
177,1,2
177,65,1
177,85,2
177,97,13
177,129,1
177,161,3
177,178,170
177,181,150
177,193,5
177,210,1
177,213,2
177,225,1
177,289,24
177,321,3
177,341,1
177,353,6
177,385,2
177,401,1
177,405,1
177,417,13
177,449,5
177,513,7
177,577,1
177,641,1
177,177,-416
178,2,3
178,98,7
178,162,5
178,182,89
178,194,1
178,214,3
178,290,9
178,322,2
178,354,1
178,386,1
178,418,45
178,450,2
178,514,1
178,642,1
178,178,-170
180,4,5
180,88,2
180,100,16
180,132,1
180,164,2
180,181,165
180,184,125
180,196,2
180,213,2
180,216,2
180,228,1
180,260,1
180,292,9
180,324,2
180,356,2
180,388,1
180,408,1
180,420,12
180,452,6
180,516,7
180,644,3
180,180,-367
181,5,3
181,85,1
181,89,1
181,101,17
181,165,2
181,182,143
181,185,103
181,197,3
181,213,1
181,214,1
181,217,2
181,229,2
181,293,13
181,325,4
181,421,10
181,453,1
181,517,5
181,581,2
181,645,1
181,181,-315
182,6,1
182,90,5
182,102,12
182,134,1
182,166,4
182,186,109
182,198,2
182,218,1
182,294,20
182,326,5
182,358,3
182,422,64
182,454,3
182,518,3
182,646,2
182,182,-235
184,8,4
184,89,1
184,104,5
184,185,52
184,188,39
184,200,1
184,220,1
184,296,9
184,328,1
184,360,1
184,424,6
184,456,2
184,520,3
184,184,-125
185,9,2
185,105,16
185,153,1
185,186,73
185,189,37
185,218,1
185,297,13
185,329,2
185,361,2
185,393,1
185,409,1
185,425,4
185,521,4
185,649,1
185,185,-158
186,10,3
186,58,1
186,74,1
186,94,1
186,106,12
186,138,1
186,170,4
186,190,68
186,202,1
186,222,3
186,234,3
186,298,18
186,330,4
186,362,4
186,426,53
186,458,2
186,522,5
186,650,1
186,186,-185
188,108,1
188,189,18
188,236,16
188,300,2
188,332,1
188,428,1
188,188,-39
189,13,2
189,77,1
189,109,1
189,141,1
189,173,2
189,190,28
189,205,1
189,237,11
189,301,2
189,317,1
189,333,1
189,365,2
189,429,1
189,525,1
189,189,-55
190,14,1
190,110,6
190,142,1
190,174,3
190,206,4
190,238,27
190,302,7
190,334,7
190,366,1
190,398,1
190,430,33
190,462,2
190,526,1
190,654,2
190,190,-96
192,208,98
192,192,-98
193,208,58
193,193,-58
194,208,42
194,194,-42
196,208,44
196,196,-44
197,208,53
197,197,-53
198,208,68
198,198,-68
200,208,28
200,200,-28
201,208,33
201,201,-33
202,208,41
202,202,-41
204,208,1
204,204,-1
205,208,17
205,205,-17
206,208,36
206,206,-36
208,0,2
208,32,5
208,64,8
208,84,1
208,96,2
208,145,1
208,148,2
208,160,8
208,192,1
208,209,221
208,212,217
208,224,4
208,288,1
208,320,10
208,352,2
208,384,16
208,416,1
208,448,20
208,208,-522
209,1,1
209,33,3
209,65,5
209,97,1
209,149,1
209,161,7
209,210,97
209,213,81
209,225,1
209,321,3
209,353,1
209,385,8
209,449,17
209,209,-226
210,34,1
210,162,5
210,214,51
210,226,1
210,322,3
210,386,5
210,450,33
210,210,-99
212,4,1
212,36,4
212,68,2
212,100,1
212,149,1
212,164,6
212,213,109
212,216,95
212,324,5
212,340,1
212,356,1
212,388,8
212,452,16
212,580,2
212,212,-252
213,5,2
213,37,4
213,69,7
213,101,1
213,149,1
213,165,4
213,197,2
213,214,80
213,217,77
213,325,5
213,357,1
213,389,5
213,421,2
213,453,11
213,645,1
213,213,-203
214,6,1
214,38,2
214,166,8
214,218,69
214,326,2
214,390,13
214,454,51
214,214,-146
216,40,1
216,72,2
216,168,1
216,200,1
216,217,46
216,220,45
216,328,3
216,392,4
216,456,6
216,216,-109
217,9,2
217,73,5
217,169,5
217,218,62
217,221,36
217,329,4
217,361,1
217,393,10
217,457,8
217,217,-133
218,10,1
218,42,6
218,74,3
218,158,1
218,170,6
218,222,46
218,234,1
218,330,5
218,394,14
218,426,2
218,458,59
218,218,-144
220,172,1
220,221,19
220,236,26
220,220,-46
221,13,2
221,45,2
221,77,3
221,157,1
221,222,28
221,237,14
221,269,1
221,333,2
221,397,1
221,461,5
221,221,-59
222,14,2
222,46,2
222,78,2
222,174,4
222,206,1
222,238,27
222,334,2
222,398,11
222,430,1
222,462,32
222,222,-84
224,240,83
224,224,-83
225,240,41
225,225,-41
226,240,28
226,226,-28
228,240,35
228,228,-35
229,240,39
229,229,-39
230,240,32
230,230,-32
232,240,6
232,232,-6
233,240,20
233,233,-20
234,240,28
234,234,-28
236,240,82
236,236,-82
237,240,98
237,237,-98
238,240,187
238,238,-187
240,0,5
240,64,2
240,96,2
240,160,5
240,192,7
240,212,6
240,224,11
240,241,315
240,244,266
240,352,11
240,416,8
240,448,4
240,480,21
240,640,14
240,672,1
240,704,1
240,240,-679
241,65,1
241,97,1
241,161,1
241,193,3
241,213,1
241,225,8
241,242,146
241,245,118
241,353,2
241,417,8
241,449,2
241,466,1
241,481,16
241,609,2
241,641,3
241,705,2
241,241,-315
242,2,1
242,98,3
242,162,1
242,194,5
242,226,6
242,246,77
242,354,5
242,418,3
242,450,3
242,482,37
242,610,1
242,642,3
242,706,1
242,242,-146
244,4,4
244,100,3
244,132,2
244,164,3
244,196,5
244,216,1
244,228,8
244,245,123
244,248,91
244,292,1
244,324,2
244,420,9
244,452,2
244,484,8
244,644,3
244,804,1
244,244,-266
245,5,1
245,101,2
245,165,4
245,197,3
245,217,2
245,229,13
245,246,108
245,249,77
245,357,4
245,421,6
245,453,1
245,485,11
245,613,2
245,645,7
245,245,-241
246,6,2
246,102,1
246,166,3
246,198,4
246,218,1
246,230,12
246,250,74
246,262,1
246,294,1
246,358,4
246,422,5
246,454,2
246,486,70
246,646,3
246,710,2
246,246,-185
248,104,1
248,200,2
248,232,2
248,249,44
248,252,26
248,360,7
248,424,2
248,456,1
248,488,4
248,648,2
248,248,-91
249,9,2
249,105,1
249,169,2
249,201,2
249,233,5
249,250,56
249,253,34
249,361,3
249,425,5
249,457,4
249,489,3
249,585,1
249,617,1
249,649,2
249,249,-121
250,10,1
250,74,2
250,106,3
250,170,1
250,202,4
250,234,6
250,254,48
250,362,4
250,394,1
250,426,4
250,458,1
250,490,54
250,650,1
250,250,-130
252,236,9
252,253,16
252,492,1
252,252,-26
253,109,1
253,173,1
253,205,1
253,237,10
253,254,25
253,365,1
253,429,1
253,493,4
253,653,4
253,685,1
253,717,1
253,253,-50
254,14,3
254,110,1
254,174,1
254,206,2
254,238,35
254,366,6
254,430,3
254,462,2
254,494,17
254,654,2
254,718,1
254,254,-73
256,272,3239
256,256,-3239
257,272,3023
257,257,-3023
258,272,3671
258,258,-3671
260,272,1997
260,260,-1997
261,272,2732
261,261,-2732
262,272,6066
262,262,-6066
264,272,739
264,264,-739
265,272,1635
265,265,-1635
266,272,5651
266,266,-5651
268,272,53
268,268,-53
269,272,729
269,269,-729
270,272,3608
270,270,-3608
272,256,144
272,273,17187
272,276,12771
272,288,715
272,320,235
272,384,30
272,512,2070
272,272,-33152
273,257,106
273,274,7132
273,277,7344
273,289,641
273,321,169
273,385,10
273,513,1821
273,273,-17223
274,258,40
274,278,4108
274,290,339
274,322,93
274,386,11
274,514,2554
274,274,-7145
276,260,102
276,277,6529
276,280,4298
276,292,413
276,324,141
276,388,14
276,516,1295
276,276,-12792
277,261,136
277,278,6325
277,281,4894
277,293,586
277,325,158
277,389,21
277,517,1797
277,277,-13917
278,262,74
278,282,5101
278,294,646
278,326,163
278,390,18
278,518,4462
278,278,-10464
280,264,69
280,281,2266
280,284,1267
280,296,152
280,328,65
280,392,4
280,520,485
280,280,-4308
281,265,76
281,282,3459
281,285,2079
281,297,364
281,329,110
281,393,14
281,521,1078
281,281,-7180
282,266,116
282,286,3387
282,298,669
282,330,186
282,394,24
282,522,4203
282,282,-8585
284,268,10
284,285,834
284,300,392
284,332,1
284,524,33
284,284,-1270
285,269,62
285,286,1406
285,301,957
285,333,56
285,397,9
285,525,429
285,285,-2919
286,270,113
286,302,1849
286,334,142
286,398,19
286,526,2692
286,286,-4815
288,304,1373
288,288,-1373
289,304,1136
289,289,-1136
290,304,1052
290,290,-1052
292,304,740
292,292,-740
293,304,1024
293,293,-1024
294,304,1661
294,294,-1661
296,304,272
296,296,-272
297,304,633
297,297,-633
298,304,1547
298,298,-1547
300,304,405
300,300,-405
301,304,1072
301,301,-1072
302,304,2334
302,302,-2334
304,256,76
304,276,1
304,288,4
304,305,6220
304,308,5074
304,320,37
304,336,16
304,337,64
304,340,132
304,352,299
304,384,21
304,400,3
304,401,4
304,416,86
304,448,74
304,528,19
304,529,26
304,532,34
304,544,640
304,576,162
304,640,5
304,768,253
304,304,-13250
305,257,43
305,289,1
305,306,2569
305,309,2325
305,321,20
305,337,11
305,338,27
305,341,88
305,353,228
305,385,14
305,401,1
305,402,1
305,405,2
305,417,48
305,449,61
305,513,1
305,529,8
305,530,9
305,533,14
305,545,469
305,577,92
305,641,4
305,769,190
305,305,-6226
306,258,20
306,274,1
306,310,1272
306,322,8
306,338,7
306,342,50
306,354,127
306,386,8
306,402,1
306,406,2
306,418,36
306,450,32
306,530,4
306,534,7
306,546,814
306,578,63
306,642,3
306,770,114
306,306,-2569
308,260,41
308,309,2405
308,312,1664
308,324,23
308,340,7
308,341,41
308,344,74
308,356,132
308,388,8
308,405,4
308,408,3
308,420,53
308,452,32
308,516,3
308,532,19
308,533,19
308,536,12
308,548,325
308,580,66
308,644,3
308,772,142
308,308,-5076
309,261,43
309,293,2
309,310,2103
309,313,1498
309,325,31
309,341,6
309,342,24
309,345,51
309,357,166
309,389,4
309,406,1
309,409,2
309,421,52
309,453,50
309,517,2
309,533,14
309,534,16
309,537,19
309,549,399
309,581,85
309,645,5
309,773,161
309,309,-4734
310,262,27
310,314,1459
310,326,25
310,342,6
310,346,55
310,358,198
310,390,9
310,410,2
310,422,53
310,454,45
310,534,13
310,538,14
310,550,1202
310,582,107
310,646,2
310,774,158
310,310,-3375
312,264,14
312,313,836
312,316,494
312,328,3
312,344,3
312,345,5
312,348,16
312,360,56
312,392,3
312,409,1
312,412,1
312,424,12
312,456,22
312,520,1
312,536,2
312,540,1
312,552,111
312,584,21
312,776,62
312,312,-1664
313,265,37
313,314,1092
313,317,628
313,329,9
313,345,1
313,346,13
313,349,34
313,361,84
313,393,3
313,409,1
313,410,1
313,413,1
313,425,33
313,457,32
313,521,1
313,537,9
313,538,7
313,541,10
313,553,223
313,585,35
313,649,1
313,777,80
313,313,-2335
314,266,22
314,318,947
314,330,11
314,346,3
314,350,48
314,362,166
314,394,7
314,410,2
314,414,4
314,426,58
314,458,33
314,538,4
314,542,12
314,554,983
314,586,94
314,650,2
314,778,156
314,314,-2552
316,268,7
316,317,291
316,349,4
316,364,172
316,396,1
316,428,1
316,540,1
316,541,1
316,556,12
316,780,4
316,316,-494
317,269,20
317,318,414
317,333,7
317,350,5
317,365,286
317,397,8
317,414,1
317,429,16
317,461,14
317,541,2
317,542,2
317,557,99
317,589,16
317,781,31
317,317,-921
318,270,41
318,302,1
318,334,21
318,350,3
318,366,472
318,398,5
318,430,55
318,462,23
318,542,7
318,558,462
318,590,116
318,654,5
318,782,150
318,318,-1361
320,336,715
320,320,-715
321,336,447
321,321,-447
322,336,376
322,322,-376
324,336,346
324,324,-346
325,336,408
325,325,-408
326,336,565
326,326,-565
328,336,131
328,328,-131
329,336,241
329,329,-241
330,336,576
330,330,-576
332,336,6
332,332,-6
333,336,108
333,333,-108
334,336,519
334,334,-519
336,256,22
336,276,1
336,288,53
336,320,34
336,337,2074
336,340,1800
336,352,17
336,384,2
336,400,3
336,401,14
336,404,55
336,416,50
336,448,1
336,512,3
336,528,4
336,529,2
336,532,4
336,544,8
336,576,188
336,640,113
336,768,8
336,336,-4456
337,257,12
337,277,1
337,289,27
337,321,28
337,338,889
337,341,846
337,353,6
337,385,2
337,401,2
337,402,12
337,405,24
337,417,35
337,449,3
337,529,2
337,530,3
337,533,5
337,545,4
337,577,141
337,641,108
337,769,4
337,337,-2154
338,258,11
338,278,1
338,290,20
338,322,16
338,342,456
338,354,12
338,386,1
338,402,1
338,406,17
338,418,25
338,450,3
338,514,2
338,530,1
338,534,1
338,546,4
338,578,280
338,642,71
338,770,1
338,338,-923
340,260,18
340,276,1
340,277,1
340,292,20
340,324,20
340,341,888
340,344,753
340,356,3
340,388,2
340,404,3
340,405,4
340,408,16
340,420,26
340,452,2
340,532,2
340,533,2
340,548,3
340,580,124
340,644,58
340,772,2
340,340,-1948
341,261,13
341,278,1
341,281,1
341,293,34
341,325,35
341,342,823
341,345,646
341,357,6
341,389,7
341,405,2
341,406,10
341,409,29
341,421,39
341,517,2
341,533,3
341,534,3
341,537,1
341,549,3
341,581,114
341,645,102
341,773,3
341,341,-1877
342,262,6
342,294,32
342,326,21
342,346,615
342,358,20
342,390,3
342,406,1
342,410,23
342,422,38
342,454,2
342,518,4
342,534,1
342,538,4
342,550,9
342,582,479
342,646,100
342,774,4
342,342,-1362
344,264,5
344,281,1
344,296,9
344,328,12
344,345,388
344,348,324
344,360,3
344,408,1
344,412,6
344,424,15
344,456,1
344,520,1
344,536,1
344,537,1
344,552,1
344,584,37
344,648,24
344,776,3
344,344,-833
345,265,12
345,285,1
345,297,20
345,329,23
345,346,480
345,349,355
345,361,4
345,393,1
345,409,1
345,410,5
345,413,12
345,425,23
345,457,1
345,521,2
345,537,2
345,541,2
345,553,4
345,585,88
345,649,55
345,777,2
345,345,-1093
346,266,15
346,298,36
346,330,24
346,350,492
346,362,10
346,394,5
346,410,4
346,414,18
346,426,28
346,458,1
346,522,5
346,554,6
346,586,416
346,650,103
346,778,6
346,346,-1169
348,268,1
348,300,2
348,349,138
348,364,188
348,413,2
348,588,7
348,652,2
348,348,-340
349,269,3
349,301,13
349,333,8
349,350,264
349,365,150
349,429,13
349,461,1
349,541,2
349,589,44
349,653,34
349,349,-532
350,270,16
350,302,28
350,334,30
350,366,269
350,398,1
350,430,32
350,462,1
350,526,1
350,558,3
350,590,341
350,654,91
350,782,2
350,350,-815
352,368,529
352,352,-529
353,368,352
353,353,-352
354,368,335
354,354,-335
356,368,239
356,356,-239
357,368,270
357,357,-270
358,368,498
358,358,-498
360,368,98
360,360,-98
361,368,151
361,361,-151
362,368,437
362,362,-437
364,368,365
364,364,-365
365,368,469
365,365,-469
366,368,895
366,366,-895
368,256,17
368,320,13
368,352,29
368,369,2232
368,372,1772
368,384,5
368,400,1
368,401,1
368,416,20
368,433,1
368,436,7
368,448,38
368,464,2
368,465,9
368,468,38
368,480,70
368,544,2
368,560,1
368,564,1
368,576,1
368,592,1
368,593,2
368,596,2
368,608,148
368,640,2
368,657,1
368,672,68
368,704,53
368,768,1
368,784,1
368,800,20
368,832,77
368,896,2
368,368,-4638
369,257,13
369,321,5
369,353,20
369,370,932
369,373,844
369,385,3
369,417,20
369,434,4
369,437,2
369,449,30
369,465,3
369,466,5
369,469,23
369,481,58
369,513,1
369,545,1
369,562,1
369,565,3
369,577,2
369,597,2
369,609,109
369,641,1
369,673,52
369,705,32
369,801,16
369,833,50
369,369,-2232
370,258,9
370,322,8
370,354,12
370,374,460
370,386,3
370,418,10
370,438,4
370,450,12
370,470,20
370,482,29
370,546,2
370,578,1
370,594,1
370,598,2
370,610,274
370,662,1
370,674,36
370,706,12
370,802,7
370,834,29
370,370,-932
372,260,15
372,324,7
372,356,15
372,373,839
372,376,605
372,388,3
372,420,16
372,437,1
372,440,1
372,452,14
372,468,1
372,469,5
372,472,11
372,484,38
372,564,1
372,580,4
372,596,1
372,600,2
372,612,77
372,661,1
372,676,42
372,708,23
372,804,9
372,836,41
372,372,-1772
373,261,18
373,325,7
373,342,1
373,357,20
373,374,759
373,377,578
373,389,3
373,421,20
373,438,2
373,441,1
373,453,16
373,469,1
373,473,6
373,485,39
373,517,1
373,549,1
373,566,1
373,598,1
373,601,1
373,613,79
373,677,41
373,709,27
373,805,13
373,837,47
373,373,-1683
374,262,10
374,326,5
374,358,18
374,378,557
374,390,4
374,422,20
374,442,3
374,454,13
374,470,2
374,474,16
374,486,46
374,518,1
374,566,1
374,582,1
374,614,380
374,678,55
374,710,32
374,790,1
374,806,11
374,838,43
374,374,-1219
376,264,6
376,328,3
376,360,7
376,377,308
376,380,175
376,392,1
376,424,4
376,456,5
376,473,1
376,476,1
376,488,8
376,552,1
376,604,2
376,616,41
376,665,1
376,680,14
376,712,8
376,808,3
376,840,16
376,376,-605
377,265,12
377,329,1
377,361,12
377,378,436
377,381,255
377,393,3
377,425,3
377,445,1
377,457,7
377,474,1
377,477,9
377,489,19
377,553,1
377,585,2
377,617,47
377,649,1
377,681,24
377,713,10
377,809,6
377,841,36
377,377,-886
378,266,13
378,330,4
378,362,21
378,382,379
378,394,1
378,426,13
378,442,1
378,446,2
378,458,16
378,474,1
378,478,8
378,490,51
378,522,1
378,554,1
378,586,3
378,618,338
378,650,2
378,682,50
378,714,26
378,810,11
378,842,51
378,378,-993
380,268,2
380,381,99
380,492,64
380,620,4
380,684,1
380,716,1
380,796,1
380,844,3
380,380,-175
381,269,8
381,333,2
381,365,4
381,382,171
381,414,1
381,429,4
381,461,7
381,477,1
381,493,104
381,557,1
381,621,23
381,685,10
381,717,5
381,813,1
381,845,12
381,381,-354
382,270,12
382,334,11
382,366,21
382,398,6
382,430,9
382,462,12
382,494,188
382,558,3
382,590,2
382,622,199
382,686,27
382,718,16
382,814,9
382,846,35
382,382,-550
384,400,259
384,384,-259
385,400,129
385,385,-129
386,400,80
386,386,-80
388,400,130
388,388,-130
389,400,154
389,389,-154
390,400,174
390,390,-174
392,400,57
392,392,-57
393,400,101
393,393,-101
394,400,161
394,394,-161
396,400,4
396,396,-4
397,400,41
397,397,-41
398,400,148
398,398,-148
400,256,9
400,276,3
400,288,54
400,320,13
400,384,5
400,401,627
400,404,616
400,416,7
400,512,46
400,544,9
400,576,2
400,640,55
400,768,1
400,400,-1447
401,257,3
401,274,1
401,277,2
401,289,32
401,321,7
401,385,3
401,402,257
401,405,253
401,417,11
401,513,40
401,545,5
401,577,1
401,641,29
401,769,6
401,401,-650
402,258,2
402,278,5
402,290,15
402,322,4
402,386,3
402,406,137
402,418,1
402,514,28
402,546,6
402,642,70
402,770,2
402,402,-273
404,260,6
404,277,1
404,280,1
404,292,23
404,324,15
404,405,295
404,408,270
404,420,4
404,516,34
404,548,7
404,644,24
404,772,2
404,404,-682
405,261,2
405,277,2
405,293,33
405,325,13
405,389,2
405,406,239
405,409,215
405,421,6
405,517,33
405,534,1
405,549,2
405,581,1
405,645,39
405,773,1
405,405,-589
406,262,6
406,282,1
406,294,30
406,326,6
406,390,2
406,410,207
406,422,4
406,518,29
406,550,4
406,646,118
406,406,-407
408,280,1
408,284,1
408,296,9
408,328,1
408,392,2
408,409,117
408,412,133
408,424,2
408,520,18
408,552,1
408,584,2
408,648,9
408,776,1
408,408,-297
409,265,4
409,297,30
409,329,8
409,393,2
409,410,166
409,413,117
409,425,1
409,521,23
409,553,1
409,585,1
409,649,16
409,777,1
409,409,-370
410,266,4
410,286,2
410,298,48
410,330,9
410,414,174
410,426,1
410,522,39
410,542,1
410,554,6
410,586,4
410,650,128
410,410,-416
412,268,1
412,300,2
412,332,2
412,413,45
412,428,84
412,524,4
412,556,1
412,652,1
412,780,1
412,412,-141
413,269,2
413,301,13
413,333,1
413,397,2
413,414,71
413,429,65
413,525,14
413,557,2
413,653,7
413,781,1
413,413,-178
414,270,7
414,302,29
414,334,2
414,398,3
414,430,88
414,526,46
414,558,9
414,654,87
414,782,2
414,414,-273
416,432,278
416,416,-278
417,432,207
417,417,-207
418,432,153
418,418,-153
420,432,162
420,420,-162
421,432,187
421,421,-187
422,432,249
422,422,-249
424,432,57
424,424,-57
425,432,101
425,425,-101
426,432,216
426,426,-216
428,432,89
428,428,-89
429,432,113
429,429,-113
430,432,260
430,430,-260
432,256,12
432,320,9
432,336,2
432,337,3
432,340,8
432,352,69
432,384,3
432,416,13
432,433,888
432,436,831
432,448,11
432,465,9
432,468,14
432,480,14
432,512,1
432,544,62
432,576,24
432,608,9
432,640,1
432,657,3
432,672,29
432,704,5
432,768,4
432,800,1
432,896,47
432,432,-2072
433,257,7
433,305,1
433,321,3
433,337,2
433,341,4
433,353,33
433,402,1
433,417,11
433,434,362
433,437,317
433,449,4
433,466,8
433,469,9
433,481,5
433,513,1
433,533,1
433,545,46
433,577,9
433,594,1
433,609,8
433,673,20
433,705,6
433,801,1
433,897,29
433,433,-889
434,258,3
434,322,1
434,342,2
434,354,21
434,418,2
434,438,170
434,450,3
434,470,16
434,482,1
434,546,22
434,578,9
434,594,1
434,598,1
434,610,2
434,658,1
434,662,2
434,674,90
434,706,4
434,898,15
434,434,-366
436,260,8
436,324,4
436,344,3
436,356,28
436,388,3
436,404,1
436,408,1
436,420,7
436,437,370
436,440,280
436,452,13
436,469,4
436,472,9
436,484,2
436,548,34
436,580,12
436,597,1
436,612,5
436,661,1
436,664,1
436,676,19
436,708,2
436,772,1
436,788,1
436,804,4
436,900,25
436,436,-839
437,261,8
437,325,3
437,341,2
437,345,1
437,357,23
437,389,1
437,421,13
437,438,294
437,441,225
437,453,7
437,470,2
437,473,5
437,485,3
437,537,1
437,549,32
437,565,1
437,581,17
437,601,1
437,613,5
437,645,1
437,677,15
437,709,4
437,773,1
437,805,4
437,901,21
437,437,-690
438,262,9
438,326,2
438,346,2
438,358,26
438,390,1
438,410,1
438,422,9
438,442,188
438,454,9
438,474,13
438,486,4
438,550,33
438,582,14
438,614,3
438,662,1
438,666,2
438,678,126
438,710,9
438,774,1
438,838,1
438,902,16
438,438,-470
440,264,4
440,360,10
440,392,2
440,424,1
440,441,110
440,444,116
440,456,3
440,473,1
440,476,1
440,552,12
440,584,6
440,616,1
440,680,9
440,712,1
440,904,4
440,440,-281
441,265,1
441,349,1
441,361,20
441,413,1
441,425,10
441,442,154
441,445,88
441,457,5
441,474,2
441,477,3
441,538,1
441,553,14
441,585,12
441,617,3
441,681,12
441,713,1
441,905,8
441,441,-336
442,266,6
442,298,1
442,330,1
442,350,3
442,362,20
442,414,1
442,426,10
442,446,119
442,458,7
442,478,12
442,490,5
442,554,25
442,586,7
442,618,2
442,670,2
442,682,106
442,714,3
442,778,1
442,810,1
442,906,14
442,442,-346
444,268,1
444,364,4
444,396,1
444,445,57
444,492,49
444,556,1
444,684,3
444,444,-116
445,269,1
445,333,2
445,365,6
445,397,1
445,429,2
445,446,72
445,478,1
445,493,39
445,557,7
445,573,1
445,589,5
445,653,1
445,685,4
445,909,4
445,445,-146
446,270,3
446,334,2
446,366,14
446,398,1
446,430,5
446,462,6
446,494,50
446,526,1
446,558,25
446,590,7
446,622,2
446,670,2
446,686,45
446,718,16
446,782,1
446,814,1
446,910,12
446,446,-193
448,464,250
448,448,-250
449,464,170
449,449,-170
450,464,101
450,450,-101
452,464,116
452,452,-116
453,464,116
453,453,-116
454,464,146
454,454,-146
456,464,48
456,456,-48
457,464,70
457,457,-70
458,464,140
458,458,-140
461,464,36
461,461,-36
462,464,92
462,462,-92
464,256,3
464,288,8
464,320,17
464,352,1
464,400,1
464,404,6
464,416,28
464,448,2
464,465,537
464,468,567
464,480,6
464,544,2
464,576,26
464,608,1
464,640,41
464,672,6
464,704,34
464,832,1
464,896,1
464,464,-1288
465,257,1
465,289,7
465,321,9
465,353,1
465,405,3
465,417,15
465,449,1
465,466,221
465,469,209
465,481,2
465,545,2
465,577,19
465,593,1
465,609,1
465,641,30
465,657,1
465,661,1
465,673,12
465,705,20
465,769,1
465,897,1
465,465,-558
466,290,8
466,322,3
466,418,6
466,450,1
466,470,122
466,578,4
466,610,1
466,642,11
466,674,4
466,706,74
466,834,1
466,466,-235
468,260,7
468,292,7
468,324,4
468,356,1
468,388,3
468,404,1
468,405,1
468,408,2
468,420,11
468,452,1
468,469,247
468,472,297
468,580,11
468,596,1
468,612,2
468,644,17
468,660,1
468,676,3
468,708,18
468,836,1
468,468,-636
469,261,6
469,293,10
469,325,6
469,357,1
469,409,3
469,421,10
469,470,227
469,473,166
469,485,2
469,517,1
469,534,1
469,581,15
469,613,3
469,645,26
469,677,8
469,709,16
469,837,3
469,469,-504
470,262,2
470,294,10
470,326,7
470,390,3
470,410,3
470,422,18
470,474,181
470,486,3
470,582,10
470,614,1
470,646,24
470,678,6
470,710,126
470,774,1
470,838,1
470,470,-396
472,296,3
472,328,3
472,408,1
472,412,1
472,424,5
472,456,2
472,473,87
472,476,201
472,488,1
472,584,3
472,648,7
472,712,3
472,776,1
472,472,-318
473,265,1
473,297,6
473,329,4
473,361,2
473,425,8
473,474,116
473,477,84
473,489,2
473,585,5
473,601,2
473,617,1
473,649,15
473,681,2
473,713,17
473,841,2
473,473,-267
474,266,4
474,298,13
474,330,12
474,362,3
474,394,1
474,410,1
474,414,3
474,426,14
474,458,1
474,478,128
474,490,3
474,522,3
474,554,1
474,586,20
474,618,2
474,650,19
474,682,6
474,714,101
474,842,2
474,474,-337
476,268,1
476,300,1
476,332,1
476,364,1
476,428,1
476,477,24
476,492,172
476,588,1
476,908,1
476,476,-203
477,269,1
477,301,2
477,333,1
477,365,2
477,397,1
477,429,4
477,478,54
477,493,37
477,589,5
477,653,6
477,717,8
477,477,-121
478,270,5
478,302,5
478,334,8
478,398,1
478,430,12
478,494,77
478,558,1
478,590,12
478,622,1
478,654,15
478,686,1
478,718,64
478,846,2
478,478,-204
480,496,135
480,480,-135
481,496,103
481,481,-103
482,496,83
482,482,-83
484,496,60
484,484,-60
485,496,67
485,485,-67
486,496,140
486,486,-140
488,496,14
488,488,-14
489,496,36
489,489,-36
490,496,122
490,490,-122
492,496,317
492,492,-317
493,496,220
493,493,-220
494,496,385
494,494,-385
496,256,5
496,288,1
496,320,5
496,352,18
496,384,1
496,416,10
496,436,1
496,448,15
496,464,1
496,468,17
496,480,26
496,497,783
496,500,648
496,512,1
496,576,2
496,608,22
496,672,25
496,704,11
496,736,41
496,864,9
496,928,6
496,960,34
496,496,-1682
497,257,5
497,321,2
497,353,4
497,417,4
497,449,5
497,465,1
497,469,4
497,481,25
497,498,359
497,501,281
497,545,1
497,609,11
497,673,12
497,705,8
497,737,31
497,769,1
497,865,6
497,929,2
497,961,21
497,497,-783
498,258,2
498,354,7
498,386,1
498,418,6
498,450,4
498,470,7
498,482,18
498,502,179
498,578,1
498,610,7
498,674,11
498,706,6
498,738,100
498,866,3
498,962,7
498,498,-359
500,260,6
500,324,3
500,356,12
500,388,1
500,420,3
500,452,10
500,469,1
500,472,1
500,484,13
500,501,305
500,504,216
500,612,13
500,644,1
500,676,15
500,708,6
500,740,24
500,868,1
500,932,1
500,964,16
500,500,-648
501,261,6
501,325,6
501,357,5
501,389,2
501,421,2
501,453,4
501,469,1
501,473,1
501,485,13
501,502,285
501,505,191
501,517,1
501,549,1
501,613,10
501,645,1
501,677,6
501,709,8
501,726,1
501,741,20
501,869,6
501,933,1
501,965,15
501,501,-586
502,262,5
502,326,5
502,358,4
502,390,3
502,422,3
502,454,9
502,474,6
502,486,17
502,506,186
502,550,1
502,614,13
502,646,1
502,678,14
502,710,8
502,742,160
502,870,7
502,934,2
502,966,20
502,502,-464
504,264,2
504,360,2
504,392,1
504,424,1
504,456,3
504,488,1
504,505,97
504,508,82
504,616,2
504,680,6
504,712,1
504,744,9
504,872,2
504,968,7
504,504,-216
505,265,3
505,329,1
505,361,4
505,393,1
505,425,1
505,457,2
505,474,1
505,489,14
505,506,124
505,509,84
505,553,1
505,585,1
505,617,7
505,681,9
505,713,3
505,745,19
505,873,2
505,937,3
505,969,8
505,505,-288
506,266,4
506,330,3
506,362,12
506,394,2
506,426,6
506,458,5
506,478,1
506,490,9
506,510,118
506,618,10
506,650,1
506,682,13
506,714,7
506,746,99
506,874,2
506,938,6
506,970,12
506,506,-310
508,428,1
508,492,32
508,509,47
508,684,1
508,876,1
508,508,-82
509,269,2
509,365,2
509,397,1
509,429,2
509,461,2
509,493,36
509,510,61
509,621,6
509,685,7
509,749,7
509,941,1
509,973,4
509,509,-131
510,270,8
510,334,1
510,366,5
510,430,2
510,462,3
510,494,56
510,622,9
510,686,13
510,718,5
510,750,66
510,814,1
510,878,2
510,942,2
510,974,6
510,510,-179
512,528,2600
512,512,-2600
513,528,2205
513,513,-2205
514,528,2732
514,514,-2732
516,528,1613
516,516,-1613
517,528,2170
517,517,-2170
518,528,4742
518,518,-4742
520,528,624
520,520,-624
521,528,1309
521,521,-1309
522,528,4550
522,522,-4550
524,528,49
524,524,-49
525,528,546
525,525,-546
526,528,2989
526,526,-2989
528,512,118
528,529,13403
528,532,10236
528,544,563
528,576,171
528,640,20
528,768,1642
528,528,-26153
529,513,89
529,530,5593
529,533,5784
529,545,495
529,577,113
529,641,9
529,769,1362
529,529,-13445
530,514,31
530,534,3131
530,546,303
530,578,59
530,642,1
530,770,2087
530,530,-5612
532,516,72
532,533,5269
532,536,3456
532,548,333
532,580,109
532,644,15
532,772,1051
532,532,-10305
533,517,105
533,534,5006
533,537,4042
533,549,443
533,581,137
533,645,13
533,773,1372
533,533,-11118
534,518,47
534,538,4105
534,550,452
534,582,129
534,646,12
534,774,3442
534,534,-8187
536,520,39
536,537,1756
536,540,1109
536,552,129
536,584,32
536,648,7
536,776,400
536,536,-3472
537,521,62
537,538,2778
537,541,1734
537,553,292
537,585,94
537,649,10
537,777,862
537,537,-5832
538,522,79
538,542,2830
538,554,494
538,586,145
538,650,11
538,778,3362
538,538,-6921
540,524,7
540,541,686
540,556,371
540,588,4
540,780,43
540,540,-1111
541,525,37
541,542,1181
541,557,793
541,589,40
541,653,4
541,781,385
541,541,-2440
542,526,75
542,558,1624
542,590,121
542,654,6
542,782,2212
542,542,-4038
544,560,1434
544,544,-1434
545,560,1125
545,545,-1125
546,560,1220
546,546,-1220
548,560,779
548,548,-779
549,560,1005
549,549,-1005
550,560,1795
550,550,-1795
552,560,293
552,552,-293
553,560,613
553,553,-613
554,560,1627
554,554,-1627
556,560,389
556,556,-389
557,560,935
557,557,-935
558,560,2247
558,558,-2247
560,512,66
560,561,6313
560,564,5093
560,576,56
560,592,29
560,593,143
560,596,223
560,608,269
560,640,12
560,656,4
560,657,5
560,660,8
560,672,88
560,704,51
560,768,3
560,784,28
560,785,24
560,788,26
560,800,1016
560,832,4
560,896,2
560,560,-13463
561,513,30
561,533,1
561,562,2601
561,565,2439
561,577,25
561,593,14
561,594,43
561,597,119
561,609,181
561,641,9
561,657,3
561,658,3
561,661,7
561,673,66
561,705,30
561,769,1
561,785,17
561,786,7
561,789,18
561,801,694
561,833,6
561,561,-6314
562,514,10
562,566,1331
562,578,11
562,594,7
562,598,109
562,610,76
562,642,4
562,662,2
562,674,36
562,706,18
562,770,2
562,786,6
562,790,21
562,802,967
562,834,1
562,898,1
562,562,-2602
564,516,46
564,548,1
564,565,2469
564,568,1688
564,580,26
564,596,3
564,597,44
564,600,71
564,612,99
564,644,7
564,660,1
564,661,3
564,664,2
564,676,52
564,708,31
564,788,12
564,789,12
564,792,12
564,804,514
564,836,2
564,564,-5095
565,517,39
565,566,2161
565,569,1659
565,581,27
565,597,6
565,598,32
565,601,74
565,613,148
565,645,14
565,662,3
565,665,4
565,677,45
565,709,28
565,773,2
565,789,8
565,790,9
565,793,26
565,805,627
565,837,2
565,565,-4914
566,518,30
566,550,1
566,570,1522
566,582,23
566,598,6
566,602,134
566,614,159
566,646,10
566,662,1
566,666,1
566,678,67
566,710,33
566,790,16
566,794,27
566,806,1457
566,838,7
566,566,-3494
568,520,19
568,569,821
568,572,530
568,584,5
568,600,3
568,601,11
568,604,18
568,616,41
568,648,2
568,665,1
568,680,23
568,712,8
568,776,2
568,792,3
568,793,3
568,796,1
568,808,194
568,840,1
568,904,2
568,568,-1688
569,521,27
569,570,1190
569,573,691
569,585,11
569,601,2
569,602,13
569,605,34
569,617,78
569,649,8
569,666,1
569,681,32
569,713,14
569,777,2
569,793,6
569,794,4
569,797,6
569,809,353
569,841,5
569,905,3
569,569,-2480
570,522,30
570,574,961
570,586,31
570,602,7
570,606,78
570,618,141
570,650,13
570,666,2
570,670,4
570,682,61
570,714,30
570,778,2
570,794,11
570,798,15
570,810,1325
570,842,1
570,570,-2712
572,524,4
572,573,332
572,588,1
572,605,2
572,620,175
572,684,1
572,796,1
572,812,15
572,572,-531
573,525,17
573,574,477
573,589,15
573,606,9
573,621,323
573,653,2
573,670,2
573,685,17
573,717,8
573,797,2
573,798,2
573,813,150
573,573,-1024
574,526,29
574,558,3
574,590,31
574,606,2
574,622,491
574,654,5
574,686,72
574,718,12
574,798,1
574,814,791
574,910,1
574,574,-1438
576,592,768
576,576,-768
577,592,515
577,577,-515
578,592,469
578,578,-469
580,592,430
580,580,-430
581,592,491
581,581,-491
582,592,850
582,582,-850
584,592,143
584,584,-143
585,592,309
585,585,-309
586,592,820
586,586,-820
588,592,16
588,588,-16
589,592,153
589,589,-153
590,592,730
590,590,-730
592,512,23
592,529,2
592,544,76
592,576,61
592,593,2594
592,596,2446
592,608,14
592,640,6
592,656,5
592,657,9
592,660,48
592,672,23
592,704,1
592,768,4
592,784,1
592,788,1
592,800,11
592,832,402
592,592,-5727
593,513,12
593,530,1
593,533,1
593,545,54
593,577,49
593,594,1156
593,597,1097
593,609,15
593,641,3
593,657,1
593,658,7
593,661,27
593,673,19
593,705,1
593,769,3
593,785,1
593,801,4
593,833,305
593,593,-2756
594,514,7
594,534,1
594,546,39
594,578,16
594,598,647
594,610,6
594,642,1
594,658,1
594,662,30
594,674,11
594,770,1
594,786,1
594,790,1
594,802,1
594,834,446
594,594,-1209
596,516,21
596,532,1
596,548,38
596,580,29
596,597,1142
596,600,1166
596,612,3
596,644,6
596,660,2
596,661,5
596,664,20
596,676,10
596,772,1
596,788,2
596,789,1
596,792,2
596,804,4
596,836,232
596,900,1
596,596,-2686
597,517,22
597,549,60
597,581,43
597,598,1045
597,601,886
597,613,8
597,645,6
597,661,2
597,662,4
597,665,19
597,677,20
597,773,4
597,790,1
597,793,2
597,805,2
597,837,293
597,597,-2417
598,518,15
598,538,1
598,550,48
598,582,38
598,602,884
598,614,7
598,646,4
598,666,39
598,678,28
598,710,1
598,774,2
598,790,2
598,794,1
598,806,7
598,838,771
598,598,-1848
600,520,8
600,552,16
600,584,14
600,601,481
600,604,605
600,616,1
600,648,1
600,664,1
600,668,8
600,680,5
600,776,1
600,792,1
600,808,1
600,840,105
600,600,-1248
601,521,16
601,553,39
601,585,30
601,602,689
601,605,465
601,617,5
601,649,2
601,666,1
601,669,6
601,681,9
601,793,4
601,794,1
601,797,1
601,809,6
601,841,190
601,601,-1464
602,522,22
602,542,1
602,554,66
602,586,34
602,606,730
602,618,8
602,650,6
602,666,3
602,670,27
602,682,27
602,714,1
602,778,5
602,794,1
602,798,5
602,810,11
602,842,785
602,602,-1732
604,556,3
604,588,1
604,605,203
604,620,405
604,684,1
604,797,1
604,812,1
604,844,12
604,604,-627
605,525,6
605,541,1
605,557,20
605,589,12
605,606,304
605,621,240
605,653,2
605,670,1
605,685,15
605,781,2
605,813,1
605,845,103
605,605,-707
606,526,15
606,558,57
606,590,40
606,622,384
606,654,5
606,670,2
606,686,44
606,782,2
606,814,3
606,846,572
606,606,-1124
608,624,567
608,608,-567
609,624,395
609,609,-395
610,624,395
610,610,-395
612,624,277
612,612,-277
613,624,307
613,613,-307
614,624,613
614,614,-613
616,624,109
616,616,-109
617,624,175
617,617,-175
618,624,553
618,618,-553
620,624,589
620,620,-589
621,624,605
621,621,-605
622,624,1105
622,622,-1105
624,512,23
624,576,18
624,596,1
624,608,44
624,625,2739
624,628,2245
624,640,13
624,660,1
624,672,37
624,689,3
624,692,5
624,704,19
624,720,6
624,721,3
624,724,47
624,736,39
624,816,3
624,820,2
624,832,2
624,849,1
624,864,437
624,896,1
624,928,1
624,624,-5690
625,513,18
625,577,20
625,609,29
625,626,1134
625,629,1117
625,641,7
625,673,30
625,689,2
625,693,4
625,705,11
625,721,3
625,722,3
625,725,20
625,737,39
625,801,2
625,817,1
625,821,3
625,849,1
625,853,1
625,865,290
625,897,3
625,929,1
625,625,-2739
626,514,4
626,578,6
626,610,7
626,630,600
626,642,3
626,662,1
626,674,14
626,690,2
626,694,4
626,706,8
626,726,22
626,738,24
626,802,1
626,818,1
626,822,1
626,866,435
626,898,1
626,626,-1134
628,516,8
628,548,1
628,580,16
628,612,37
628,629,1096
628,632,763
628,644,4
628,676,20
628,693,1
628,708,17
628,728,12
628,740,16
628,804,4
628,820,3
628,836,1
628,868,246
628,628,-2245
629,517,15
629,581,15
629,613,20
629,630,1013
629,633,766
629,645,4
629,677,21
629,693,1
629,697,2
629,709,19
629,726,3
629,729,13
629,741,22
629,805,3
629,821,3
629,822,2
629,837,2
629,869,289
629,629,-2213
630,518,14
630,582,13
630,614,31
630,634,760
630,646,3
630,678,28
630,694,2
630,698,5
630,710,16
630,726,2
630,730,23
630,742,32
630,806,1
630,822,1
630,838,1
630,870,679
630,902,1
630,934,1
630,630,-1613
632,520,4
632,584,7
632,616,6
632,633,408
632,636,242
632,680,7
632,700,1
632,712,1
632,728,1
632,729,2
632,732,7
632,744,5
632,808,1
632,840,1
632,872,70
632,632,-763
633,521,10
633,585,10
633,617,21
633,634,563
633,637,347
633,649,1
633,681,13
633,697,1
633,713,16
633,730,2
633,733,5
633,745,20
633,809,1
633,825,1
633,841,3
633,857,2
633,873,158
633,633,-1174
634,522,18
634,554,1
634,586,23
634,618,29
634,638,484
634,650,4
634,682,28
634,702,3
634,714,14
634,730,2
634,734,12
634,746,37
634,778,1
634,810,3
634,830,2
634,874,661
634,906,1
634,634,-1323
636,524,1
636,620,1
636,637,130
636,716,1
636,748,103
636,876,6
636,636,-242
637,525,10
637,589,4
637,621,9
637,638,217
637,653,1
637,685,9
637,717,6
637,749,153
637,845,2
637,877,66
637,637,-477
638,526,9
638,558,1
638,590,20
638,622,11
638,654,3
638,686,35
638,702,7
638,718,6
638,750,240
638,814,1
638,878,366
638,910,1
638,942,1
638,638,-701
640,656,327
640,640,-327
641,656,241
641,641,-241
642,656,193
642,642,-193
644,656,175
644,644,-175
645,656,249
645,645,-249
646,656,303
646,646,-303
648,656,59
648,648,-59
649,656,127
649,649,-127
650,656,322
650,650,-322
652,656,3
652,652,-3
653,656,67
653,653,-67
654,656,244
654,654,-244
656,512,10
656,529,1
656,532,8
656,544,44
656,576,16
656,657,1056
656,660,1034
656,672,5
656,788,1
656,896,144
656,656,-2319
657,513,10
657,529,1
657,533,4
657,545,31
657,577,16
657,641,1
657,658,440
657,661,456
657,673,2
657,769,1
657,897,118
657,657,-1080
658,514,4
658,530,1
658,534,6
658,546,22
658,578,7
658,642,1
658,662,225
658,674,4
658,786,1
658,790,1
658,898,181
658,658,-453
660,516,4
660,532,1
660,536,1
660,548,26
660,580,10
660,644,2
660,661,485
660,664,462
660,676,1
660,772,1
660,900,111
660,660,-1104
661,517,4
661,537,1
661,549,47
661,581,13
661,662,424
661,665,365
661,677,3
661,773,1
661,901,133
661,661,-991
662,518,7
662,538,7
662,550,27
662,582,9
662,646,2
662,666,328
662,678,6
662,774,1
662,794,3
662,902,308
662,662,-698
664,520,3
664,552,13
664,584,6
664,648,1
664,665,190
664,668,233
664,904,44
664,664,-490
665,521,5
665,541,2
665,553,30
665,585,7
665,649,1
665,666,276
665,669,187
665,681,1
665,905,75
665,665,-584
666,522,7
666,542,3
666,554,35
666,586,17
666,650,2
666,670,274
666,682,7
666,778,3
666,798,2
666,906,313
666,666,-663
668,669,78
668,684,161
668,908,2
668,668,-241
669,525,3
669,557,12
669,589,4
669,653,1
669,670,140
669,685,80
669,909,34
669,669,-274
670,526,15
670,542,1
670,558,38
670,590,14
670,654,1
670,686,150
670,910,239
670,670,-458
672,688,308
672,672,-308
673,688,246
673,673,-246
674,688,222
674,674,-222
676,688,179
676,676,-179
677,688,191
677,677,-191
678,688,357
678,678,-357
680,688,71
680,680,-71
681,688,112
681,681,-112
682,688,326
682,682,-326
684,688,168
684,684,-168
685,688,149
685,685,-149
686,688,425
686,686,-425
688,512,12
688,528,1
688,576,8
688,592,3
688,593,2
688,596,9
688,608,52
688,640,6
688,672,14
688,689,1255
688,692,1075
688,704,14
688,720,1
688,721,25
688,724,53
688,736,8
688,788,1
688,800,1
688,817,1
688,820,1
688,832,1
688,896,1
688,912,1
688,928,209
688,688,-2754
689,513,5
689,561,1
689,565,2
689,577,10
689,597,5
689,609,31
689,641,3
689,673,18
689,690,522
689,693,457
689,705,9
689,722,23
689,725,25
689,737,5
689,786,1
689,801,1
689,818,1
689,821,2
689,897,1
689,913,1
689,929,137
689,689,-1260
690,514,5
690,546,1
690,578,2
690,598,3
690,610,13
690,642,1
690,674,8
690,694,210
690,706,1
690,722,1
690,726,47
690,738,4
690,822,1
690,918,2
690,930,225
690,690,-524
692,516,4
692,580,5
692,600,5
692,612,29
692,644,3
692,676,9
692,693,506
692,696,375
692,708,3
692,725,7
692,728,11
692,740,2
692,789,1
692,821,1
692,917,1
692,932,119
692,692,-1081
693,517,3
693,581,1
693,597,1
693,598,1
693,601,5
693,613,23
693,645,2
693,662,1
693,665,1
693,677,15
693,694,410
693,697,327
693,709,3
693,726,10
693,729,15
693,741,2
693,805,1
693,821,2
693,917,1
693,921,2
693,933,143
693,693,-969
694,518,6
694,550,1
694,582,7
694,598,1
694,602,4
694,614,15
694,678,11
694,698,228
694,710,12
694,726,2
694,730,56
694,742,3
694,822,1
694,826,1
694,922,3
694,934,275
694,694,-626
696,520,4
696,572,1
696,584,3
696,600,1
696,601,1
696,604,2
696,616,12
696,680,2
696,697,179
696,700,126
696,712,4
696,732,3
696,744,1
696,936,36
696,696,-375
697,521,6
697,585,3
697,605,3
697,617,11
697,681,4
697,698,236
697,701,151
697,713,4
697,729,1
697,730,3
697,733,2
697,745,4
697,777,1
697,825,1
697,922,1
697,937,78
697,697,-509
698,522,7
698,586,11
698,602,1
698,606,1
698,618,18
698,650,4
698,670,1
698,682,11
698,702,166
698,714,3
698,734,15
698,746,5
698,810,2
698,826,1
698,830,1
698,938,223
698,698,-470
700,620,3
700,701,70
700,748,50
700,940,4
700,700,-127
701,525,2
701,589,1
701,621,3
701,685,4
701,702,117
701,717,3
701,734,2
701,749,66
701,877,1
701,941,22
701,701,-221
702,526,4
702,590,8
702,622,7
702,654,2
702,686,17
702,734,1
702,750,98
702,814,2
702,830,1
702,910,1
702,926,1
702,942,151
702,702,-293
704,720,194
704,704,-194
705,720,127
705,705,-127
706,720,131
706,706,-131
708,720,106
708,708,-106
709,720,105
709,709,-105
710,720,241
710,710,-241
712,720,30
712,712,-30
713,720,71
713,713,-71
714,720,199
714,714,-199
716,720,2
716,716,-2
717,720,35
717,717,-35
718,720,122
718,718,-122
720,512,5
720,544,19
720,576,15
720,660,8
720,672,2
720,721,590
720,724,628
720,736,3
720,768,1
720,788,1
720,800,1
720,960,97
720,720,-1370
721,513,5
721,545,13
721,577,7
721,657,1
721,661,3
721,673,6
721,722,266
721,725,241
721,737,1
721,769,2
721,853,1
721,961,76
721,721,-622
722,514,2
722,546,6
722,578,4
722,658,1
722,662,2
722,674,3
722,726,156
722,770,2
722,854,1
722,866,1
722,962,115
722,722,-293
724,516,3
724,548,11
724,580,11
724,644,2
724,664,4
724,676,3
724,725,297
724,728,342
724,772,1
724,852,1
724,964,61
724,724,-736
725,517,5
725,549,15
725,581,14
725,645,1
725,665,3
725,677,5
725,726,252
725,729,213
725,741,3
725,773,1
725,965,79
725,725,-591
726,518,4
726,550,13
726,582,13
726,662,1
726,666,8
726,678,8
726,730,229
726,742,6
726,774,1
726,806,1
726,966,217
726,726,-501
728,520,2
728,552,8
728,584,4
728,680,1
728,729,125
728,732,202
728,744,1
728,968,25
728,728,-368
729,521,6
729,553,7
729,585,7
729,649,1
729,666,1
729,669,2
729,681,3
729,730,170
729,733,120
729,777,1
729,809,3
729,969,51
729,729,-372
730,522,5
730,554,11
730,586,11
730,650,1
730,666,1
730,670,3
730,682,7
730,734,207
730,746,5
730,778,1
730,810,2
730,862,2
730,970,237
730,730,-493
732,556,1
732,588,1
732,733,43
732,748,166
732,972,3
732,732,-214
733,525,4
733,557,1
733,589,6
733,653,1
733,685,1
733,734,80
733,749,57
733,813,1
733,861,1
733,973,18
733,733,-170
734,526,1
734,558,17
734,590,10
734,654,1
734,686,5
734,750,104
734,878,1
734,974,178
734,734,-317
736,752,111
736,736,-111
737,752,87
737,737,-87
738,752,135
738,738,-135
740,752,49
740,740,-49
741,752,62
741,741,-62
742,752,219
742,742,-219
744,752,19
744,744,-19
745,752,46
745,745,-46
746,752,156
746,746,-156
748,752,350
748,748,-350
749,752,329
749,749,-329
750,752,584
750,750,-584
752,512,12
752,576,8
752,608,11
752,640,4
752,660,1
752,672,10
752,692,2
752,704,5
752,721,1
752,724,8
752,736,22
752,753,1092
752,756,821
752,864,1
752,881,1
752,928,1
752,992,147
752,752,-2147
753,513,6
753,533,1
753,545,1
753,577,7
753,609,8
753,641,2
753,673,9
753,705,8
753,725,1
753,737,12
753,754,484
753,757,420
753,801,3
753,833,1
753,881,1
753,993,128
753,753,-1092
754,514,8
754,578,5
754,610,8
754,642,1
754,674,5
754,706,7
754,726,4
754,738,7
754,758,243
754,886,1
754,898,1
754,994,194
754,754,-484
756,516,7
756,580,2
756,612,15
756,676,5
756,708,6
756,728,1
756,740,7
756,757,406
756,760,296
756,772,1
756,868,1
756,996,74
756,756,-821
757,517,7
757,581,4
757,613,9
757,645,2
757,677,12
757,726,1
757,729,3
757,741,16
757,758,377
757,761,275
757,805,1
757,869,2
757,997,117
757,757,-826
758,518,4
758,582,4
758,614,10
758,646,2
758,678,9
758,698,1
758,710,2
758,726,1
758,730,7
758,742,18
758,762,270
758,774,1
758,806,1
758,902,1
758,998,289
758,758,-620
760,520,5
760,584,2
760,616,5
760,648,1
760,680,4
760,712,4
760,728,1
760,732,2
760,744,3
760,761,138
760,764,100
760,808,1
760,1000,30
760,760,-296
761,521,5
761,585,3
761,617,4
761,649,1
761,669,1
761,681,3
761,713,6
761,730,1
761,745,3
761,762,193
761,765,129
761,809,1
761,1001,63
761,761,-413
762,522,8
762,586,3
762,618,9
762,650,1
762,682,10
762,714,14
762,746,10
762,766,168
762,778,1
762,810,2
762,874,2
762,938,1
762,1002,234
762,762,-463
764,588,1
764,620,1
764,748,33
764,765,64
764,1004,1
764,764,-100
765,525,2
765,589,1
765,621,2
765,653,1
765,685,1
765,717,4
765,749,48
765,766,106
765,845,1
765,877,1
765,1005,26
765,765,-193
766,526,10
766,558,4
766,590,8
766,622,1
766,654,3
766,686,16
766,718,2
766,750,76
766,878,1
766,1006,153
766,766,-274
0,0,0
1,0,0
2,0,0
3,0,0
4,0,0
5,0,0
6,0,0
7,0,0
8,0,0
9,0,0
10,0,0
11,0,0
12,0,0
13,0,0
14,0,0
15,0,0
16,-288,0
17,-152,0
18,-59,0
19,0,0
20,-147,0
21,-159,0
22,-108,0
23,0,0
24,-91,0
25,-129,0
26,-160,0
27,0,0
28,-7,0
29,-76,0
30,-137,0
31,0,0
32,0,0
33,0,0
34,0,0
35,0,0
36,0,0
37,0,0
38,0,0
39,0,0
40,0,0
41,0,0
42,0,0
43,0,0
44,0,0
45,0,0
46,0,0
47,0,0
48,-153,0
49,-91,0
50,-48,0
51,0,0
52,-96,0
53,-80,0
54,-61,0
55,0,0
56,-42,0
57,-50,0
58,-85,0
59,0,0
60,-7,0
61,-33,0
62,-82,0
63,0,0
64,0,0
65,0,0
66,0,0
67,0,0
68,0,0
69,0,0
70,0,0
71,0,0
72,0,0
73,0,0
74,0,0
75,0,0
76,0,0
77,0,0
78,0,0
79,0,0
80,-76,0
81,-71,0
82,-21,0
83,0,0
84,-46,0
85,-41,0
86,-37,0
87,0,0
88,-17,0
89,-37,0
90,-73,0
91,0,0
92,0,0
93,-20,0
94,-34,0
95,0,0
96,0,0
97,0,0
98,0,0
99,0,0
100,0,0
101,0,0
102,0,0
103,0,0
104,0,0
105,0,0
106,0,0
107,0,0
108,0,0
109,0,0
110,0,0
111,0,0
112,-107,0
113,-67,0
114,-25,0
115,0,0
116,-44,0
117,-74,0
118,-70,0
119,0,0
120,-27,0
121,-21,0
122,-56,0
123,0,0
124,-3,0
125,-21,0
126,-42,0
127,0,0
128,0,0
129,0,0
130,0,0
131,0,0
132,0,0
133,0,0
134,0,0
135,0,0
136,0,0
137,0,0
138,0,0
139,0,0
140,0,0
141,0,0
142,0,0
143,0,0
144,-30,0
145,-18,0
146,-15,0
147,0,0
148,-21,0
149,-29,0
150,-22,0
151,0,0
152,-4,0
153,-17,0
154,-28,0
155,0,0
156,-3,0
157,-7,0
158,-21,0
159,0,0
160,0,0
161,0,0
162,0,0
163,0,0
164,0,0
165,0,0
166,0,0
167,0,0
168,0,0
169,0,0
170,0,0
171,0,0
172,0,0
173,0,0
174,0,0
175,0,0
176,-113,0
177,-69,0
178,-35,0
179,0,0
180,-60,0
181,-55,0
182,-56,0
183,0,0
184,-32,0
185,-43,0
186,-59,0
187,0,0
188,-4,0
189,-18,0
190,-34,0
191,0,0
192,0,0
193,0,0
194,0,0
195,0,0
196,0,0
197,0,0
198,0,0
199,0,0
200,0,0
201,0,0
202,0,0
203,0,0
204,0,0
205,0,0
206,0,0
207,0,0
208,-74,0
209,-39,0
210,-15,0
211,0,0
212,-36,0
213,-46,0
214,-30,0
215,0,0
216,-15,0
217,-35,0
218,-47,0
219,0,0
220,-1,0
221,-22,0
222,-32,0
223,0,0
224,0,0
225,0,0
226,0,0
227,0,0
228,0,0
229,0,0
230,0,0
231,0,0
232,0,0
233,0,0
234,0,0
235,0,0
236,0,0
237,0,0
238,0,0
239,0,0
240,-108,0
241,-37,0
242,-42,0
243,0,0
244,-73,0
245,-55,0
246,-56,0
247,0,0
248,-20,0
249,-38,0
250,-44,0
251,0,0
252,-9,0
253,-22,0
254,-68,0
255,0,0
256,0,0
257,0,0
258,0,0
259,0,0
260,0,0
261,0,0
262,0,0
263,0,0
264,0,0
265,0,0
266,0,0
267,0,0
268,0,0
269,0,0
270,0,0
271,0,0
272,-144,0
273,-106,0
274,-40,0
275,0,0
276,-102,0
277,-136,0
278,-74,0
279,0,0
280,-69,0
281,-76,0
282,-116,0
283,0,0
284,-10,0
285,-62,0
286,-113,0
287,0,0
288,0,0
289,0,0
290,0,0
291,0,0
292,0,0
293,0,0
294,0,0
295,0,0
296,0,0
297,0,0
298,0,0
299,0,0
300,0,0
301,0,0
302,0,0
303,0,0
304,-215,0
305,-122,0
306,-57,0
307,0,0
308,-116,0
309,-125,0
310,-88,0
311,0,0
312,-35,0
313,-87,0
314,-62,0
315,0,0
316,-15,0
317,-55,0
318,-109,0
319,0,0
320,0,0
321,0,0
322,0,0
323,0,0
324,0,0
325,0,0
326,0,0
327,0,0
328,0,0
329,0,0
330,0,0
331,0,0
332,0,0
333,0,0
334,0,0
335,0,0
336,-137,0
337,-82,0
338,-62,0
339,0,0
340,-80,0
341,-106,0
342,-72,0
343,0,0
344,-33,0
345,-71,0
346,-100,0
347,0,0
348,-4,0
349,-27,0
350,-92,0
351,0,0
352,0,0
353,0,0
354,0,0
355,0,0
356,0,0
357,0,0
358,0,0
359,0,0
360,0,0
361,0,0
362,0,0
363,0,0
364,0,0
365,0,0
366,0,0
367,0,0
368,-182,0
369,-131,0
370,-86,0
371,0,0
372,-114,0
373,-134,0
374,-102,0
375,0,0
376,-43,0
377,-70,0
378,-107,0
379,0,0
380,-6,0
381,-45,0
382,-117,0
383,0,0
384,0,0
385,0,0
386,0,0
387,0,0
388,0,0
389,0,0
390,0,0
391,0,0
392,0,0
393,0,0
394,0,0
395,0,0
396,0,0
397,0,0
398,0,0
399,0,0
400,-139,0
401,-91,0
402,-59,0
403,0,0
404,-86,0
405,-87,0
406,-80,0
407,0,0
408,-32,0
409,-71,0
410,-106,0
411,0,0
412,-10,0
413,-34,0
414,-94,0
415,0,0
416,0,0
417,0,0
418,0,0
419,0,0
420,0,0
421,0,0
422,0,0
423,0,0
424,0,0
425,0,0
426,0,0
427,0,0
428,0,0
429,0,0
430,0,0
431,0,0
432,-259,0
433,-141,0
434,-70,0
435,0,0
436,-138,0
437,-130,0
438,-128,0
439,0,0
440,-48,0
441,-67,0
442,-96,0
443,0,0
444,-10,0
445,-30,0
446,-75,0
447,0,0
448,0,0
449,0,0
450,0,0
451,0,0
452,0,0
453,0,0
454,0,0
455,0,0
456,0,0
457,0,0
458,0,0
459,0,0
460,0,0
461,0,0
462,0,0
463,0,0
464,-166,0
465,-107,0
466,-44,0
467,0,0
468,-94,0
469,-108,0
470,-102,0
471,0,0
472,-32,0
473,-53,0
474,-132,0
475,0,0
476,-10,0
477,-28,0
478,-83,0
479,0,0
480,0,0
481,0,0
482,0,0
483,0,0
484,0,0
485,0,0
486,0,0
487,0,0
488,0,0
489,0,0
490,0,0
491,0,0
492,0,0
493,0,0
494,0,0
495,0,0
496,-237,0
497,-117,0
498,-96,0
499,0,0
500,-137,0
501,-116,0
502,-138,0
503,0,0
504,-33,0
505,-70,0
506,-119,0
507,0,0
508,-35,0
509,-72,0
510,-139,0
511,0,0
512,0,0
513,0,0
514,0,0
515,0,0
516,0,0
517,0,0
518,0,0
519,0,0
520,0,0
521,0,0
522,0,0
523,0,0
524,0,0
525,0,0
526,0,0
527,0,0
528,-118,0
529,-89,0
530,-31,0
531,0,0
532,-72,0
533,-105,0
534,-47,0
535,0,0
536,-39,0
537,-62,0
538,-79,0
539,0,0
540,-7,0
541,-37,0
542,-75,0
543,0,0
544,0,0
545,0,0
546,0,0
547,0,0
548,0,0
549,0,0
550,0,0
551,0,0
552,0,0
553,0,0
554,0,0
555,0,0
556,0,0
557,0,0
558,0,0
559,0,0
560,-203,0
561,-96,0
562,-37,0
563,0,0
564,-126,0
565,-121,0
566,-94,0
567,0,0
568,-47,0
569,-75,0
570,-106,0
571,0,0
572,-9,0
573,-51,0
574,-97,0
575,0,0
576,0,0
577,0,0
578,0,0
579,0,0
580,0,0
581,0,0
582,0,0
583,0,0
584,0,0
585,0,0
586,0,0
587,0,0
588,0,0
589,0,0
590,0,0
591,0,0
592,-195,0
593,-135,0
594,-72,0
595,0,0
596,-117,0
597,-157,0
598,-123,0
599,0,0
600,-48,0
601,-103,0
602,-156,0
603,0,0
604,-4,0
605,-49,0
606,-134,0
607,0,0
608,0,0
609,0,0
610,0,0
611,0,0
612,0,0
613,0,0
614,0,0
615,0,0
616,0,0
617,0,0
618,0,0
619,0,0
620,0,0
621,0,0
622,0,0
623,0,0
624,-236,0
625,-183,0
626,-62,0
627,0,0
628,-145,0
629,-148,0
630,-152,0
631,0,0
632,-42,0
633,-106,0
634,-187,0
635,0,0
636,-5,0
637,-66,0
638,-129,0
639,0,0
640,0,0
641,0,0
642,0,0
643,0,0
644,0,0
645,0,0
646,0,0
647,0,0
648,0,0
649,0,0
650,0,0
651,0,0
652,0,0
653,0,0
654,0,0
655,0,0
656,-89,0
657,-74,0
658,-45,0
659,0,0
660,-49,0
661,-70,0
662,-60,0
663,0,0
664,-26,0
665,-50,0
666,-74,0
667,0,0
668,0,0
669,-23,0
670,-84,0
671,0,0
672,0,0
673,0,0
674,0,0
675,0,0
676,0,0
677,0,0
678,0,0
679,0,0
680,0,0
681,0,0
682,0,0
683,0,0
684,0,0
685,0,0
686,0,0
687,0,0
688,-164,0
689,-110,0
690,-48,0
691,0,0
692,-75,0
693,-66,0
694,-77,0
695,0,0
696,-41,0
697,-48,0
698,-88,0
699,0,0
700,-3,0
701,-18,0
702,-59,0
703,0,0
704,0,0
705,0,0
706,0,0
707,0,0
708,0,0
709,0,0
710,0,0
711,0,0
712,0,0
713,0,0
714,0,0
715,0,0
716,0,0
717,0,0
718,0,0
719,0,0
720,-97,0
721,-69,0
722,-36,0
723,0,0
724,-66,0
725,-85,0
726,-84,0
727,0,0
728,-31,0
729,-59,0
730,-76,0
731,0,0
732,-4,0
733,-30,0
734,-64,0
735,0,0
736,0,0
737,0,0
738,0,0
739,0,0
740,0,0
741,0,0
742,0,0
743,0,0
744,0,0
745,0,0
746,0,0
747,0,0
748,0,0
749,0,0
750,0,0
751,0,0
752,-173,0
753,-128,0
754,-103,0
755,0,0
756,-98,0
757,-112,0
758,-110,0
759,0,0
760,-63,0
761,-66,0
762,-130,0
763,0,0
764,-38,0
765,-79,0
766,-200,0
767,0,0
768,0,0
769,0,0
770,0,0
771,0,0
772,0,0
773,0,0
774,0,0
775,0,0
776,0,0
777,0,0
778,0,0
779,0,0
780,0,0
781,0,0
782,0,0
783,0,0
784,0,0
785,0,0
786,0,0
787,0,0
788,0,0
789,0,0
790,0,0
791,0,0
792,0,0
793,0,0
794,0,0
795,0,0
796,0,0
797,0,0
798,0,0
799,0,0
800,0,0
801,0,0
802,0,0
803,0,0
804,0,0
805,0,0
806,0,0
807,0,0
808,0,0
809,0,0
810,0,0
811,0,0
812,0,0
813,0,0
814,0,0
815,0,0
816,0,0
817,0,0
818,0,0
819,0,0
820,0,0
821,0,0
822,0,0
823,0,0
824,0,0
825,0,0
826,0,0
827,0,0
828,0,0
829,0,0
830,0,0
831,0,0
832,0,0
833,0,0
834,0,0
835,0,0
836,0,0
837,0,0
838,0,0
839,0,0
840,0,0
841,0,0
842,0,0
843,0,0
844,0,0
845,0,0
846,0,0
847,0,0
848,0,0
849,0,0
850,0,0
851,0,0
852,0,0
853,0,0
854,0,0
855,0,0
856,0,0
857,0,0
858,0,0
859,0,0
860,0,0
861,0,0
862,0,0
863,0,0
864,0,0
865,0,0
866,0,0
867,0,0
868,0,0
869,0,0
870,0,0
871,0,0
872,0,0
873,0,0
874,0,0
875,0,0
876,0,0
877,0,0
878,0,0
879,0,0
880,0,0
881,0,0
882,0,0
883,0,0
884,0,0
885,0,0
886,0,0
887,0,0
888,0,0
889,0,0
890,0,0
891,0,0
892,0,0
893,0,0
894,0,0
895,0,0
896,0,0
897,0,0
898,0,0
899,0,0
900,0,0
901,0,0
902,0,0
903,0,0
904,0,0
905,0,0
906,0,0
907,0,0
908,0,0
909,0,0
910,0,0
911,0,0
912,0,0
913,0,0
914,0,0
915,0,0
916,0,0
917,0,0
918,0,0
919,0,0
920,0,0
921,0,0
922,0,0
923,0,0
924,0,0
925,0,0
926,0,0
927,0,0
928,0,0
929,0,0
930,0,0
931,0,0
932,0,0
933,0,0
934,0,0
935,0,0
936,0,0
937,0,0
938,0,0
939,0,0
940,0,0
941,0,0
942,0,0
943,0,0
944,0,0
945,0,0
946,0,0
947,0,0
948,0,0
949,0,0
950,0,0
951,0,0
952,0,0
953,0,0
954,0,0
955,0,0
956,0,0
957,0,0
958,0,0
959,0,0
960,0,0
961,0,0
962,0,0
963,0,0
964,0,0
965,0,0
966,0,0
967,0,0
968,0,0
969,0,0
970,0,0
971,0,0
972,0,0
973,0,0
974,0,0
975,0,0
976,0,0
977,0,0
978,0,0
979,0,0
980,0,0
981,0,0
982,0,0
983,0,0
984,0,0
985,0,0
986,0,0
987,0,0
988,0,0
989,0,0
990,0,0
991,0,0
992,0,0
993,0,0
994,0,0
995,0,0
996,0,0
997,0,0
998,0,0
999,0,0
1000,0,0
1001,0,0
1002,0,0
1003,0,0
1004,0,0
1005,0,0
1006,0,0
1007,0,0
1008,0,0
1009,0,0
1010,0,0
1011,0,0
1012,0,0
1013,0,0
1014,0,0
1015,0,0
1016,0,0
1017,0,0
1018,0,0
1019,0,0
1020,0,0
1021,0,0
1022,0,0
1023,0,0
