0,16,16384
0,0,-16384
16,0,101
16,17,8408
16,20,6388
16,32,379
16,64,109
16,128,14
16,256,985
16,16,-16384
17,0,72
17,18,3455
17,21,3525
17,32,321
17,64,82
17,128,6
17,256,947
17,17,-8408
18,0,17
18,22,1958
18,32,172
18,64,46
18,128,3
18,256,1259
18,18,-3455
20,0,82
20,21,3248
20,24,2158
20,32,217
20,64,75
20,128,10
20,256,596
20,280,1
20,320,1
20,20,-6388
21,0,82
21,22,3089
21,25,2394
21,32,294
21,64,85
21,128,5
21,256,825
21,21,-6774
22,0,54
22,26,2546
22,32,307
22,64,106
22,128,4
22,256,2028
22,288,1
22,512,1
22,22,-5047
24,0,24
24,25,1194
24,28,607
24,32,73
24,64,33
24,128,4
24,256,222
24,512,1
24,24,-2158
25,0,40
25,26,1734
25,29,1087
25,32,183
25,64,50
25,128,7
25,256,487
25,288,1
25,25,-3589
26,0,70
26,30,1719
26,32,339
26,64,73
26,128,4
26,256,2074
26,288,1
26,26,-4280
28,0,1
28,29,397
28,32,202
28,64,2
28,256,6
28,28,-608
29,0,27
29,30,751
29,32,489
29,64,26
29,256,190
29,288,1
29,29,-1484
30,0,54
30,32,990
30,64,79
30,128,8
30,256,1339
30,30,-2470
32,48,4053
32,32,-4053
48,0,24
48,49,1942
48,52,1522
48,64,12
48,80,6
48,81,15
48,84,45
48,96,112
48,128,2
48,145,1
48,160,28
48,192,24
48,256,1
48,272,6
48,273,5
48,276,6
48,288,205
48,320,34
48,352,1
48,384,1
48,512,61
48,48,-4053
49,0,14
49,50,856
49,53,687
49,64,7
49,81,2
49,82,6
49,85,21
49,96,69
49,128,5
49,146,1
49,149,3
49,160,15
49,192,26
49,273,1
49,274,2
49,277,1
49,288,141
49,320,25
49,384,1
49,512,59
49,49,-1942
50,0,13
50,54,435
50,64,4
50,82,2
50,86,17
50,96,44
50,128,1
50,160,7
50,192,10
50,274,2
50,278,4
50,288,272
50,320,14
50,384,2
50,512,29
50,50,-856
52,0,17
52,53,780
52,56,460
52,64,6
52,84,2
52,85,9
52,88,11
52,96,38
52,128,3
52,152,2
52,160,24
52,192,8
52,277,1
52,280,3
52,288,94
52,320,17
52,512,47
52,52,-1522
53,0,16
53,54,651
53,57,494
53,64,3
53,85,2
53,86,5
53,89,7
53,96,52
53,128,2
53,160,13
53,192,13
53,277,3
53,278,1
53,281,6
53,288,133
53,320,20
53,512,46
53,53,-1467
54,0,10
54,58,475
54,64,4
54,86,2
54,90,29
54,96,69
54,128,1
54,154,1
54,160,11
54,192,16
54,278,8
54,282,3
54,288,376
54,320,34
54,384,2
54,512,45
54,54,-1086
56,0,4
56,57,242
56,60,138
56,64,2
56,89,1
56,92,2
56,96,11
56,128,2
56,160,5
56,192,2
56,280,1
56,281,1
56,288,37
56,320,5
56,512,7
56,56,-460
57,0,6
57,58,324
57,61,209
57,64,4
57,89,1
57,90,6
57,93,3
57,96,27
57,128,1
57,160,12
57,192,12
57,281,1
57,282,2
57,285,1
57,288,76
57,320,14
57,512,37
57,57,-736
58,0,17
58,62,288
58,64,7
58,90,2
58,94,8
58,96,43
58,128,3
58,158,2
58,160,12
58,192,14
58,256,1
58,282,3
58,286,4
58,288,322
58,320,28
58,384,1
58,512,44
58,58,-799
60,61,93
60,93,1
60,96,40
60,288,3
60,512,1
60,60,-138
61,0,9
61,62,148
61,64,1
61,96,97
61,160,4
61,192,2
61,286,1
61,288,29
61,320,3
61,512,8
61,61,-302
62,0,14
62,64,8
62,96,157
62,128,1
62,160,17
62,192,6
62,256,1
62,286,1
62,288,161
62,320,31
62,384,1
62,512,38
62,62,-436
64,80,897
64,64,-897
80,0,8
80,32,5
80,64,3
80,81,402
80,84,351
80,96,2
80,128,2
80,144,1
80,145,2
80,148,9
80,160,13
80,192,2
80,276,1
80,288,1
80,320,53
80,384,48
80,80,-903
81,0,1
81,32,6
81,64,4
81,82,178
81,85,152
81,96,5
81,128,1
81,149,2
81,160,14
81,256,1
81,274,1
81,288,4
81,320,24
81,384,26
81,81,-419
82,0,2
82,64,2
82,86,84
82,96,2
82,150,6
82,160,6
82,192,1
82,274,1
82,320,69
82,384,12
82,512,1
82,82,-186
84,0,6
84,32,10
84,64,5
84,85,191
84,88,140
84,160,8
84,288,1
84,320,16
84,384,20
84,512,1
84,84,-398
85,0,7
85,32,7
85,64,7
85,86,169
85,89,130
85,96,1
85,128,1
85,153,5
85,160,11
85,192,1
85,288,1
85,320,18
85,384,17
85,85,-375
86,0,2
86,32,9
86,64,5
86,90,130
86,128,2
86,154,2
86,160,11
86,288,2
86,320,92
86,384,22
86,86,-277
88,0,3
88,28,1
88,32,2
88,64,1
88,89,80
88,92,46
88,153,1
88,156,1
88,160,2
88,256,1
88,320,9
88,384,4
88,88,-151
89,0,2
89,32,3
89,64,2
89,90,94
89,93,72
89,157,2
89,160,4
89,192,1
89,320,22
89,384,17
89,89,-219
90,0,3
90,32,2
90,64,6
90,94,104
90,96,4
90,158,1
90,160,6
90,192,2
90,288,1
90,320,104
90,384,28
90,90,-261
92,0,1
92,93,26
92,96,19
92,320,1
92,512,1
92,92,-48
93,0,3
93,32,3
93,64,1
93,94,46
93,96,25
93,160,2
93,256,1
93,320,14
93,384,6
93,512,1
93,93,-102
94,0,4
94,32,2
94,64,6
94,96,51
94,160,8
94,288,1
94,320,62
94,384,24
94,94,-158
96,112,960
96,96,-960
112,0,6
112,64,1
112,96,6
112,113,436
112,116,403
112,160,7
112,180,1
112,192,2
112,208,1
112,209,1
112,212,6
112,224,13
112,352,25
112,416,17
112,448,23
112,544,2
112,576,1
112,640,9
112,112,-960
113,0,1
113,96,6
113,114,195
113,117,162
113,128,1
113,160,3
113,177,1
113,192,4
113,213,7
113,224,12
113,288,1
113,305,2
113,352,18
113,416,4
113,448,11
113,640,8
113,113,-436
114,0,1
114,96,3
114,118,100
114,160,2
114,192,1
114,214,3
114,224,13
114,288,1
114,352,49
114,416,9
114,448,1
114,576,3
114,640,9
114,114,-195
116,0,5
116,64,2
116,96,3
116,117,195
116,120,126
116,160,2
116,181,1
116,192,3
116,212,1
116,213,1
116,216,2
116,224,13
116,320,1
116,352,17
116,416,12
116,448,7
116,640,11
116,768,1
116,116,-403
117,0,2
117,64,2
117,96,1
117,118,138
117,121,132
117,160,3
117,185,1
117,192,4
117,217,2
117,224,7
117,309,1
117,341,1
117,345,1
117,352,22
117,416,12
117,448,13
117,576,3
117,640,12
117,117,-357
118,0,7
118,64,2
118,96,4
118,122,93
118,160,7
118,192,1
118,218,3
118,224,9
118,352,84
118,384,1
118,416,7
118,448,9
118,544,1
118,640,10
118,118,-238
120,0,2
120,64,1
120,121,65
120,124,45
120,192,2
120,224,5
120,416,2
120,448,1
120,640,3
120,120,-126
121,0,2
121,122,98
121,125,60
121,192,2
121,218,1
121,221,2
121,224,8
121,345,1
121,352,12
121,416,4
121,448,1
121,640,6
121,121,-197
122,0,2
122,64,3
122,96,4
122,126,67
122,128,1
122,160,4
122,192,6
122,222,1
122,224,8
122,352,65
122,414,1
122,416,8
122,448,7
122,576,3
122,640,11
122,122,-191
124,125,26
124,224,19
124,124,-45
125,0,4
125,126,48
125,160,2
125,224,19
125,352,9
125,448,1
125,576,1
125,640,2
125,125,-86
126,0,4
126,96,3
126,160,2
126,192,2
126,224,49
126,320,1
126,352,39
126,416,5
126,448,3
126,640,7
126,126,-115
128,144,100
128,128,-100
144,0,1
144,32,8
144,64,1
144,145,48
144,148,38
144,160,1
144,256,2
144,384,3
144,144,-102
145,21,1
145,32,4
145,146,21
145,149,18
145,256,3
145,384,4
145,145,-51
146,32,1
146,64,1
146,150,15
146,384,5
146,146,-22
148,32,2
148,149,27
148,152,18
148,256,1
148,384,1
148,148,-49
149,25,1
149,32,3
149,150,29
149,153,14
149,256,2
149,384,1
149,149,-50
150,0,2
150,32,3
150,64,1
150,154,24
150,256,4
150,384,16
150,150,-50
152,32,1
152,153,10
152,156,6
152,256,3
152,384,1
152,152,-21
153,32,2
153,64,1
153,154,16
153,157,9
153,256,2
153,153,-30
154,32,1
154,64,1
154,158,22
154,256,4
154,384,15
154,154,-43
156,157,6
156,160,1
156,156,-7
157,32,1
157,158,7
157,160,7
157,256,1
157,384,1
157,157,-17
158,32,5
158,64,1
158,160,12
158,256,2
158,384,12
158,158,-32
160,176,332
160,160,-332
176,0,4
176,96,11
176,160,1
176,177,162
176,180,119
176,192,3
176,209,1
176,212,4
176,224,2
176,288,8
176,320,3
176,352,2
176,416,5
176,448,2
176,512,4
176,544,1
176,176,-332
177,0,2
177,96,5
177,160,2
177,178,63
177,181,59
177,192,4
177,210,1
177,213,1
177,288,12
177,320,4
177,352,1
177,416,5
177,512,4
177,177,-163
178,0,1
178,96,6
178,160,1
178,182,31
178,192,2
178,214,1
178,224,1
178,288,4
178,320,1
178,416,11
178,448,1
178,512,1
178,640,2
178,178,-63
180,0,1
180,64,2
180,96,4
180,160,2
180,181,59
180,184,43
180,213,2
180,288,3
180,416,3
180,512,1
180,180,-120
181,64,1
181,96,4
181,160,3
181,182,59
181,185,31
181,192,1
181,214,1
181,224,1
181,288,6
181,320,5
181,416,4
181,448,2
181,640,1
181,181,-119
182,0,1
182,64,1
182,96,5
182,160,3
182,186,25
182,218,1
182,224,1
182,288,6
182,310,1
182,320,1
182,352,3
182,416,34
182,448,3
182,512,4
182,576,1
182,182,-90
184,0,1
184,96,2
184,185,21
184,188,13
184,192,1
184,288,1
184,352,1
184,416,2
184,640,1
184,184,-43
185,96,2
185,128,1
185,186,26
185,189,17
185,192,2
185,288,4
185,416,1
185,185,-53
186,96,2
186,160,3
186,190,22
186,224,1
186,288,4
186,350,1
186,352,2
186,384,1
186,416,13
186,512,2
186,186,-51
188,96,1
188,189,5
188,224,6
188,416,1
188,188,-13
189,0,1
189,160,1
189,190,15
189,224,3
189,288,2
189,189,-22
190,0,1
190,96,4
190,160,1
190,224,12
190,288,3
190,352,1
190,416,12
190,448,1
190,512,1
190,640,1
190,190,-37
192,208,195
192,192,-195
208,0,2
208,32,3
208,64,1
208,144,1
208,148,2
208,160,6
208,209,75
208,212,84
208,224,3
208,320,2
208,352,1
208,384,8
208,448,9
208,208,-197
209,32,2
209,160,1
209,210,35
209,213,30
209,224,1
209,320,1
209,352,1
209,384,1
209,448,5
209,209,-77
210,128,1
210,160,2
210,214,21
210,320,3
210,448,8
210,576,1
210,210,-36
212,64,1
212,96,1
212,152,1
212,160,1
212,213,44
212,216,37
212,320,2
212,352,1
212,384,2
212,448,4
212,640,1
212,212,-95
213,0,1
213,32,1
213,96,1
213,160,3
213,214,39
213,217,29
213,384,3
213,448,8
213,213,-85
214,0,1
214,32,2
214,64,1
214,160,2
214,218,31
214,224,1
214,320,1
214,352,1
214,384,4
214,448,22
214,214,-66
216,64,1
216,128,1
216,160,2
216,217,13
216,220,19
216,320,1
216,352,1
216,448,2
216,216,-40
217,0,1
217,32,1
217,218,18
217,221,17
217,384,4
217,448,5
217,217,-46
218,0,1
218,64,2
218,160,2
218,222,22
218,320,2
218,384,2
218,416,1
218,448,22
218,218,-54
220,160,1
220,221,9
220,224,9
220,220,-19
221,96,1
221,222,12
221,224,10
221,320,2
221,416,1
221,448,3
221,221,-29
222,64,2
222,96,1
222,160,3
222,224,15
222,320,1
222,384,1
222,448,12
222,222,-35
224,240,302
224,224,-302
240,0,3
240,64,1
240,96,2
240,160,2
240,192,6
240,208,1
240,224,5
240,241,141
240,244,114
240,320,1
240,352,4
240,416,3
240,448,3
240,480,9
240,608,1
240,640,5
240,704,1
240,240,-302
241,160,1
241,192,2
241,224,8
241,242,61
241,245,59
241,352,2
241,416,1
241,480,4
241,640,2
241,704,1
241,241,-141
242,96,3
242,214,1
242,224,6
242,246,28
242,288,1
242,352,2
242,416,1
242,448,1
242,480,16
242,640,1
242,832,1
242,242,-61
244,128,1
244,160,1
244,192,1
244,216,1
244,224,1
244,245,50
244,248,44
244,416,2
244,448,1
244,480,6
244,544,1
244,640,4
244,704,1
244,244,-114
245,64,2
245,192,2
245,217,2
245,224,5
245,246,46
245,249,38
245,416,7
245,448,3
245,480,1
245,608,1
245,640,2
245,245,-109
246,96,1
246,192,1
246,224,5
246,250,36
246,352,3
246,416,3
246,480,23
246,576,1
246,640,1
246,246,-74
248,0,1
248,96,3
248,192,1
248,249,22
248,252,13
248,416,1
248,480,3
248,248,-44
249,0,1
249,64,1
249,160,2
249,221,1
249,224,1
249,250,29
249,253,17
249,320,1
249,352,1
249,480,3
249,640,2
249,672,1
249,249,-60
250,128,2
250,192,3
250,224,4
250,254,24
250,416,3
250,448,2
250,480,24
250,640,1
250,704,2
250,250,-65
252,0,1
252,224,4
252,253,8
252,252,-13
253,96,1
253,224,11
253,254,10
253,416,1
253,480,1
253,640,1
253,253,-25
254,0,1
254,96,2
254,192,1
254,224,12
254,352,3
254,448,3
254,480,11
254,640,1
254,254,-34
256,272,11713
256,256,-11713
272,256,68
272,273,6014
272,276,4596
272,288,231
272,320,66
272,384,5
272,512,738
272,768,1
272,272,-11719
273,256,39
273,274,2534
273,277,2507
273,288,229
273,320,64
273,384,2
273,512,646
273,273,-6021
274,256,14
274,278,1463
274,288,129
274,320,25
274,384,3
274,512,906
274,274,-2540
276,256,38
276,277,2370
276,280,1597
276,288,146
276,320,43
276,384,4
276,512,406
276,544,1
276,276,-4605
277,256,51
277,278,2268
277,281,1699
277,288,196
277,320,64
277,384,4
277,512,599
277,768,1
277,277,-4882
278,256,32
278,282,1891
278,288,205
278,320,49
278,384,4
278,512,1563
278,576,1
278,768,1
278,278,-3746
280,256,18
280,281,848
280,284,486
280,288,61
280,320,13
280,512,177
280,280,-1603
281,256,33
281,282,1291
281,285,734
281,288,111
281,320,37
281,384,3
281,512,347
281,281,-2556
282,256,53
282,286,1275
282,288,224
282,320,73
282,384,6
282,512,1559
282,282,-3190
284,256,3
284,285,293
284,288,177
284,320,2
284,512,11
284,284,-486
285,256,18
285,286,508
285,288,309
285,320,18
285,384,2
285,512,173
285,285,-1028
286,256,30
286,288,674
286,320,60
286,384,5
286,512,1020
286,576,1
286,286,-1790
288,304,4836
288,288,-4836
304,256,36
304,288,1
304,305,2325
304,308,1849
304,320,7
304,336,5
304,337,23
304,340,61
304,352,104
304,384,1
304,400,4
304,401,1
304,416,27
304,448,18
304,528,11
304,529,10
304,532,8
304,544,225
304,576,41
304,640,3
304,768,77
304,304,-4837
305,256,21
305,306,944
305,309,872
305,320,7
305,337,3
305,338,16
305,341,36
305,352,85
305,384,3
305,401,1
305,402,1
305,405,2
305,416,22
305,448,22
305,529,4
305,530,3
305,533,8
305,544,167
305,576,34
305,640,1
305,768,75
305,305,-2327
306,256,13
306,310,462
306,320,1
306,338,2
306,342,20
306,352,40
306,384,3
306,406,2
306,416,14
306,448,10
306,534,6
306,544,305
306,576,30
306,640,1
306,768,35
306,306,-944
308,256,12
308,309,896
308,312,620
308,320,3
308,340,5
308,341,20
308,344,19
308,352,41
308,384,4
308,405,2
308,408,3
308,416,18
308,448,21
308,512,1
308,532,3
308,533,5
308,536,5
308,544,110
308,576,21
308,768,40
308,308,-1849
309,256,6
309,310,742
309,313,607
309,320,2
309,341,2
309,342,13
309,345,18
309,352,68
309,384,3
309,416,24
309,448,13
309,533,8
309,534,3
309,537,7
309,544,153
309,576,38
309,640,1
309,768,61
309,309,-1769
310,256,15
310,314,514
310,320,3
310,342,1
310,346,30
310,352,72
310,384,1
310,410,1
310,416,26
310,448,15
310,534,3
310,538,2
310,544,429
310,576,27
310,768,66
310,310,-1205
312,256,12
312,313,295
312,316,198
312,320,7
312,344,2
312,345,2
312,348,3
312,352,15
312,409,1
312,412,1
312,416,9
312,448,3
312,537,2
312,540,1
312,544,44
312,576,9
312,768,16
312,312,-620
313,256,8
313,314,448
313,317,252
313,320,4
313,346,7
313,349,10
313,352,36
313,384,3
313,409,1
313,410,1
313,416,8
313,448,5
313,537,1
313,538,2
313,541,2
313,544,76
313,576,6
313,768,32
313,313,-902
314,256,13
314,318,368
314,320,3
314,346,3
314,350,26
314,352,70
314,384,1
314,414,1
314,416,15
314,448,19
314,538,3
314,542,3
314,544,366
314,576,32
314,640,2
314,768,37
314,314,-962
316,256,1
316,317,118
316,348,1
316,352,63
316,416,1
316,544,9
316,576,1
316,768,4
316,316,-198
317,256,6
317,318,187
317,320,1
317,352,119
317,384,2
317,416,3
317,448,3
317,544,36
317,576,4
317,768,9
317,317,-370
318,256,5
318,320,6
318,352,186
318,384,1
318,416,14
318,448,8
318,542,1
318,544,234
318,576,46
318,640,2
318,768,52
318,318,-555
320,336,1466
320,320,-1466
336,256,12
336,288,14
336,320,12
336,337,685
336,340,586
336,352,4
336,384,2
336,400,6
336,401,10
336,404,8
336,416,17
336,528,1
336,529,2
336,532,2
336,544,4
336,576,66
336,640,40
336,768,1
336,336,-1472
337,256,2
337,288,17
337,320,14
337,338,283
337,341,289
337,352,4
337,384,1
337,401,1
337,402,2
337,405,10
337,416,8
337,448,2
337,512,2
337,530,1
337,533,1
337,544,1
337,576,48
337,640,24
337,768,1
337,337,-711
338,256,2
338,278,1
338,288,9
338,320,3
338,342,152
338,352,3
338,402,1
338,406,12
338,416,10
338,534,1
338,544,1
338,576,83
338,640,24
338,338,-302
340,256,7
340,288,3
340,320,10
340,341,322
340,344,243
340,384,1
340,405,1
340,408,3
340,416,8
340,532,1
340,544,1
340,576,32
340,640,20
340,768,3
340,340,-655
341,256,4
341,288,8
341,320,8
341,342,299
341,345,247
341,352,2
341,384,1
341,406,1
341,409,15
341,416,11
341,544,1
341,576,43
341,640,30
341,768,1
341,341,-671
342,256,10
342,288,9
342,320,10
342,346,231
342,352,4
342,384,1
342,410,7
342,416,10
342,534,2
342,538,1
342,544,3
342,576,149
342,640,45
342,768,3
342,342,-485
344,256,1
344,288,1
344,320,1
344,345,111
344,348,118
344,352,1
344,409,1
344,412,1
344,416,3
344,576,15
344,640,10
344,768,1
344,344,-264
345,256,4
345,288,11
345,320,7
345,346,164
345,349,126
345,352,4
345,384,1
345,410,1
345,413,2
345,416,3
345,448,2
345,544,3
345,576,27
345,640,25
345,345,-380
346,256,3
346,288,11
346,320,8
346,350,179
346,352,6
346,414,11
346,416,11
346,448,2
346,538,1
346,542,1
346,544,2
346,576,165
346,640,34
346,768,1
346,346,-435
348,256,1
348,288,1
348,349,56
348,352,56
348,416,4
348,576,1
348,640,3
348,348,-122
349,256,1
349,288,1
349,320,7
349,350,95
349,352,65
349,416,7
349,576,10
349,640,7
349,349,-193
350,256,5
350,288,15
350,320,7
350,352,106
350,416,10
350,448,1
350,512,2
350,544,1
350,576,118
350,640,36
350,672,1
350,768,1
350,350,-303
352,368,1710
352,352,-1710
368,256,12
368,320,3
368,352,12
368,369,810
368,372,660
368,416,8
368,433,1
368,436,3
368,448,12
368,464,1
368,465,1
368,468,17
368,480,26
368,544,3
368,561,1
368,564,1
368,576,1
368,593,2
368,608,55
368,672,26
368,704,18
368,736,1
368,800,4
368,832,32
368,368,-1710
369,256,8
369,352,8
369,370,349
369,373,309
369,384,1
369,416,8
369,434,1
369,437,2
369,448,6
369,466,2
369,469,10
369,480,11
369,544,1
369,561,1
369,576,1
369,608,34
369,672,29
369,704,4
369,800,4
369,832,21
369,369,-810
370,256,2
370,352,9
370,374,188
370,416,2
370,448,2
370,470,4
370,480,4
370,608,107
370,662,1
370,672,13
370,704,7
370,800,1
370,832,9
370,370,-349
372,256,6
372,352,2
372,373,324
372,376,239
372,416,2
372,448,2
372,469,3
372,472,7
372,480,10
372,576,1
372,596,1
372,608,22
372,672,16
372,704,10
372,800,1
372,832,13
372,896,1
372,372,-660
373,256,5
373,320,2
373,352,8
373,374,269
373,377,230
373,416,6
373,448,7
373,470,1
373,473,2
373,480,21
373,544,2
373,569,1
373,576,1
373,598,1
373,608,33
373,672,17
373,704,8
373,800,3
373,832,16
373,373,-633
374,256,8
374,320,4
374,352,7
374,378,200
374,384,1
374,416,3
374,448,9
374,474,5
374,480,18
374,544,1
374,566,1
374,608,151
374,666,1
374,672,15
374,704,15
374,800,6
374,832,12
374,374,-457
376,288,1
376,377,119
376,380,83
376,416,3
376,473,1
376,476,2
376,480,5
376,608,13
376,672,4
376,704,1
376,800,1
376,832,6
376,376,-239
377,256,3
377,352,1
377,378,169
377,381,108
377,384,1
377,416,2
377,448,5
377,480,8
377,544,1
377,576,2
377,608,23
377,672,9
377,704,6
377,800,1
377,832,9
377,896,1
377,377,-349
378,256,4
378,320,3
378,352,7
378,382,151
378,384,1
378,416,8
378,442,1
378,448,4
378,478,6
378,480,19
378,576,1
378,608,122
378,672,14
378,704,6
378,800,7
378,832,15
378,378,-369
380,381,53
380,448,1
380,480,26
380,608,3
380,380,-83
381,256,3
381,320,1
381,352,3
381,382,74
381,416,7
381,448,1
381,480,47
381,608,11
381,672,4
381,704,3
381,800,2
381,832,5
381,381,-161
382,256,6
382,320,1
382,352,6
382,416,5
382,448,6
382,480,69
382,576,1
382,608,102
382,672,12
382,704,6
382,800,2
382,832,9
382,382,-225
384,400,407
384,384,-407
400,256,3
400,276,2
400,288,20
400,320,5
400,401,188
400,404,163
400,416,1
400,512,18
400,532,1
400,544,5
400,640,9
400,768,2
400,400,-417
401,256,1
401,273,1
401,288,16
401,320,1
401,384,1
401,402,80
401,405,74
401,416,3
401,512,8
401,544,1
401,640,15
401,401,-201
402,256,2
402,278,1
402,288,5
402,320,7
402,384,1
402,406,44
402,416,1
402,512,7
402,640,16
402,402,-84
404,256,1
404,280,1
404,288,10
404,405,69
404,408,71
404,512,12
404,536,1
404,544,2
404,640,6
404,404,-173
405,256,2
405,281,1
405,288,8
405,320,4
405,384,1
405,406,59
405,409,53
405,416,4
405,512,11
405,544,4
405,576,1
405,640,9
405,768,1
405,405,-158
406,288,6
406,410,60
406,416,1
406,512,5
406,534,1
406,544,2
406,640,43
406,406,-118
408,288,3
408,320,1
408,384,1
408,409,30
408,412,36
408,512,5
408,640,1
408,408,-77
409,256,2
409,288,11
409,320,1
409,384,1
409,410,45
409,413,36
409,416,1
409,512,3
409,640,3
409,409,-103
410,256,1
410,286,1
410,288,10
410,414,45
410,416,1
410,512,13
410,544,3
410,640,41
410,410,-115
412,256,1
412,413,20
412,416,17
412,412,-38
413,256,1
413,288,3
413,320,1
413,414,19
413,416,28
413,512,5
413,544,1
413,640,2
413,413,-60
414,288,5
414,320,2
414,416,30
414,512,11
414,544,1
414,640,28
414,414,-77
416,432,695
416,416,-695
432,256,6
432,304,1
432,320,2
432,336,1
432,340,3
432,352,20
432,384,3
432,416,1
432,433,310
432,436,254
432,448,4
432,465,3
432,468,7
432,480,2
432,544,30
432,576,8
432,608,4
432,672,13
432,704,3
432,800,1
432,896,19
432,432,-695
433,256,2
433,320,1
433,338,1
433,341,1
433,352,18
433,416,2
433,434,130
433,437,120
433,448,4
433,466,1
433,469,4
433,544,11
433,608,1
433,672,9
433,896,5
433,433,-310
434,256,2
434,320,1
434,352,5
434,416,6
434,438,74
434,448,1
434,470,1
434,480,3
434,544,5
434,576,1
434,608,2
434,672,25
434,896,5
434,434,-131
436,256,6
436,352,13
436,384,2
436,416,3
436,437,110
436,440,96
436,448,2
436,472,3
436,544,3
436,576,3
436,608,1
436,660,1
436,664,2
436,672,3
436,704,1
436,800,1
436,896,7
436,436,-257
437,256,4
437,320,2
437,352,6
437,384,1
437,409,1
437,416,2
437,438,99
437,441,74
437,448,5
437,470,1
437,480,2
437,544,10
437,576,2
437,608,1
437,672,5
437,704,1
437,800,1
437,896,15
437,437,-232
438,256,3
438,352,14
438,416,4
438,442,57
438,448,5
438,474,4
438,480,2
438,544,13
438,576,6
438,602,1
438,672,48
438,704,4
438,800,2
438,896,10
438,438,-173
440,256,2
440,320,2
440,384,1
440,416,1
440,441,50
440,444,32
440,448,1
440,480,1
440,544,4
440,576,1
440,896,1
440,440,-96
441,320,1
441,352,2
441,416,1
441,442,60
441,445,38
441,448,2
441,474,2
441,477,1
441,512,1
441,544,1
441,576,3
441,669,1
441,672,3
441,800,1
441,896,7
441,441,-124
442,256,3
442,320,1
442,350,2
442,352,10
442,384,1
442,416,1
442,446,48
442,448,3
442,478,4
442,480,1
442,544,5
442,576,5
442,672,29
442,704,1
442,768,1
442,896,3
442,442,-118
444,256,1
444,352,1
444,445,18
444,480,9
444,544,1
444,672,1
444,896,1
444,444,-32
445,320,1
445,352,1
445,416,1
445,446,23
445,448,1
445,478,2
445,480,18
445,544,2
445,576,3
445,608,1
445,672,2
445,896,1
445,445,-56
446,256,1
446,288,1
446,320,1
446,352,7
446,416,2
446,480,24
446,544,6
446,576,1
446,608,2
446,672,18
446,704,4
446,896,4
446,446,-71
448,464,448
448,448,-448
464,256,5
464,288,5
464,320,3
464,404,2
464,416,4
464,465,188
464,468,208
464,480,3
464,512,1
464,576,7
464,640,11
464,672,3
464,704,9
464,464,-449
465,256,1
465,288,1
465,320,4
465,416,3
465,466,82
465,469,75
465,480,3
465,576,6
465,640,12
465,672,2
465,704,5
465,465,-194
466,320,1
466,416,5
466,470,47
466,576,4
466,640,3
466,704,25
466,466,-85
468,256,1
468,288,3
468,320,3
468,352,1
468,416,2
468,469,92
468,472,108
468,480,2
468,544,1
468,576,6
468,608,1
468,640,6
468,672,1
468,704,7
468,468,-234
469,256,2
469,288,5
469,320,1
469,409,1
469,416,9
469,448,1
469,470,89
469,473,55
469,480,1
469,576,1
469,608,1
469,640,9
469,672,3
469,704,7
469,469,-185
470,256,3
470,288,6
470,416,6
470,474,71
470,480,1
470,576,5
470,640,8
470,704,47
470,470,-147
472,256,1
472,288,2
472,320,2
472,416,2
472,473,40
472,476,58
472,576,1
472,640,5
472,704,5
472,832,1
472,896,1
472,472,-118
473,256,1
473,288,2
473,320,1
473,352,1
473,413,2
473,416,2
473,474,37
473,477,36
473,480,1
473,576,3
473,640,8
473,704,6
473,473,-100
474,288,4
474,320,4
474,416,4
474,478,49
474,480,1
474,512,1
474,576,4
474,640,7
474,704,45
474,474,-119
476,349,1
476,416,1
476,477,15
476,480,43
476,476,-60
477,256,3
477,288,3
477,478,22
477,480,17
477,512,1
477,576,4
477,640,1
477,704,1
477,477,-52
478,288,1
478,320,4
478,352,2
478,416,4
478,480,33
478,576,5
478,640,3
478,672,3
478,704,26
478,832,2
478,478,-83
480,496,654
480,480,-654
496,256,5
496,320,3
496,352,8
496,384,1
496,416,3
496,448,6
496,465,1
496,468,2
496,480,15
496,497,299
496,500,264
496,544,1
496,608,10
496,672,8
496,704,5
496,736,12
496,864,3
496,960,8
496,496,-654
497,256,2
497,352,3
497,416,2
497,448,3
497,465,1
497,469,1
497,480,9
497,498,153
497,501,98
497,608,7
497,672,4
497,704,2
497,736,10
497,864,1
497,960,3
497,497,-299
498,256,1
498,352,2
498,416,2
498,448,3
498,470,3
498,480,4
498,502,77
498,544,1
498,608,3
498,672,4
498,704,1
498,736,48
498,864,1
498,960,3
498,498,-153
500,256,3
500,320,1
500,352,5
500,448,2
500,480,9
500,501,115
500,504,101
500,512,1
500,608,5
500,640,1
500,672,2
500,704,1
500,736,13
500,960,5
500,500,-264
501,256,2
501,320,1
501,352,2
501,384,1
501,416,1
501,448,1
501,470,1
501,473,2
501,480,5
501,502,107
501,505,64
501,608,6
501,672,7
501,704,2
501,736,8
501,960,3
501,501,-213
502,256,2
502,352,3
502,384,1
502,416,2
502,448,3
502,480,13
502,506,81
502,608,4
502,672,10
502,704,2
502,736,55
502,928,1
502,960,7
502,502,-184
504,256,1
504,320,1
504,416,1
504,448,1
504,505,44
504,508,39
504,608,1
504,672,3
504,704,1
504,736,3
504,928,1
504,960,5
504,504,-101
505,256,2
505,352,1
505,384,1
505,416,1
505,480,1
505,506,58
505,509,33
505,512,1
505,608,3
505,672,2
505,736,2
505,800,1
505,960,2
505,505,-108
506,256,1
506,416,2
506,480,10
506,510,48
506,608,5
506,640,1
506,672,9
506,704,4
506,734,1
506,736,49
506,864,1
506,960,8
506,506,-139
508,256,1
508,320,1
508,480,14
508,509,22
508,736,1
508,508,-39
509,256,2
509,448,1
509,480,15
509,510,27
509,608,1
509,640,1
509,672,3
509,736,2
509,928,1
509,960,2
509,509,-55
510,352,3
510,384,1
510,448,2
510,480,31
510,608,2
510,672,5
510,704,1
510,736,29
510,960,1
510,510,-75
512,528,9386
512,512,-9386
528,512,47
528,529,4768
528,532,3725
528,544,196
528,576,50
528,640,1
528,768,611
528,528,-9398
529,512,36
529,530,1993
529,533,2050
529,544,182
529,576,36
529,640,7
529,768,480
529,529,-4784
530,512,13
530,534,1141
530,544,94
530,576,17
530,640,2
530,768,730
530,530,-1997
532,512,31
532,533,1879
532,536,1316
532,544,113
532,576,41
532,640,2
532,768,361
532,532,-3743
533,512,39
533,534,1747
533,537,1459
533,544,155
533,576,59
533,640,4
533,768,491
533,533,-3954
534,512,23
534,538,1456
534,544,192
534,576,33
534,640,3
534,768,1202
534,534,-2909
536,512,16
536,537,699
536,540,411
536,544,51
536,576,11
536,768,134
536,536,-1322
537,512,25
537,538,1088
537,541,640
537,544,102
537,576,27
537,640,2
537,768,286
537,537,-2170
538,512,34
538,542,1071
538,544,171
538,576,62
538,640,4
538,768,1215
538,538,-2557
540,512,1
540,541,258
540,544,145
540,768,10
540,540,-414
541,512,15
541,542,442
541,544,302
541,576,20
541,640,1
541,768,121
541,541,-901
542,512,34
542,544,599
542,576,34
542,640,7
542,768,844
542,542,-1518
544,560,4957
544,544,-4957
560,512,25
560,561,2349
560,564,1898
560,576,16
560,592,9
560,593,42
560,596,79
560,608,98
560,640,7
560,660,3
560,672,35
560,704,24
560,800,348
560,832,1
560,560,-4934
561,512,16
561,562,995
561,565,949
561,576,9
561,594,18
561,597,34
561,608,61
561,640,3
561,657,1
561,661,6
561,672,19
561,704,12
561,800,216
561,832,1
561,896,1
561,561,-2341
562,512,9
562,566,503
562,576,9
562,594,1
562,598,50
562,608,30
562,640,1
562,662,2
562,672,12
562,704,4
562,800,365
562,832,1
562,896,1
562,562,-988
564,512,19
564,565,936
564,568,636
564,576,15
564,596,1
564,597,14
564,600,34
564,608,37
564,640,3
564,672,18
564,704,9
564,768,1
564,800,159
564,564,-1882
565,512,16
565,566,790
565,569,675
565,576,7
565,597,1
565,598,14
565,601,27
565,608,50
565,640,6
565,665,1
565,672,25
565,704,11
565,800,247
565,565,-1870
566,512,11
566,570,581
566,576,9
566,598,5
566,602,38
566,608,51
566,640,4
566,666,2
566,672,16
566,704,13
566,800,550
566,896,1
566,566,-1281
568,512,11
568,569,343
568,572,177
568,576,1
568,600,1
568,601,6
568,604,9
568,608,13
568,672,5
568,704,5
568,800,61
568,832,1
568,896,1
568,568,-634
569,512,9
569,570,486
569,573,302
569,576,6
569,601,3
569,602,5
569,605,12
569,608,33
569,640,1
569,672,17
569,704,10
569,800,131
569,832,1
569,569,-1016
570,512,16
570,544,1
570,574,439
570,576,14
570,606,24
570,608,54
570,672,22
570,704,9
570,768,1
570,800,475
570,832,2
570,570,-1057
572,512,1
572,573,115
572,576,1
572,605,1
572,608,51
572,672,1
572,800,7
572,572,-177
573,512,6
573,574,210
573,576,4
573,608,141
573,640,1
573,672,4
573,704,3
573,800,47
573,832,1
573,573,-417
574,512,14
574,544,2
574,576,15
574,606,1
574,608,224
574,640,1
574,672,34
574,704,3
574,800,354
574,574,-648
576,592,1925
576,576,-1925
592,512,9
592,544,22
592,576,11
592,593,885
592,596,840
592,608,2
592,656,1
592,657,4
592,660,26
592,672,7
592,768,1
592,800,1
592,832,124
592,592,-1933
593,512,5
593,544,19
593,576,13
593,594,378
593,597,393
593,608,2
593,657,1
593,658,3
593,661,14
593,672,3
593,768,2
593,800,2
593,832,94
593,593,-929
594,512,2
594,544,8
594,576,7
594,598,207
594,608,2
594,640,1
594,658,3
594,662,6
594,672,4
594,832,157
594,594,-397
596,512,4
596,544,17
596,576,7
596,597,427
596,600,356
596,608,6
596,660,1
596,661,1
596,664,7
596,672,5
596,704,1
596,768,1
596,832,90
596,896,1
596,596,-924
597,512,7
597,544,36
597,576,10
597,598,381
597,601,313
597,608,4
597,640,1
597,661,2
597,665,7
597,672,3
597,800,1
597,832,108
597,896,1
597,597,-874
598,512,12
598,544,23
598,576,13
598,602,328
598,608,3
598,662,2
598,666,13
598,672,4
598,768,2
598,800,3
598,832,256
598,598,-659
600,512,4
600,544,4
600,576,8
600,601,170
600,604,163
600,608,2
600,665,2
600,668,2
600,672,3
600,800,1
600,832,30
600,600,-389
601,512,5
601,537,1
601,544,13
601,576,6
601,602,216
601,605,191
601,608,2
601,640,2
601,665,1
601,669,3
601,672,6
601,768,1
601,800,1
601,832,72
601,601,-520
602,512,5
602,544,23
602,576,10
602,606,258
602,608,3
602,640,2
602,666,1
602,670,7
602,672,11
602,768,1
602,832,268
602,602,-589
604,512,3
604,576,1
604,605,80
604,608,80
604,672,3
604,832,4
604,604,-171
605,512,7
605,544,6
605,576,6
605,606,136
605,608,94
605,670,1
605,672,1
605,832,33
605,605,-284
606,512,8
606,544,31
606,576,8
606,608,148
606,672,9
606,768,1
606,800,1
606,832,218
606,606,-424
608,624,2131
608,608,-2131
624,512,8
624,576,9
624,608,17
624,625,1008
624,628,841
624,640,1
624,660,1
624,672,22
624,689,2
624,692,6
624,704,17
624,720,1
624,721,6
624,724,17
624,736,21
624,800,7
624,832,1
624,864,143
624,896,1
624,624,-2129
625,512,8
625,576,9
625,608,16
625,626,419
625,629,390
625,640,2
625,672,7
625,693,1
625,704,3
625,721,1
625,725,16
625,736,14
625,800,10
625,864,111
625,625,-1007
626,512,1
626,608,6
626,630,223
626,640,2
626,672,6
626,694,3
626,704,4
626,726,6
626,736,9
626,800,1
626,864,157
626,626,-418
628,512,10
628,576,7
628,608,12
628,629,415
628,632,278
628,640,1
628,672,9
628,696,2
628,704,5
628,728,2
628,736,10
628,800,1
628,864,87
628,896,1
628,628,-840
629,512,6
629,576,6
629,608,9
629,630,367
629,633,288
629,672,14
629,697,1
629,704,5
629,726,2
629,729,5
629,736,4
629,800,5
629,864,92
629,629,-804
630,512,5
630,544,1
630,576,6
630,602,1
630,608,10
630,634,274
630,640,2
630,672,10
630,694,1
630,698,1
630,704,6
630,730,6
630,736,14
630,768,1
630,800,6
630,864,247
630,630,-591
632,512,4
632,576,1
632,608,1
632,633,143
632,636,90
632,640,2
632,672,3
632,704,4
632,732,3
632,736,3
632,800,3
632,864,21
632,632,-278
633,512,3
633,576,5
633,608,3
633,634,211
633,637,136
633,640,1
633,672,8
633,698,1
633,701,1
633,729,2
633,730,2
633,733,3
633,736,3
633,800,1
633,864,51
633,633,-431
634,512,8
634,576,3
634,608,5
634,638,200
634,640,2
634,672,10
634,704,5
634,730,1
634,734,5
634,736,8
634,800,2
634,864,234
634,634,-483
636,608,1
636,637,54
636,672,1
636,736,33
636,864,1
636,636,-90
637,512,2
637,576,2
637,608,4
637,638,97
637,640,1
637,672,5
637,704,1
637,736,49
637,800,3
637,864,26
637,637,-190
638,512,8
638,576,4
638,608,2
638,640,1
638,672,8
638,702,1
638,704,2
638,736,106
638,864,164
638,638,-296
640,656,766
640,640,-766
656,512,8
656,532,2
656,544,18
656,576,3
656,640,2
656,657,371
656,660,309
656,672,1
656,896,53
656,656,-767
657,512,3
657,533,2
657,544,14
657,576,3
657,640,1
657,658,163
657,661,149
657,672,1
657,896,41
657,657,-377
658,534,5
658,544,3
658,576,2
658,662,103
658,896,56
658,658,-169
660,532,1
660,533,1
660,544,12
660,576,1
660,661,146
660,664,140
660,672,1
660,896,41
660,660,-343
661,512,1
661,537,1
661,544,10
661,576,10
661,662,146
661,665,109
661,896,43
661,661,-320
662,512,4
662,538,3
662,544,12
662,576,4
662,666,131
662,672,3
662,896,102
662,662,-259
664,512,2
664,540,2
664,544,2
664,576,1
664,665,72
664,668,58
664,896,14
664,664,-151
665,512,2
665,544,6
665,576,3
665,666,89
665,669,69
665,896,26
665,665,-195
666,512,5
666,538,1
666,544,13
666,576,5
666,670,105
666,672,2
666,800,1
666,896,105
666,666,-237
668,669,33
668,672,24
668,896,2
668,668,-59
669,512,1
669,544,4
669,670,50
669,672,39
669,896,13
669,669,-107
670,512,4
670,544,13
670,576,3
670,672,52
670,768,1
670,896,93
670,670,-166
672,688,998
672,672,-998
688,512,3
688,576,3
688,593,1
688,596,4
688,608,18
688,660,1
688,672,6
688,689,453
688,692,403
688,704,6
688,721,6
688,724,12
688,736,2
688,800,1
688,896,1
688,928,75
688,688,-995
689,512,2
689,576,2
689,597,5
689,608,12
689,640,1
689,661,1
689,672,8
689,690,176
689,693,172
689,704,2
689,722,3
689,725,10
689,736,3
689,800,1
689,928,56
689,689,-454
690,576,3
690,598,1
690,608,4
690,672,3
690,694,92
690,704,2
690,722,1
690,726,14
690,736,1
690,800,1
690,928,53
690,690,-175
692,512,4
692,576,2
692,608,7
692,640,1
692,664,1
692,672,3
692,693,186
692,696,149
692,704,2
692,725,2
692,728,8
692,736,3
692,896,1
692,928,39
692,692,-408
693,512,6
693,576,3
693,597,1
693,598,1
693,601,2
693,608,7
693,640,1
693,672,7
693,694,150
693,697,132
693,704,1
693,725,1
693,726,7
693,729,4
693,736,1
693,928,35
693,693,-359
694,512,4
694,570,1
694,576,1
694,602,2
694,608,10
694,672,5
694,698,122
694,704,1
694,730,8
694,736,1
694,800,1
694,928,89
694,694,-245
696,512,5
696,576,2
696,608,4
696,672,4
696,697,71
696,700,50
696,928,15
696,696,-151
697,512,5
697,576,1
697,608,8
697,672,2
697,698,92
697,701,63
697,704,3
697,730,4
697,733,2
697,928,22
697,697,-202
698,512,3
698,576,2
698,606,6
698,608,12
698,640,1
698,672,2
698,702,73
698,734,12
698,736,3
698,928,101
698,698,-215
700,512,1
700,608,2
700,701,22
700,736,22
700,928,3
700,700,-50
701,608,1
701,702,40
701,704,1
701,736,27
701,800,1
701,928,16
701,701,-86
702,512,5
702,576,5
702,608,3
702,670,1
702,672,8
702,736,40
702,928,52
702,702,-114
704,720,493
704,704,-493
720,512,2
720,544,7
720,576,11
720,640,1
720,660,1
720,672,4
720,721,218
720,724,222
720,736,1
720,960,27
720,720,-494
721,512,1
721,544,5
721,576,6
721,661,1
721,672,3
721,722,79
721,725,103
721,736,1
721,800,1
721,960,31
721,721,-231
722,576,1
722,672,1
722,726,59
722,864,1
722,960,21
722,722,-83
724,544,1
724,576,5
724,664,1
724,672,2
724,725,101
724,728,116
724,736,1
724,800,1
724,928,1
724,960,24
724,724,-253
725,512,3
725,544,7
725,576,4
725,665,3
725,672,3
725,726,111
725,729,72
725,768,1
725,960,30
725,725,-234
726,544,5
726,576,3
726,666,1
726,672,2
726,730,91
726,736,4
726,800,1
726,960,94
726,726,-201
728,512,1
728,544,3
728,672,1
728,729,47
728,732,68
728,736,1
728,800,1
728,960,7
728,728,-129
729,541,1
729,544,4
729,576,2
729,669,1
729,672,1
729,730,63
729,733,46
729,960,15
729,729,-133
730,512,3
730,544,8
730,576,2
730,640,1
730,670,2
730,672,1
730,734,68
730,768,1
730,800,1
730,960,89
730,730,-176
732,512,1
732,576,1
732,733,27
732,736,43
732,732,-72
733,512,2
733,544,1
733,576,2
733,734,37
733,736,30
733,960,6
733,733,-78
734,512,2
734,544,7
734,576,7
734,672,3
734,736,40
734,768,1
734,960,63
734,734,-123
736,752,838
736,736,-838
752,512,2
752,576,4
752,608,5
752,640,2
752,672,5
752,704,1
752,724,2
752,736,9
752,753,414
752,756,331
752,832,1
752,928,2
752,992,58
752,752,-836
753,512,1
753,608,2
753,672,6
753,704,3
753,725,1
753,736,5
753,754,184
753,757,162
753,800,1
753,928,1
753,992,48
753,753,-414
754,512,1
754,576,1
754,608,2
754,672,8
754,704,2
754,726,2
754,736,7
754,758,94
754,928,2
754,992,65
754,754,-184
756,512,3
756,576,2
756,608,3
756,672,7
756,704,1
756,728,3
756,736,4
756,757,166
756,760,105
756,768,1
756,992,36
756,756,-331
757,608,6
757,672,7
757,704,2
757,729,2
757,736,5
757,758,155
757,761,115
757,928,1
757,992,35
757,757,-328
758,576,3
758,608,5
758,630,1
758,672,4
758,704,1
758,730,1
758,736,7
758,762,111
758,800,1
758,928,3
758,992,112
758,758,-249
760,512,2
760,576,1
760,608,1
760,672,1
760,732,1
760,736,2
760,761,48
760,764,36
760,992,13
760,760,-105
761,576,4
761,608,3
761,672,3
761,729,1
761,736,2
761,762,83
761,765,45
761,992,22
761,761,-163
762,512,1
762,576,6
762,608,2
762,640,1
762,672,7
762,704,2
762,736,5
762,766,80
762,992,89
762,762,-193
764,736,11
764,765,25
764,764,-36
765,512,2
765,608,2
765,640,2
765,704,1
765,736,14
765,766,39
765,992,10
765,765,-70
766,512,1
766,576,4
766,608,2
766,672,7
766,704,1
766,736,40
766,992,64
766,766,-119
0,0,0
1,0,0
2,0,0
3,0,0
4,0,0
5,0,0
6,0,0
7,0,0
8,0,0
9,0,0
10,0,0
11,0,0
12,0,0
13,0,0
14,0,0
15,0,0
16,-101,0
17,-72,0
18,-17,0
19,0,0
20,-82,0
21,-82,0
22,-54,0
23,0,0
24,-24,0
25,-40,0
26,-70,0
27,0,0
28,-1,0
29,-27,0
30,-54,0
31,0,0
32,0,0
33,0,0
34,0,0
35,0,0
36,0,0
37,0,0
38,0,0
39,0,0
40,0,0
41,0,0
42,0,0
43,0,0
44,0,0
45,0,0
46,0,0
47,0,0
48,-63,0
49,-40,0
50,-31,0
51,0,0
52,-43,0
53,-37,0
54,-25,0
55,0,0
56,-12,0
57,-17,0
58,-45,0
59,0,0
60,0,0
61,-19,0
62,-38,0
63,0,0
64,0,0
65,0,0
66,0,0
67,0,0
68,0,0
69,0,0
70,0,0
71,0,0
72,0,0
73,0,0
74,0,0
75,0,0
76,0,0
77,0,0
78,0,0
79,0,0
80,-26,0
81,-14,0
82,-6,0
83,0,0
84,-27,0
85,-29,0
86,-20,0
87,0,0
88,-11,0
89,-9,0
90,-14,0
91,0,0
92,-2,0
93,-11,0
94,-16,0
95,0,0
96,0,0
97,0,0
98,0,0
99,0,0
100,0,0
101,0,0
102,0,0
103,0,0
104,0,0
105,0,0
106,0,0
107,0,0
108,0,0
109,0,0
110,0,0
111,0,0
112,-35,0
113,-19,0
114,-10,0
115,0,0
116,-28,0
117,-18,0
118,-38,0
119,0,0
120,-10,0
121,-8,0
122,-28,0
123,0,0
124,0,0
125,-14,0
126,-20,0
127,0,0
128,0,0
129,0,0
130,0,0
131,0,0
132,0,0
133,0,0
134,0,0
135,0,0
136,0,0
137,0,0
138,0,0
139,0,0
140,0,0
141,0,0
142,0,0
143,0,0
144,-13,0
145,-8,0
146,-2,0
147,0,0
148,-3,0
149,-6,0
150,-12,0
151,0,0
152,-4,0
153,-5,0
154,-6,0
155,0,0
156,0,0
157,-2,0
158,-8,0
159,0,0
160,0,0
161,0,0
162,0,0
163,0,0
164,0,0
165,0,0
166,0,0
167,0,0
168,0,0
169,0,0
170,0,0
171,0,0
172,0,0
173,0,0
174,0,0
175,0,0
176,-42,0
177,-37,0
178,-18,0
179,0,0
180,-17,0
181,-21,0
182,-24,0
183,0,0
184,-7,0
185,-10,0
186,-12,0
187,0,0
188,-1,0
189,-6,0
190,-12,0
191,0,0
192,0,0
193,0,0
194,0,0
195,0,0
196,0,0
197,0,0
198,0,0
199,0,0
200,0,0
201,0,0
202,0,0
203,0,0
204,0,0
205,0,0
206,0,0
207,0,0
208,-33,0
209,-7,0
210,-7,0
211,0,0
212,-9,0
213,-12,0
214,-16,0
215,0,0
216,-7,0
217,-9,0
218,-13,0
219,0,0
220,-1,0
221,-3,0
222,-10,0
223,0,0
224,0,0
225,0,0
226,0,0
227,0,0
228,0,0
229,0,0
230,0,0
231,0,0
232,0,0
233,0,0
234,0,0
235,0,0
236,0,0
237,0,0
238,0,0
239,0,0
240,-58,0
241,-19,0
242,-20,0
243,0,0
244,-17,0
245,-29,0
246,-17,0
247,0,0
248,-13,0
249,-18,0
250,-22,0
251,0,0
252,-8,0
253,-15,0
254,-29,0
255,0,0
256,0,0
257,0,0
258,0,0
259,0,0
260,0,0
261,0,0
262,0,0
263,0,0
264,0,0
265,0,0
266,0,0
267,0,0
268,0,0
269,0,0
270,0,0
271,0,0
272,-68,0
273,-39,0
274,-14,0
275,0,0
276,-38,0
277,-51,0
278,-32,0
279,0,0
280,-18,0
281,-33,0
282,-53,0
283,0,0
284,-3,0
285,-18,0
286,-30,0
287,0,0
288,0,0
289,0,0
290,0,0
291,0,0
292,0,0
293,0,0
294,0,0
295,0,0
296,0,0
297,0,0
298,0,0
299,0,0
300,0,0
301,0,0
302,0,0
303,0,0
304,-81,0
305,-52,0
306,-30,0
307,0,0
308,-32,0
309,-17,0
310,-34,0
311,0,0
312,-31,0
313,-23,0
314,-30,0
315,0,0
316,-2,0
317,-15,0
318,-17,0
319,0,0
320,0,0
321,0,0
322,0,0
323,0,0
324,0,0
325,0,0
326,0,0
327,0,0
328,0,0
329,0,0
330,0,0
331,0,0
332,0,0
333,0,0
334,0,0
335,0,0
336,-52,0
337,-38,0
338,-17,0
339,0,0
340,-28,0
341,-25,0
342,-40,0
343,0,0
344,-4,0
345,-27,0
346,-25,0
347,0,0
348,-3,0
349,-10,0
350,-34,0
351,0,0
352,0,0
353,0,0
354,0,0
355,0,0
356,0,0
357,0,0
358,0,0
359,0,0
360,0,0
361,0,0
362,0,0
363,0,0
364,0,0
365,0,0
366,0,0
367,0,0
368,-78,0
369,-50,0
370,-19,0
371,0,0
372,-25,0
373,-43,0
374,-54,0
375,0,0
376,-5,0
377,-22,0
378,-40,0
379,0,0
380,-1,0
381,-22,0
382,-38,0
383,0,0
384,0,0
385,0,0
386,0,0
387,0,0
388,0,0
389,0,0
390,0,0
391,0,0
392,0,0
393,0,0
394,0,0
395,0,0
396,0,0
397,0,0
398,0,0
399,0,0
400,-51,0
401,-29,0
402,-25,0
403,0,0
404,-25,0
405,-29,0
406,-11,0
407,0,0
408,-10,0
409,-20,0
410,-26,0
411,0,0
412,-2,0
413,-11,0
414,-18,0
415,0,0
416,0,0
417,0,0
418,0,0
419,0,0
420,0,0
421,0,0
422,0,0
423,0,0
424,0,0
425,0,0
426,0,0
427,0,0
428,0,0
429,0,0
430,0,0
431,0,0
432,-96,0
433,-45,0
434,-26,0
435,0,0
436,-46,0
437,-44,0
438,-51,0
439,0,0
440,-19,0
441,-13,0
442,-40,0
443,0,0
444,-5,0
445,-10,0
446,-23,0
447,0,0
448,0,0
449,0,0
450,0,0
451,0,0
452,0,0
453,0,0
454,0,0
455,0,0
456,0,0
457,0,0
458,0,0
459,0,0
460,0,0
461,0,0
462,0,0
463,0,0
464,-57,0
465,-34,0
466,-14,0
467,0,0
468,-31,0
469,-39,0
470,-40,0
471,0,0
472,-19,0
473,-25,0
474,-33,0
475,0,0
476,-2,0
477,-22,0
478,-24,0
479,0,0
480,0,0
481,0,0
482,0,0
483,0,0
484,0,0
485,0,0
486,0,0
487,0,0
488,0,0
489,0,0
490,0,0
491,0,0
492,0,0
493,0,0
494,0,0
495,0,0
496,-109,0
497,-48,0
498,-35,0
499,0,0
500,-51,0
501,-45,0
502,-56,0
503,0,0
504,-16,0
505,-25,0
506,-38,0
507,0,0
508,-21,0
509,-31,0
510,-52,0
511,0,0
512,0,0
513,0,0
514,0,0
515,0,0
516,0,0
517,0,0
518,0,0
519,0,0
520,0,0
521,0,0
522,0,0
523,0,0
524,0,0
525,0,0
526,0,0
527,0,0
528,-47,0
529,-36,0
530,-13,0
531,0,0
532,-31,0
533,-39,0
534,-23,0
535,0,0
536,-16,0
537,-25,0
538,-34,0
539,0,0
540,-1,0
541,-15,0
542,-34,0
543,0,0
544,0,0
545,0,0
546,0,0
547,0,0
548,0,0
549,0,0
550,0,0
551,0,0
552,0,0
553,0,0
554,0,0
555,0,0
556,0,0
557,0,0
558,0,0
559,0,0
560,-73,0
561,-44,0
562,-28,0
563,0,0
564,-57,0
565,-45,0
566,-35,0
567,0,0
568,-23,0
569,-25,0
570,-48,0
571,0,0
572,-3,0
573,-17,0
574,-46,0
575,0,0
576,0,0
577,0,0
578,0,0
579,0,0
580,0,0
581,0,0
582,0,0
583,0,0
584,0,0
585,0,0
586,0,0
587,0,0
588,0,0
589,0,0
590,0,0
591,0,0
592,-52,0
593,-44,0
594,-20,0
595,0,0
596,-33,0
597,-61,0
598,-62,0
599,0,0
600,-20,0
601,-33,0
602,-46,0
603,0,0
604,-7,0
605,-26,0
606,-56,0
607,0,0
608,0,0
609,0,0
610,0,0
611,0,0
612,0,0
613,0,0
614,0,0
615,0,0
616,0,0
617,0,0
618,0,0
619,0,0
620,0,0
621,0,0
622,0,0
623,0,0
624,-110,0
625,-82,0
626,-24,0
627,0,0
628,-74,0
629,-63,0
630,-68,0
631,0,0
632,-29,0
633,-33,0
634,-56,0
635,0,0
636,-2,0
637,-25,0
638,-46,0
639,0,0
640,0,0
641,0,0
642,0,0
643,0,0
644,0,0
645,0,0
646,0,0
647,0,0
648,0,0
649,0,0
650,0,0
651,0,0
652,0,0
653,0,0
654,0,0
655,0,0
656,-41,0
657,-26,0
658,-10,0
659,0,0
660,-15,0
661,-23,0
662,-27,0
663,0,0
664,-9,0
665,-13,0
666,-29,0
667,0,0
668,0,0
669,-6,0
670,-25,0
671,0,0
672,0,0
673,0,0
674,0,0
675,0,0
676,0,0
677,0,0
678,0,0
679,0,0
680,0,0
681,0,0
682,0,0
683,0,0
684,0,0
685,0,0
686,0,0
687,0,0
688,-53,0
689,-41,0
690,-17,0
691,0,0
692,-32,0
693,-45,0
694,-34,0
695,0,0
696,-27,0
697,-30,0
698,-35,0
699,0,0
700,-5,0
701,-3,0
702,-37,0
703,0,0
704,0,0
705,0,0
706,0,0
707,0,0
708,0,0
709,0,0
710,0,0
711,0,0
712,0,0
713,0,0
714,0,0
715,0,0
716,0,0
717,0,0
718,0,0
719,0,0
720,-49,0
721,-30,0
722,-3,0
723,0,0
724,-16,0
725,-39,0
726,-20,0
727,0,0
728,-11,0
729,-16,0
730,-37,0
731,0,0
732,-5,0
733,-12,0
734,-39,0
735,0,0
736,0,0
737,0,0
738,0,0
739,0,0
740,0,0
741,0,0
742,0,0
743,0,0
744,0,0
745,0,0
746,0,0
747,0,0
748,0,0
749,0,0
750,0,0
751,0,0
752,-63,0
753,-35,0
754,-42,0
755,0,0
756,-50,0
757,-38,0
758,-43,0
759,0,0
760,-18,0
761,-27,0
762,-52,0
763,0,0
764,-11,0
765,-34,0
766,-76,0
767,0,0
768,0,0
769,0,0
770,0,0
771,0,0
772,0,0
773,0,0
774,0,0
775,0,0
776,0,0
777,0,0
778,0,0
779,0,0
780,0,0
781,0,0
782,0,0
783,0,0
784,0,0
785,0,0
786,0,0
787,0,0
788,0,0
789,0,0
790,0,0
791,0,0
792,0,0
793,0,0
794,0,0
795,0,0
796,0,0
797,0,0
798,0,0
799,0,0
800,0,0
801,0,0
802,0,0
803,0,0
804,0,0
805,0,0
806,0,0
807,0,0
808,0,0
809,0,0
810,0,0
811,0,0
812,0,0
813,0,0
814,0,0
815,0,0
816,0,0
817,0,0
818,0,0
819,0,0
820,0,0
821,0,0
822,0,0
823,0,0
824,0,0
825,0,0
826,0,0
827,0,0
828,0,0
829,0,0
830,0,0
831,0,0
832,0,0
833,0,0
834,0,0
835,0,0
836,0,0
837,0,0
838,0,0
839,0,0
840,0,0
841,0,0
842,0,0
843,0,0
844,0,0
845,0,0
846,0,0
847,0,0
848,0,0
849,0,0
850,0,0
851,0,0
852,0,0
853,0,0
854,0,0
855,0,0
856,0,0
857,0,0
858,0,0
859,0,0
860,0,0
861,0,0
862,0,0
863,0,0
864,0,0
865,0,0
866,0,0
867,0,0
868,0,0
869,0,0
870,0,0
871,0,0
872,0,0
873,0,0
874,0,0
875,0,0
876,0,0
877,0,0
878,0,0
879,0,0
880,0,0
881,0,0
882,0,0
883,0,0
884,0,0
885,0,0
886,0,0
887,0,0
888,0,0
889,0,0
890,0,0
891,0,0
892,0,0
893,0,0
894,0,0
895,0,0
896,0,0
897,0,0
898,0,0
899,0,0
900,0,0
901,0,0
902,0,0
903,0,0
904,0,0
905,0,0
906,0,0
907,0,0
908,0,0
909,0,0
910,0,0
911,0,0
912,0,0
913,0,0
914,0,0
915,0,0
916,0,0
917,0,0
918,0,0
919,0,0
920,0,0
921,0,0
922,0,0
923,0,0
924,0,0
925,0,0
926,0,0
927,0,0
928,0,0
929,0,0
930,0,0
931,0,0
932,0,0
933,0,0
934,0,0
935,0,0
936,0,0
937,0,0
938,0,0
939,0,0
940,0,0
941,0,0
942,0,0
943,0,0
944,0,0
945,0,0
946,0,0
947,0,0
948,0,0
949,0,0
950,0,0
951,0,0
952,0,0
953,0,0
954,0,0
955,0,0
956,0,0
957,0,0
958,0,0
959,0,0
960,0,0
961,0,0
962,0,0
963,0,0
964,0,0
965,0,0
966,0,0
967,0,0
968,0,0
969,0,0
970,0,0
971,0,0
972,0,0
973,0,0
974,0,0
975,0,0
976,0,0
977,0,0
978,0,0
979,0,0
980,0,0
981,0,0
982,0,0
983,0,0
984,0,0
985,0,0
986,0,0
987,0,0
988,0,0
989,0,0
990,0,0
991,0,0
992,0,0
993,0,0
994,0,0
995,0,0
996,0,0
997,0,0
998,0,0
999,0,0
1000,0,0
1001,0,0
1002,0,0
1003,0,0
1004,0,0
1005,0,0
1006,0,0
1007,0,0
1008,0,0
1009,0,0
1010,0,0
1011,0,0
1012,0,0
1013,0,0
1014,0,0
1015,0,0
1016,0,0
1017,0,0
1018,0,0
1019,0,0
1020,0,0
1021,0,0
1022,0,0
1023,0,0
