0,16,44932
0,0,-44932
16,0,274
16,17,23190
16,20,17094
16,32,1043
16,64,340
16,96,3
16,128,22
16,144,1
16,148,9
16,160,10
16,192,1
16,256,2878
16,272,1
16,288,4
16,320,21
16,384,40
16,512,1
16,16,-44932
17,0,153
17,18,9830
17,21,9335
17,32,930
17,64,292
17,128,11
17,145,1
17,146,1
17,149,1
17,160,8
17,256,2582
17,288,2
17,320,22
17,384,23
17,17,-23191
18,0,67
18,22,5480
18,32,499
18,64,126
18,96,2
18,128,13
18,150,1
18,160,5
18,256,3598
18,320,30
18,384,9
18,18,-9830
20,0,176
20,21,8825
20,24,5641
20,32,550
20,64,192
20,128,24
20,160,5
20,192,1
20,256,1648
20,288,2
20,320,15
20,384,15
20,20,-17094
21,0,186
21,22,8354
21,25,6125
21,32,825
21,64,245
21,128,21
21,153,1
21,160,7
21,256,2368
21,320,10
21,384,19
21,21,-18161
22,0,131
22,26,6612
22,32,884
22,64,230
22,96,2
22,128,26
22,154,1
22,160,9
22,256,5879
22,320,46
22,384,15
22,22,-13835
24,0,92
24,25,3025
24,28,1687
24,32,204
24,64,67
24,128,9
24,160,4
24,192,1
24,256,547
24,320,4
24,384,2
24,24,-5642
25,0,130
25,26,4454
25,29,2646
25,32,419
25,64,140
25,96,1
25,128,18
25,157,3
25,160,2
25,256,1327
25,288,1
25,320,5
25,384,4
25,25,-9150
26,0,153
26,30,4378
26,32,881
26,64,251
26,96,2
26,128,14
26,158,3
26,160,5
26,256,5319
26,320,50
26,384,12
26,26,-11068
28,0,5
28,29,1074
28,32,542
28,64,4
28,96,31
28,128,1
28,160,2
28,256,26
28,320,1
28,384,1
28,28,-1687
29,0,57
29,30,1904
29,32,1124
29,64,59
29,96,11
29,128,7
29,256,552
29,320,3
29,384,4
29,29,-3721
30,0,158
30,32,2460
30,64,178
30,96,23
30,128,21
30,160,7
30,256,3395
30,320,34
30,384,6
30,30,-6282
32,48,10612
32,32,-10612
48,0,58
48,49,5057
48,52,4114
48,64,16
48,80,15
48,81,30
48,84,98
48,96,242
48,128,7
48,144,3
48,145,3
48,148,4
48,160,62
48,192,66
48,272,8
48,273,14
48,276,10
48,288,454
48,320,178
48,384,2
48,512,172
48,48,-10613
49,0,39
49,50,2086
49,53,1890
49,64,18
49,81,2
49,82,14
49,85,52
49,96,209
49,128,6
49,145,1
49,146,1
49,149,2
49,160,43
49,192,51
49,273,7
49,274,4
49,277,17
49,288,368
49,320,99
49,384,2
49,512,146
49,49,-5057
50,0,14
50,54,1027
50,64,6
50,82,3
50,86,42
50,96,114
50,128,5
50,150,3
50,160,22
50,192,25
50,256,1
50,274,1
50,278,3
50,288,682
50,320,45
50,384,1
50,512,92
50,50,-2086
52,0,33
52,53,1983
52,56,1346
52,64,13
52,84,8
52,85,20
52,88,42
52,96,108
52,128,6
52,148,1
52,152,2
52,160,48
52,192,35
52,276,6
52,277,8
52,280,9
52,288,262
52,320,74
52,384,1
52,512,109
52,52,-4114
53,0,51
53,54,1698
53,57,1239
53,64,15
53,85,7
53,86,19
53,89,40
53,96,155
53,128,7
53,149,1
53,153,4
53,160,47
53,192,42
53,277,6
53,278,5
53,281,8
53,288,331
53,320,73
53,384,3
53,512,122
53,53,-3873
54,0,38
54,58,1207
54,64,14
54,86,5
54,90,63
54,96,141
54,128,6
54,154,2
54,160,33
54,192,28
54,256,1
54,278,1
54,282,8
54,288,972
54,320,81
54,384,3
54,512,122
54,54,-2725
56,0,20
56,57,670
56,60,433
56,64,2
56,89,7
56,92,7
56,96,37
56,160,8
56,192,12
56,280,1
56,288,93
56,320,21
56,512,35
56,56,-1346
57,0,22
57,58,921
57,61,524
57,64,7
57,89,1
57,90,12
57,93,19
57,96,75
57,128,3
57,153,1
57,160,20
57,192,25
57,281,3
57,282,4
57,285,2
57,288,169
57,320,38
57,512,63
57,57,-1909
58,0,36
58,32,1
58,62,757
58,64,10
58,94,41
58,96,142
58,128,6
58,160,32
58,192,37
58,282,4
58,286,3
58,288,856
58,320,73
58,512,130
58,58,-2128
60,0,2
60,61,262
60,93,3
60,96,155
60,160,1
60,192,2
60,284,1
60,285,1
60,288,5
60,512,1
60,60,-433
61,0,14
61,62,394
61,64,7
61,94,1
61,96,235
61,128,1
61,160,8
61,192,13
61,285,1
61,286,1
61,288,82
61,320,12
61,512,17
61,61,-786
62,0,25
62,64,12
62,94,1
62,96,433
62,128,8
62,160,35
62,192,24
62,256,1
62,286,2
62,288,420
62,320,93
62,384,2
62,512,95
62,62,-1151
64,80,2491
64,64,-2491
80,0,11
80,32,22
80,64,21
80,81,1162
80,84,944
80,96,14
80,128,2
80,144,4
80,145,2
80,148,23
80,160,48
80,192,6
80,288,8
80,320,114
80,384,121
80,512,5
80,80,-2507
81,0,3
81,32,13
81,64,20
81,82,528
81,85,413
81,96,11
81,145,3
81,146,1
81,149,11
81,160,30
81,192,2
81,256,1
81,288,2
81,320,73
81,384,83
81,512,1
81,81,-1195
82,0,4
82,32,10
82,64,11
82,86,276
82,96,7
82,128,1
82,146,1
82,150,5
82,160,20
82,192,2
82,274,1
82,320,161
82,384,46
82,512,1
82,82,-546
84,0,10
84,32,9
84,64,13
84,85,509
84,88,367
84,96,6
84,128,1
84,148,2
84,149,2
84,152,7
84,160,20
84,288,3
84,320,67
84,384,37
84,84,-1053
85,0,11
85,32,19
85,64,18
85,86,438
85,89,338
85,96,4
85,128,4
85,150,1
85,153,3
85,160,32
85,192,2
85,277,1
85,281,1
85,288,6
85,320,72
85,384,53
85,512,1
85,85,-1004
86,0,7
86,22,1
86,32,19
86,64,17
86,90,331
86,96,12
86,128,3
86,154,14
86,160,33
86,192,1
86,256,1
86,282,1
86,288,1
86,320,272
86,384,69
86,512,1
86,86,-783
88,0,5
88,32,3
88,64,1
88,89,192
88,92,145
88,96,1
88,152,1
88,153,2
88,156,6
88,160,8
88,256,1
88,288,2
88,320,25
88,384,18
88,88,-410
89,0,4
89,32,10
89,64,10
89,90,271
89,93,176
89,96,5
89,128,1
89,154,1
89,157,4
89,160,14
89,256,1
89,281,1
89,288,2
89,320,45
89,384,32
89,512,4
89,89,-581
90,0,7
90,32,15
90,64,14
90,94,253
90,96,6
90,128,3
90,154,1
90,158,13
90,160,30
90,256,2
90,286,2
90,288,5
90,320,249
90,384,77
90,512,1
90,90,-678
92,32,2
92,64,1
92,93,89
92,96,54
92,160,4
92,320,1
92,384,1
92,92,-152
93,0,6
93,32,4
93,64,5
93,94,138
93,96,90
93,160,7
93,320,21
93,384,15
93,512,1
93,93,-287
94,0,9
94,32,14
94,64,16
94,96,146
94,128,1
94,160,21
94,192,1
94,288,4
94,320,177
94,384,45
94,94,-434
96,112,2733
96,96,-2733
112,0,21
112,64,10
112,81,1
112,96,10
112,113,1266
112,116,1084
112,128,4
112,160,7
112,177,2
112,180,1
112,192,17
112,208,1
112,209,2
112,212,22
112,224,56
112,288,3
112,304,1
112,320,1
112,352,70
112,384,1
112,416,43
112,448,71
112,544,4
112,576,4
112,640,30
112,768,1
112,112,-2733
113,0,10
113,64,4
113,96,9
113,114,531
113,117,477
113,128,3
113,160,3
113,181,5
113,192,17
113,209,1
113,210,1
113,213,12
113,224,24
113,256,2
113,306,1
113,309,1
113,320,3
113,337,1
113,341,1
113,352,52
113,416,34
113,448,23
113,544,5
113,576,5
113,640,41
113,113,-1266
114,0,6
114,64,2
114,96,7
114,118,259
114,160,5
114,192,4
114,214,5
114,224,24
114,288,1
114,352,166
114,384,1
114,416,25
114,448,11
114,640,15
114,114,-531
116,0,7
116,96,10
116,117,507
116,120,369
116,128,2
116,152,1
116,160,5
116,181,2
116,184,2
116,192,10
116,213,2
116,216,8
116,224,23
116,256,1
116,288,1
116,308,2
116,352,46
116,384,1
116,416,34
116,448,26
116,544,5
116,640,19
116,768,1
116,116,-1084
117,0,9
117,64,5
117,96,17
117,118,439
117,121,317
117,160,8
117,181,1
117,192,7
117,213,2
117,214,1
117,217,9
117,224,39
117,341,1
117,352,52
117,384,1
117,416,22
117,448,21
117,544,2
117,576,1
117,640,29
117,768,1
117,117,-984
118,0,10
118,64,2
118,96,13
118,122,321
118,128,1
118,160,10
118,192,13
118,218,9
118,224,25
118,256,1
118,314,1
118,320,1
118,352,213
118,416,31
118,448,21
118,544,4
118,576,1
118,640,22
118,118,-699
120,0,2
120,64,3
120,96,4
120,121,175
120,124,131
120,160,3
120,192,3
120,224,9
120,288,1
120,352,14
120,416,8
120,448,6
120,576,2
120,640,8
120,120,-369
121,0,4
121,96,4
121,122,222
121,125,152
121,160,8
121,186,1
121,189,1
121,192,6
121,218,1
121,221,2
121,224,9
121,288,1
121,345,1
121,352,28
121,416,17
121,448,22
121,544,1
121,576,2
121,640,10
121,121,-492
122,0,13
122,64,3
122,96,11
122,126,192
122,128,1
122,160,10
122,192,14
122,222,4
122,224,30
122,352,189
122,416,31
122,448,21
122,544,3
122,576,5
122,640,16
122,122,-543
124,96,2
124,125,79
124,224,49
124,352,1
124,124,-131
125,0,5
125,96,2
125,126,124
125,160,2
125,192,5
125,224,64
125,349,1
125,352,16
125,416,7
125,448,2
125,640,3
125,125,-231
126,0,9
126,96,7
126,128,2
126,160,8
126,192,7
126,224,127
126,288,1
126,320,1
126,350,2
126,352,96
126,416,24
126,448,11
126,544,3
126,576,2
126,640,16
126,126,-316
128,144,291
128,128,-291
144,0,4
144,17,1
144,32,14
144,64,5
144,145,131
144,148,119
144,160,2
144,256,10
144,384,13
144,144,-299
145,0,2
145,21,1
145,32,3
145,64,4
145,146,54
145,149,58
145,256,6
145,384,13
145,145,-141
146,32,5
146,64,1
146,150,35
146,256,2
146,384,15
146,146,-58
148,0,1
148,24,1
148,32,6
148,64,1
148,149,64
148,152,64
148,160,2
148,256,11
148,384,10
148,512,1
148,148,-161
149,0,1
149,32,7
149,150,66
149,153,52
149,160,2
149,256,9
149,384,3
149,149,-140
150,0,1
150,26,1
150,32,9
150,64,2
150,154,58
150,256,7
150,384,33
150,150,-111
152,0,1
152,32,4
152,153,36
152,156,27
152,256,4
152,384,5
152,152,-77
153,0,3
153,29,1
153,32,6
153,64,1
153,128,1
153,154,53
153,157,20
153,256,8
153,384,7
153,153,-100
154,0,1
154,26,1
154,32,11
154,64,2
154,128,3
154,158,41
154,160,1
154,256,14
154,288,2
154,384,55
154,512,1
154,154,-132
156,32,1
156,157,18
156,160,14
156,156,-33
157,32,2
157,158,20
157,160,15
157,256,5
157,384,3
157,157,-45
158,0,1
158,32,6
158,64,3
158,160,24
158,256,11
158,384,32
158,158,-77
160,176,936
160,160,-936
176,0,9
176,48,1
176,64,4
176,80,1
176,84,2
176,96,27
176,128,2
176,160,7
176,177,422
176,180,346
176,192,7
176,209,3
176,212,14
176,224,6
176,288,29
176,320,8
176,352,5
176,384,2
176,401,1
176,416,17
176,448,10
176,512,6
176,544,2
176,576,2
176,640,3
176,176,-936
177,0,2
177,82,1
177,85,3
177,96,15
177,128,2
177,160,3
177,178,190
177,181,139
177,192,4
177,210,1
177,213,5
177,224,3
177,288,18
177,320,6
177,352,2
177,401,1
177,416,17
177,448,7
177,512,4
177,768,1
177,177,-424
178,0,1
178,86,3
178,96,14
178,182,89
178,192,1
178,214,3
178,224,1
178,288,10
178,306,1
178,320,1
178,352,1
178,416,55
178,448,4
178,512,6
178,178,-190
180,0,2
180,84,1
180,88,1
180,96,11
180,160,2
180,181,161
180,184,118
180,192,1
180,216,3
180,224,2
180,288,18
180,320,9
180,352,2
180,416,2
180,448,2
180,512,10
180,544,1
180,640,1
180,180,-347
181,0,4
181,64,1
181,89,3
181,96,10
181,160,4
181,182,146
181,185,98
181,192,2
181,217,3
181,224,2
181,288,12
181,320,5
181,409,1
181,416,8
181,448,1
181,512,4
181,544,1
181,576,1
181,640,2
181,181,-308
182,0,2
182,64,1
182,90,1
182,96,16
182,160,4
182,186,112
182,192,2
182,218,5
182,224,3
182,288,12
182,320,5
182,352,1
182,416,63
182,448,3
182,512,4
182,544,1
182,182,-235
184,0,2
184,64,1
184,96,4
184,160,1
184,185,52
184,188,32
184,192,4
184,217,1
184,220,1
184,224,2
184,288,5
184,320,3
184,352,1
184,416,5
184,448,1
184,512,4
184,184,-119
185,0,2
185,64,1
185,96,7
185,128,1
185,160,3
185,186,75
185,189,32
185,192,4
185,221,1
185,288,8
185,320,4
185,352,2
185,384,1
185,410,1
185,413,1
185,416,2
185,448,1
185,512,4
185,185,-150
186,0,2
186,64,2
186,96,16
186,160,8
186,190,66
186,192,1
186,222,2
186,288,9
186,320,7
186,352,3
186,384,1
186,416,56
186,448,4
186,512,10
186,576,1
186,186,-188
188,64,1
188,189,16
188,224,14
188,448,1
188,188,-32
189,96,2
189,160,1
189,190,22
189,192,1
189,224,11
189,288,2
189,320,2
189,352,1
189,416,4
189,448,1
189,512,1
189,640,1
189,189,-49
190,0,2
190,64,2
190,96,8
190,160,5
190,192,1
190,224,23
190,288,10
190,320,4
190,352,1
190,416,27
190,448,1
190,512,3
190,640,1
190,190,-88
192,208,542
192,192,-542
208,0,6
208,32,5
208,64,9
208,128,3
208,148,3
208,160,8
208,192,1
208,209,244
208,212,217
208,224,1
208,320,5
208,384,12
208,416,1
208,448,27
208,512,1
208,208,-543
209,0,2
209,32,5
209,64,3
209,149,1
209,160,10
209,192,1
209,210,97
209,213,87
209,224,5
209,256,2
209,320,6
209,352,1
209,384,12
209,448,19
209,209,-251
210,0,1
210,32,3
210,64,3
210,160,2
210,192,1
210,214,48
210,224,1
210,288,1
210,320,3
210,384,3
210,448,34
210,210,-100
212,0,1
212,32,5
212,64,3
212,96,1
212,152,2
212,160,6
212,213,107
212,216,99
212,224,2
212,320,5
212,384,10
212,408,1
212,448,11
212,640,1
212,212,-254
213,0,1
213,32,5
213,64,2
213,96,1
213,153,1
213,160,12
213,192,1
213,214,96
213,217,73
213,320,4
213,384,10
213,416,2
213,448,9
213,576,1
213,213,-218
214,0,3
214,32,3
214,64,5
214,128,2
214,154,1
214,160,7
214,218,65
214,224,1
214,288,1
214,320,3
214,384,11
214,416,1
214,448,49
214,640,1
214,214,-153
216,0,1
216,32,3
216,64,1
216,160,2
216,192,1
216,217,54
216,220,38
216,320,2
216,384,2
216,416,1
216,448,5
216,216,-110
217,0,1
217,32,5
217,64,2
217,96,1
217,128,1
217,160,1
217,218,72
217,221,37
217,224,2
217,320,8
217,384,5
217,448,6
217,217,-141
218,0,1
218,32,9
218,64,2
218,96,2
218,154,1
218,160,4
218,222,68
218,320,6
218,352,1
218,384,10
218,448,50
218,218,-154
220,0,1
220,64,1
220,192,1
220,221,15
220,224,19
220,320,1
220,448,1
220,220,-39
221,0,1
221,32,3
221,64,3
221,222,24
221,224,19
221,384,2
221,448,3
221,221,-55
222,0,2
222,64,3
222,160,6
222,192,1
222,224,37
222,320,7
222,384,4
222,416,1
222,448,37
222,576,1
222,768,1
222,222,-100
224,240,772
224,224,-772
240,0,7
240,96,7
240,160,5
240,192,4
240,209,1
240,212,1
240,224,19
240,241,372
240,244,316
240,256,1
240,288,1
240,320,1
240,352,1
240,416,10
240,448,5
240,480,14
240,640,6
240,704,1
240,240,-772
241,0,5
241,64,2
241,96,3
241,128,1
241,192,6
241,210,1
241,213,3
241,224,6
241,242,167
241,245,136
241,352,9
241,384,1
241,416,6
241,448,2
241,480,13
241,544,1
241,640,7
241,672,1
241,704,2
241,241,-372
242,96,2
242,118,1
242,128,1
242,160,2
242,224,9
242,246,81
242,288,1
242,352,4
242,416,4
242,448,7
242,480,54
242,640,1
242,242,-167
244,0,2
244,64,1
244,96,1
244,128,1
244,160,2
244,192,2
244,224,10
244,245,162
244,248,104
244,352,3
244,384,1
244,416,8
244,448,4
244,480,6
244,544,1
244,576,1
244,640,4
244,672,1
244,704,2
244,244,-316
245,0,2
245,64,2
245,96,3
245,160,4
245,192,3
245,217,1
245,224,13
245,246,135
245,249,87
245,288,2
245,352,6
245,416,9
245,448,2
245,480,16
245,640,9
245,672,2
245,704,2
245,245,-298
246,0,2
246,96,2
246,128,1
246,160,5
246,192,2
246,218,2
246,224,11
246,250,93
246,352,3
246,416,8
246,448,4
246,480,79
246,608,1
246,640,3
246,246,-216
248,0,2
248,96,1
248,192,1
248,224,3
248,249,55
248,252,31
248,352,2
248,416,1
248,480,6
248,640,1
248,704,1
248,248,-104
249,0,2
249,96,7
249,192,3
249,224,9
249,250,65
249,253,37
249,352,1
249,416,5
249,448,2
249,480,7
249,608,1
249,640,3
249,249,-142
250,0,3
250,96,4
250,160,3
250,192,3
250,222,1
250,224,6
250,254,55
250,352,5
250,416,8
250,448,5
250,478,1
250,480,59
250,640,4
250,704,1
250,250,-158
252,224,11
252,253,18
252,480,2
252,252,-31
253,96,1
253,192,2
253,222,1
253,224,19
253,254,25
253,352,1
253,416,3
253,480,3
253,253,-55
254,0,4
254,96,3
254,128,1
254,160,1
254,192,2
254,224,28
254,352,2
254,416,5
254,448,5
254,480,27
254,640,1
254,704,1
254,254,-80
256,272,32118
256,256,-32118
272,256,169
272,273,16513
272,276,12449
272,288,736
272,320,206
272,384,18
272,512,2036
272,272,-32127
273,256,110
273,274,7122
273,277,6635
273,288,593
273,320,167
273,384,16
273,512,1893
273,273,-16536
274,256,43
274,278,3890
274,288,413
274,320,80
274,384,5
274,512,2697
274,274,-7128
276,256,84
276,277,6260
276,280,4288
276,288,385
276,320,128
276,384,16
276,512,1308
276,276,-12469
277,256,123
277,278,6037
277,281,4448
277,288,533
277,320,165
277,384,15
277,512,1609
277,277,-12930
278,256,94
278,282,4807
278,288,590
278,320,147
278,384,11
278,512,4292
278,278,-9941
280,256,50
280,281,2319
280,284,1285
280,288,148
280,320,54
280,384,6
280,512,441
280,280,-4303
281,256,94
281,282,3359
281,285,1964
281,288,296
281,320,107
281,384,4
281,512,961
281,281,-6785
282,256,99
282,286,3259
282,288,606
282,320,149
282,384,8
282,512,4065
282,282,-8186
284,256,10
284,285,819
284,288,419
284,320,5
284,384,1
284,512,33
284,284,-1287
285,256,56
285,286,1374
285,288,916
285,320,42
285,384,3
285,512,397
285,285,-2788
286,256,105
286,288,1812
286,320,144
286,384,13
286,512,2569
286,286,-4643
288,304,12962
288,288,-12962
304,256,75
304,305,6193
304,308,4807
304,320,30
304,336,28
304,337,61
304,340,146
304,352,302
304,384,16
304,400,3
304,401,3
304,404,3
304,416,68
304,448,75
304,512,1
304,528,18
304,529,20
304,532,29
304,544,635
304,576,175
304,640,3
304,768,272
304,304,-12963
305,256,49
305,306,2660
305,309,2241
305,320,20
305,337,14
305,338,20
305,341,76
305,352,209
305,384,9
305,401,4
305,402,1
305,405,5
305,416,50
305,448,42
305,529,13
305,530,7
305,533,10
305,544,454
305,576,102
305,640,1
305,768,206
305,305,-6193
306,256,29
306,310,1324
306,320,13
306,338,4
306,342,59
306,352,103
306,384,6
306,406,2
306,416,22
306,448,32
306,530,11
306,534,8
306,544,835
306,576,97
306,640,3
306,768,114
306,306,-2662
308,256,39
308,309,2343
308,312,1564
308,320,17
308,340,3
308,341,32
308,344,55
308,352,138
308,384,3
308,408,1
308,416,39
308,448,37
308,512,1
308,532,5
308,533,19
308,536,17
308,544,314
308,576,65
308,640,3
308,768,114
308,308,-4809
309,256,46
309,288,1
309,310,2020
309,313,1533
309,320,16
309,341,7
309,342,18
309,345,51
309,352,185
309,384,7
309,406,1
309,409,6
309,416,52
309,448,51
309,512,1
309,533,14
309,534,9
309,537,10
309,544,330
309,576,83
309,640,3
309,768,142
309,309,-4586
310,256,23
310,288,2
310,314,1455
310,320,16
310,342,5
310,346,77
310,352,196
310,384,5
310,406,2
310,410,3
310,416,49
310,448,49
310,512,1
310,534,6
310,538,10
310,544,1218
310,576,84
310,640,2
310,768,141
310,310,-3344
312,256,15
312,313,789
312,316,471
312,320,7
312,345,7
312,348,14
312,352,45
312,384,2
312,409,1
312,416,11
312,448,13
312,536,1
312,537,1
312,540,3
312,544,116
312,576,29
312,768,39
312,312,-1564
313,256,27
313,314,1086
313,317,715
313,320,14
313,345,4
313,346,14
313,349,24
313,352,89
313,384,2
313,409,1
313,410,1
313,413,1
313,416,21
313,448,21
313,537,8
313,538,5
313,541,3
313,544,190
313,576,30
313,768,66
313,313,-2322
314,256,39
314,318,948
314,320,18
314,346,8
314,350,43
314,352,138
314,384,7
314,410,1
314,416,51
314,448,34
314,512,1
314,538,5
314,542,6
314,544,1016
314,576,81
314,640,4
314,768,142
314,314,-2542
316,256,2
316,317,295
316,320,1
316,349,1
316,352,153
316,448,1
316,541,1
316,544,10
316,576,3
316,768,4
316,316,-471
317,256,27
317,318,470
317,320,4
317,349,2
317,350,2
317,352,329
317,384,3
317,416,16
317,448,17
317,544,95
317,576,13
317,768,32
317,317,-1010
318,256,39
318,320,18
318,350,2
318,352,503
318,384,7
318,416,51
318,448,31
318,542,6
318,544,530
318,576,112
318,640,5
318,768,114
318,318,-1418
320,336,4469
320,320,-4469
336,256,18
336,273,1
336,276,2
336,288,43
336,320,39
336,337,2116
336,340,1801
336,352,27
336,384,3
336,400,4
336,401,17
336,404,42
336,416,52
336,448,3
336,512,3
336,528,3
336,529,3
336,532,2
336,544,4
336,576,189
336,640,121
336,768,5
336,336,-4498
337,256,20
337,277,1
337,288,34
337,320,26
337,338,910
337,341,836
337,352,6
337,384,4
337,401,4
337,402,2
337,405,25
337,416,40
337,448,1
337,529,3
337,530,1
337,533,1
337,544,7
337,576,160
337,640,111
337,768,4
337,337,-2196
338,256,5
338,278,1
338,288,23
338,320,13
338,342,474
338,352,6
338,384,2
338,402,4
338,406,18
338,416,19
338,512,2
338,530,1
338,534,1
338,544,3
338,576,297
338,640,64
338,768,3
338,338,-936
340,256,13
340,280,1
340,288,30
340,320,22
340,341,876
340,344,751
340,352,6
340,384,1
340,404,1
340,405,6
340,408,25
340,416,20
340,448,3
340,533,3
340,544,2
340,576,109
340,640,87
340,768,4
340,340,-1960
341,256,16
341,278,1
341,281,1
341,288,23
341,320,24
341,342,806
341,345,626
341,352,9
341,384,4
341,406,7
341,409,16
341,416,36
341,448,3
341,512,3
341,533,3
341,534,1
341,537,2
341,544,4
341,576,161
341,640,86
341,768,2
341,341,-1834
342,256,15
342,288,27
342,320,34
342,346,625
342,352,8
342,384,1
342,406,3
342,410,22
342,416,44
342,448,2
342,512,2
342,538,1
342,544,4
342,576,468
342,640,104
342,768,5
342,342,-1365
344,256,6
344,281,1
344,284,1
344,288,6
344,320,9
344,345,350
344,348,314
344,352,3
344,384,2
344,409,5
344,412,13
344,416,8
344,537,2
344,544,1
344,576,52
344,640,32
344,768,1
344,344,-806
345,256,14
345,288,25
345,320,16
345,346,504
345,349,307
345,352,2
345,384,1
345,409,2
345,410,3
345,413,4
345,416,22
345,448,1
345,512,1
345,537,1
345,538,2
345,544,3
345,576,80
345,640,53
345,768,1
345,345,-1042
346,256,22
346,288,44
346,320,28
346,350,508
346,352,7
346,384,4
346,410,1
346,414,17
346,416,38
346,448,2
346,512,2
346,538,2
346,544,8
346,576,438
346,640,111
346,768,3
346,346,-1235
348,256,1
348,288,3
348,320,2
348,349,153
348,352,155
348,416,2
348,541,1
348,576,8
348,640,5
348,348,-330
349,256,4
349,288,12
349,320,6
349,350,233
349,352,145
349,416,7
349,448,1
349,512,2
349,541,1
349,544,1
349,576,51
349,640,27
349,349,-490
350,256,15
350,288,24
350,320,19
350,352,288
350,384,3
350,414,3
350,416,26
350,448,1
350,512,1
350,544,1
350,576,336
350,640,72
350,768,5
350,350,-794
352,368,4536
352,560,1
352,352,-4537
368,256,17
368,320,9
368,352,31
368,369,2076
368,372,1833
368,384,2
368,400,1
368,416,18
368,433,3
368,436,4
368,448,27
368,464,1
368,465,9
368,468,41
368,480,54
368,544,1
368,561,2
368,564,1
368,576,2
368,592,3
368,593,1
368,596,3
368,608,157
368,640,1
368,672,77
368,704,64
368,800,9
368,832,88
368,896,1
368,368,-4536
369,256,17
369,320,7
369,352,20
369,370,900
369,373,738
369,384,3
369,405,1
369,416,20
369,433,1
369,434,3
369,437,4
369,448,22
369,465,2
369,466,8
369,469,18
369,480,45
369,544,1
369,562,1
369,565,1
369,576,3
369,593,1
369,597,2
369,608,109
369,640,4
369,661,1
369,672,54
369,704,36
369,800,3
369,832,51
369,369,-2076
370,256,9
370,320,3
370,352,11
370,374,452
370,384,1
370,416,9
370,438,6
370,448,10
370,470,12
370,480,21
370,512,1
370,530,1
370,594,1
370,608,261
370,640,1
370,672,39
370,704,24
370,800,5
370,832,33
370,370,-900
372,256,11
372,320,2
372,352,21
372,373,911
372,376,643
372,384,1
372,404,1
372,416,6
372,437,2
372,440,1
372,448,18
372,468,1
372,469,2
372,472,15
372,480,30
372,544,1
372,568,1
372,597,1
372,608,65
372,661,1
372,672,38
372,704,23
372,800,2
372,832,36
372,372,-1833
373,256,12
373,320,3
373,352,14
373,374,749
373,377,568
373,384,6
373,405,1
373,416,21
373,437,1
373,441,2
373,448,15
373,470,3
373,473,15
373,480,35
373,544,3
373,597,1
373,608,95
373,665,1
373,672,38
373,704,20
373,800,8
373,832,38
373,373,-1649
374,256,9
374,320,5
374,352,29
374,378,545
374,384,3
374,416,10
374,442,1
374,448,10
374,470,1
374,474,18
374,480,44
374,544,1
374,566,2
374,576,2
374,598,1
374,608,384
374,672,56
374,704,28
374,800,7
374,832,45
374,374,-1201
376,256,8
376,320,3
376,352,2
376,377,320
376,380,219
376,416,4
376,448,7
376,476,5
376,480,13
376,544,1
376,572,1
376,576,1
376,600,2
376,608,29
376,640,1
376,672,10
376,704,5
376,800,3
376,832,9
376,376,-643
377,256,14
377,320,2
377,345,1
377,352,13
377,378,425
377,381,268
377,416,4
377,442,1
377,445,1
377,448,5
377,473,1
377,474,1
377,477,4
377,480,14
377,512,1
377,544,2
377,576,2
377,601,1
377,605,2
377,608,52
377,672,31
377,704,11
377,800,1
377,832,31
377,377,-888
378,256,15
378,320,6
378,352,23
378,382,357
378,384,4
378,416,16
378,446,1
378,448,18
378,478,15
378,480,35
378,544,2
378,570,1
378,576,3
378,602,2
378,608,346
378,672,40
378,704,30
378,800,9
378,832,47
378,378,-970
380,256,2
380,352,1
380,381,136
380,416,1
380,480,71
380,608,4
380,672,1
380,704,1
380,832,2
380,380,-219
381,256,9
381,320,2
381,352,4
381,382,197
381,384,1
381,416,4
381,448,1
381,480,137
381,608,19
381,640,2
381,672,10
381,704,3
381,800,4
381,832,11
381,381,-404
382,256,8
382,320,6
382,352,13
382,384,2
382,416,9
382,448,12
382,480,206
382,544,2
382,574,1
382,576,1
382,608,204
382,640,2
382,672,38
382,704,23
382,800,7
382,832,20
382,382,-554
384,400,1303
384,384,-1303
400,256,2
400,276,1
400,288,53
400,320,20
400,401,564
400,404,550
400,416,7
400,512,58
400,528,1
400,544,7
400,576,2
400,640,43
400,768,4
400,400,-1312
401,256,6
401,273,1
401,277,1
401,288,24
401,320,10
401,384,1
401,402,264
401,405,218
401,512,31
401,544,6
401,640,32
401,401,-594
402,256,5
402,278,3
402,288,11
402,320,5
402,384,2
402,406,136
402,416,2
402,512,19
402,544,3
402,576,2
402,640,82
402,768,2
402,402,-272
404,256,6
404,280,4
404,288,18
404,320,7
404,384,2
404,405,280
404,408,224
404,416,1
404,512,35
404,544,4
404,640,18
404,404,-599
405,256,4
405,277,1
405,281,2
405,288,32
405,320,10
405,384,1
405,406,247
405,409,172
405,416,2
405,512,35
405,544,4
405,576,1
405,640,28
405,405,-539
406,256,4
406,282,2
406,288,27
406,320,3
406,410,211
406,416,5
406,512,34
406,534,1
406,544,6
406,640,125
406,768,2
406,406,-420
408,256,4
408,288,7
408,320,1
408,409,102
408,412,115
408,416,1
408,512,17
408,544,2
408,640,5
408,408,-254
409,256,2
409,281,1
409,282,1
409,285,1
409,288,21
409,320,6
409,410,149
409,413,94
409,416,1
409,512,14
409,544,5
409,576,1
409,640,11
409,768,1
409,409,-308
410,256,7
410,286,1
410,288,43
410,320,9
410,384,2
410,414,164
410,416,2
410,512,34
410,542,1
410,544,4
410,640,129
410,768,2
410,410,-398
412,256,1
412,288,6
412,413,36
412,416,82
412,512,2
412,544,1
412,640,2
412,412,-130
413,256,3
413,288,7
413,320,2
413,414,60
413,416,48
413,512,12
413,640,5
413,413,-137
414,256,3
414,286,1
414,288,14
414,320,8
414,416,86
414,512,28
414,544,5
414,576,1
414,640,99
414,768,1
414,414,-246
416,432,1937
416,416,-1937
432,256,12
432,320,3
432,336,1
432,337,1
432,340,9
432,352,51
432,400,1
432,416,7
432,433,855
432,436,721
432,448,16
432,465,10
432,468,22
432,480,13
432,512,1
432,544,65
432,576,33
432,608,6
432,640,1
432,656,2
432,672,48
432,704,6
432,800,5
432,896,48
432,432,-1937
433,256,10
433,320,2
433,337,3
433,338,1
433,341,5
433,352,41
433,405,1
433,416,3
433,434,345
433,437,306
433,448,6
433,466,6
433,469,10
433,480,7
433,544,43
433,561,1
433,576,15
433,608,3
433,657,2
433,658,2
433,661,1
433,672,19
433,704,5
433,800,1
433,832,2
433,896,19
433,433,-859
434,256,4
434,320,1
434,338,1
434,342,2
434,352,26
434,384,2
434,406,1
434,416,2
434,438,160
434,448,5
434,470,9
434,480,2
434,544,19
434,576,4
434,608,3
434,662,3
434,672,82
434,704,6
434,800,2
434,896,14
434,434,-348
436,256,11
436,320,2
436,340,1
436,352,25
436,384,1
436,416,9
436,437,328
436,440,236
436,448,3
436,469,3
436,472,12
436,480,1
436,544,31
436,564,1
436,576,10
436,608,5
436,661,1
436,664,2
436,672,17
436,704,4
436,800,1
436,832,1
436,896,20
436,436,-725
437,256,4
437,309,1
437,320,3
437,345,2
437,352,24
437,384,1
437,405,1
437,416,9
437,438,278
437,441,212
437,448,5
437,470,1
437,473,4
437,480,2
437,544,37
437,566,1
437,576,10
437,601,1
437,608,1
437,661,1
437,665,1
437,672,12
437,704,6
437,800,1
437,896,23
437,437,-641
438,256,6
438,342,1
438,346,7
438,352,24
438,416,5
438,442,170
438,448,8
438,474,4
438,480,4
438,544,28
438,566,1
438,576,11
438,608,1
438,666,1
438,672,138
438,704,1
438,800,1
438,896,32
438,438,-443
440,256,1
440,320,2
440,348,2
440,352,9
440,384,1
440,441,95
440,444,85
440,448,1
440,473,3
440,476,2
440,480,2
440,544,8
440,576,6
440,664,1
440,672,8
440,896,11
440,440,-237
441,256,2
441,320,3
441,349,2
441,352,16
441,384,1
441,416,4
441,442,142
441,445,76
441,448,5
441,474,3
441,480,5
441,544,15
441,576,7
441,608,1
441,669,1
441,672,10
441,704,2
441,800,2
441,896,12
441,441,-309
442,256,3
442,320,5
442,350,4
442,352,14
442,416,8
442,446,126
442,448,5
442,478,9
442,544,23
442,576,4
442,608,2
442,672,88
442,704,3
442,768,3
442,896,17
442,442,-314
444,256,1
444,352,2
444,416,1
444,445,46
444,480,35
444,444,-85
445,256,6
445,352,8
445,416,2
445,446,48
445,448,1
445,478,1
445,480,36
445,544,10
445,576,3
445,672,3
445,896,5
445,445,-123
446,256,1
446,320,1
446,352,13
446,384,3
446,416,4
446,448,2
446,480,49
446,544,20
446,576,8
446,640,2
446,672,54
446,704,12
446,768,1
446,800,1
446,896,4
446,446,-175
448,464,1269
448,448,-1269
464,256,7
464,276,1
464,288,15
464,320,23
464,384,1
464,404,2
464,416,22
464,448,1
464,465,544
464,468,547
464,480,4
464,576,19
464,608,5
464,640,32
464,672,8
464,704,37
464,800,1
464,896,2
464,464,-1271
465,256,2
465,288,6
465,320,7
465,402,1
465,405,1
465,416,11
465,466,249
465,469,220
465,480,5
465,512,1
465,576,7
465,597,1
465,608,1
465,640,25
465,672,5
465,704,19
465,768,2
465,832,2
465,465,-565
466,256,3
466,288,6
466,320,3
466,406,3
466,416,4
466,470,140
466,480,2
466,544,1
466,576,9
466,608,1
466,640,16
466,672,2
466,704,72
466,800,1
466,466,-263
468,256,4
468,288,5
468,320,4
468,352,1
468,408,3
468,416,15
468,469,261
468,472,264
468,480,6
468,512,1
468,576,13
468,596,1
468,640,20
468,672,4
468,704,19
468,768,2
468,468,-623
469,256,5
469,288,11
469,320,4
469,352,2
469,384,2
469,409,2
469,416,12
469,448,2
469,470,237
469,473,165
469,480,5
469,512,1
469,576,20
469,640,21
469,672,5
469,704,20
469,768,1
469,832,2
469,469,-517
470,256,7
470,288,11
470,320,8
470,352,2
470,410,7
470,416,14
470,474,184
470,480,3
470,512,1
470,544,1
470,576,18
470,608,1
470,640,31
470,672,5
470,704,112
470,470,-405
472,256,1
472,288,5
472,320,2
472,352,2
472,412,2
472,416,4
472,473,108
472,476,146
472,512,1
472,576,6
472,608,1
472,640,7
472,672,1
472,704,9
472,768,1
472,472,-296
473,256,4
473,288,4
473,320,5
473,384,1
473,413,1
473,416,11
473,474,154
473,477,82
473,480,2
473,576,3
473,608,2
473,640,20
473,672,2
473,704,10
473,473,-301
474,288,12
474,320,7
474,352,2
474,414,2
474,416,24
474,478,147
474,480,4
474,576,12
474,608,2
474,640,22
474,672,5
474,704,125
474,832,2
474,474,-366
476,477,42
476,480,108
476,576,1
476,640,1
476,704,2
476,476,-154
477,288,1
477,320,6
477,384,1
477,416,4
477,448,1
477,478,51
477,480,40
477,576,8
477,608,1
477,640,7
477,704,8
477,477,-128
478,256,3
478,288,4
478,320,6
478,352,1
478,416,12
478,448,1
478,480,81
478,544,1
478,576,13
478,608,4
478,640,11
478,672,5
478,704,81
478,768,1
478,832,2
478,478,-226
480,496,1694
480,480,-1694
496,256,8
496,320,9
496,352,11
496,384,1
496,416,10
496,448,14
496,464,1
496,468,12
496,480,45
496,497,834
496,500,612
496,544,1
496,576,1
496,608,36
496,640,1
496,672,17
496,704,11
496,736,38
496,800,1
496,864,4
496,896,1
496,928,5
496,960,21
496,496,-1694
497,256,3
497,320,3
497,352,6
497,384,2
497,416,7
497,448,12
497,469,3
497,480,24
497,498,370
497,501,307
497,512,1
497,608,13
497,672,22
497,704,6
497,736,28
497,864,2
497,928,5
497,960,20
497,497,-834
498,256,1
498,352,3
498,416,3
498,448,9
498,470,3
498,480,18
498,502,184
498,576,1
498,608,6
498,640,1
498,672,10
498,704,6
498,736,116
498,800,1
498,864,2
498,960,6
498,498,-370
500,256,8
500,320,2
500,352,8
500,384,2
500,416,1
500,448,5
500,472,5
500,480,9
500,501,301
500,504,209
500,576,1
500,608,9
500,672,9
500,704,9
500,736,19
500,800,1
500,864,4
500,960,10
500,500,-612
501,256,7
501,320,3
501,352,7
501,416,5
501,448,7
501,473,5
501,480,21
501,502,288
501,505,202
501,576,1
501,608,7
501,672,13
501,697,1
501,704,4
501,736,21
501,864,4
501,928,2
501,960,10
501,501,-608
502,256,7
502,320,1
502,352,4
502,384,3
502,416,4
502,448,9
502,474,2
502,480,14
502,506,214
502,608,11
502,640,1
502,672,28
502,698,1
502,704,5
502,736,142
502,864,7
502,928,1
502,960,18
502,502,-472
504,256,1
504,320,3
504,352,1
504,416,3
504,448,6
504,476,1
504,480,6
504,505,104
504,508,71
504,608,1
504,672,3
504,704,1
504,736,5
504,928,1
504,960,2
504,504,-209
505,256,2
505,320,1
505,352,5
505,416,6
505,448,5
505,480,7
505,506,140
505,509,97
505,608,4
505,672,8
505,704,4
505,736,17
505,800,2
505,960,8
505,505,-306
506,256,3
506,320,2
506,352,7
506,384,1
506,416,3
506,448,10
506,478,2
506,480,20
506,510,145
506,608,11
506,640,1
506,672,16
506,704,3
506,736,114
506,800,1
506,864,2
506,928,2
506,960,11
506,506,-354
508,448,1
508,480,31
508,509,34
508,576,1
508,608,1
508,672,1
508,704,1
508,736,1
508,508,-71
509,256,2
509,320,2
509,352,2
509,416,1
509,448,2
509,480,39
509,510,65
509,608,3
509,672,5
509,704,3
509,736,4
509,960,3
509,509,-131
510,256,6
510,352,7
510,384,1
510,416,5
510,448,6
510,480,70
510,544,1
510,608,11
510,672,13
510,704,4
510,736,72
510,800,2
510,864,2
510,928,2
510,960,8
510,510,-210
512,528,25643
512,512,-25643
528,512,140
528,529,13206
528,532,9917
528,544,578
528,576,169
528,640,13
528,768,1645
528,528,-25668
529,512,91
529,530,5617
529,533,5530
529,544,434
529,576,121
529,640,6
529,768,1447
529,529,-13246
530,512,35
530,534,3140
530,544,243
530,576,64
530,640,5
530,768,2151
530,530,-5638
532,512,82
532,533,5066
532,536,3386
532,544,324
532,576,110
532,640,6
532,768,989
532,532,-9963
533,512,100
533,534,4819
533,537,3816
533,544,433
533,576,132
533,640,11
533,768,1342
533,533,-10653
534,512,69
534,538,4001
534,544,457
534,576,107
534,640,6
534,768,3349
534,534,-7989
536,512,34
536,537,1815
536,540,1081
536,544,111
536,576,36
536,640,4
536,768,330
536,536,-3411
537,512,62
537,538,2859
537,541,1607
537,544,245
537,576,85
537,640,9
537,768,795
537,537,-5662
538,512,89
538,542,2803
538,544,465
538,576,127
538,640,13
538,768,3393
538,538,-6890
540,512,4
540,541,691
540,544,349
540,576,4
540,768,36
540,540,-1084
541,512,32
541,542,1166
541,544,726
541,576,43
541,640,1
541,768,337
541,541,-2305
542,512,103
542,544,1684
542,576,112
542,640,10
542,768,2076
542,542,-3985
544,560,13233
544,544,-13233
560,512,64
560,532,1
560,544,1
560,561,6270
560,564,5062
560,576,44
560,592,20
560,593,104
560,596,203
560,608,255
560,640,14
560,656,6
560,657,2
560,660,9
560,672,100
560,704,45
560,768,2
560,800,962
560,832,8
560,896,1
560,560,-13173
561,512,35
561,544,1
561,562,2633
561,565,2344
561,576,23
561,593,5
561,594,46
561,597,96
561,608,180
561,640,6
561,657,1
561,658,2
561,661,2
561,672,72
561,704,28
561,768,1
561,800,750
561,832,3
561,896,3
561,561,-6231
562,512,24
562,566,1273
562,576,15
562,594,7
562,598,106
562,608,93
562,640,4
562,662,2
562,672,34
562,704,16
562,768,2
562,800,1038
562,562,-2614
564,512,49
564,544,3
564,565,2435
564,568,1681
564,576,27
564,596,7
564,597,33
564,600,71
564,608,116
564,640,9
564,660,1
564,664,1
564,672,48
564,704,20
564,800,539
564,832,3
564,896,1
564,564,-5044
565,512,42
565,566,2175
565,569,1571
565,576,24
565,597,3
565,598,34
565,601,65
565,608,137
565,640,8
565,661,1
565,662,1
565,665,4
565,672,53
565,704,47
565,800,585
565,832,4
565,896,1
565,565,-4755
566,512,30
566,544,1
566,570,1524
566,576,27
566,598,8
566,602,134
566,608,144
566,640,6
566,666,5
566,672,46
566,704,25
566,768,1
566,800,1464
566,832,2
566,566,-3417
568,512,23
568,569,823
568,572,539
568,576,12
568,600,4
568,601,5
568,604,16
568,608,48
568,640,1
568,672,15
568,704,6
568,800,186
568,832,1
568,568,-1679
569,512,27
569,570,1132
569,573,667
569,576,17
569,601,1
569,602,12
569,605,25
569,608,94
569,640,7
569,666,1
569,669,2
569,672,26
569,704,16
569,800,349
569,832,2
569,569,-2378
570,512,40
570,544,2
570,574,998
570,576,19
570,602,6
570,606,62
570,608,132
570,640,5
570,670,1
570,672,46
570,704,28
570,768,2
570,800,1297
570,832,1
570,570,-2639
572,512,3
572,573,327
572,576,2
572,605,4
572,608,189
572,672,1
572,704,1
572,800,13
572,572,-540
573,512,18
573,574,477
573,576,6
573,606,4
573,608,318
573,640,2
573,672,7
573,704,8
573,800,152
573,573,-992
574,512,34
574,544,1
574,576,28
574,606,3
574,608,506
574,640,8
574,672,69
574,704,7
574,768,1
574,800,817
574,832,1
574,896,1
574,574,-1476
576,592,5644
576,576,-5644
592,512,26
592,528,1
592,544,82
592,576,51
592,593,2622
592,596,2347
592,608,15
592,640,6
592,656,4
592,657,20
592,660,61
592,672,33
592,704,1
592,768,1
592,800,7
592,832,389
592,592,-5666
593,512,24
593,544,68
593,576,54
593,594,1198
593,597,984
593,608,12
593,640,4
593,657,5
593,658,3
593,661,24
593,672,22
593,768,3
593,800,3
593,832,330
593,593,-2734
594,512,9
594,544,29
594,576,15
594,598,672
594,608,9
594,640,3
594,658,1
594,662,26
594,672,9
594,832,482
594,594,-1255
596,512,17
596,533,2
596,544,57
596,576,24
596,597,1173
596,600,1008
596,608,3
596,640,3
596,660,2
596,661,2
596,664,25
596,672,13
596,768,1
596,800,5
596,832,232
596,596,-2567
597,512,20
597,544,48
597,576,37
597,598,1019
597,601,817
597,608,7
597,640,2
597,661,4
597,662,3
597,665,16
597,672,26
597,800,4
597,832,290
597,597,-2293
598,512,9
598,544,58
598,576,34
598,602,831
598,608,13
598,640,6
598,662,4
598,666,40
598,672,28
598,704,1
598,768,1
598,800,4
598,832,819
598,598,-1848
600,512,11
600,544,16
600,576,8
600,601,428
600,604,530
600,608,1
600,664,1
600,665,1
600,668,5
600,672,3
600,768,1
600,800,1
600,832,83
600,600,-1089
601,512,11
601,544,34
601,576,18
601,602,648
601,605,399
601,608,4
601,640,5
601,665,1
601,666,1
601,669,12
601,672,13
601,704,1
601,768,2
601,800,2
601,832,169
601,601,-1320
602,512,20
602,544,66
602,576,46
602,606,658
602,608,12
602,640,6
602,666,1
602,670,31
602,672,15
602,768,3
602,800,7
602,832,772
602,602,-1637
604,512,2
604,544,3
604,576,3
604,605,193
604,608,338
604,672,4
604,832,5
604,604,-548
605,512,7
605,544,9
605,576,12
605,606,302
605,608,216
605,669,2
605,670,1
605,672,6
605,832,69
605,605,-624
606,512,18
606,544,46
606,576,34
606,608,358
606,640,5
606,670,2
606,672,33
606,768,3
606,832,529
606,606,-1028
608,624,5595
608,608,-5595
624,512,18
624,576,21
624,608,42
624,625,2697
624,628,2234
624,640,6
624,672,51
624,689,3
624,692,7
624,704,25
624,720,4
624,721,2
624,724,44
624,736,41
624,768,1
624,800,12
624,832,1
624,864,381
624,896,1
624,624,-5591
625,512,18
625,576,18
625,608,24
625,626,1201
625,629,1021
625,640,1
625,672,31
625,690,1
625,693,2
625,704,11
625,721,3
625,722,3
625,725,19
625,736,28
625,768,1
625,800,7
625,864,304
625,928,1
625,625,-2694
626,512,12
626,576,8
626,608,17
626,630,611
626,640,1
626,662,1
626,672,13
626,704,9
626,726,20
626,736,19
626,800,10
626,832,1
626,864,477
626,626,-1199
628,512,16
628,544,1
628,576,15
628,608,22
628,629,1072
628,632,788
628,640,5
628,660,1
628,661,1
628,664,1
628,672,21
628,693,1
628,696,2
628,704,9
628,724,2
628,725,1
628,728,10
628,736,12
628,768,1
628,800,9
628,832,2
628,864,235
628,628,-2227
629,512,12
629,576,13
629,608,29
629,630,965
629,633,707
629,640,1
629,672,34
629,693,1
629,694,2
629,697,1
629,704,15
629,725,3
629,726,1
629,729,19
629,736,24
629,800,6
629,864,255
629,629,-2088
630,512,10
630,576,10
630,602,1
630,608,23
630,634,722
630,640,5
630,662,1
630,672,29
630,698,2
630,704,12
630,726,3
630,730,17
630,736,33
630,768,1
630,800,9
630,864,696
630,630,-1574
632,512,5
632,576,6
632,608,8
632,633,412
632,636,249
632,640,1
632,672,11
632,700,1
632,704,5
632,729,2
632,732,1
632,736,7
632,800,3
632,832,1
632,864,76
632,632,-788
633,512,10
633,576,15
633,608,17
633,634,530
633,637,338
633,640,5
633,665,1
633,672,13
633,698,1
633,701,1
633,704,7
633,729,1
633,730,1
633,733,5
633,736,18
633,768,1
633,800,5
633,832,1
633,864,147
633,633,-1117
634,512,20
634,576,9
634,608,36
634,638,473
634,640,3
634,672,20
634,702,2
634,704,15
634,734,19
634,736,32
634,768,1
634,800,10
634,864,610
634,634,-1250
636,512,1
636,576,1
636,608,1
636,637,142
636,672,2
636,701,1
636,736,87
636,800,1
636,864,13
636,636,-249
637,512,9
637,576,5
637,608,5
637,638,233
637,640,2
637,672,6
637,704,3
637,733,1
637,736,154
637,864,62
637,637,-480
638,512,12
638,544,1
638,576,15
638,608,5
638,640,3
638,672,31
638,704,6
638,736,271
638,864,360
638,928,1
638,638,-705
640,656,2230
640,640,-2230
656,512,15
656,528,2
656,532,9
656,544,53
656,576,18
656,640,1
656,657,1023
656,660,955
656,672,8
656,896,158
656,656,-2242
657,512,13
657,529,1
657,533,4
657,544,25
657,576,19
657,658,449
657,661,414
657,672,3
657,896,126
657,657,-1054
658,512,6
658,534,4
658,544,29
658,576,6
658,640,1
658,662,242
658,672,3
658,896,166
658,658,-457
660,512,6
660,536,7
660,544,25
660,576,7
660,640,3
660,661,448
660,664,444
660,672,1
660,896,94
660,660,-1035
661,512,8
661,537,6
661,544,39
661,576,13
661,640,1
661,662,395
661,665,318
661,672,1
661,768,1
661,800,1
661,896,120
661,661,-903
662,512,5
662,538,5
662,544,35
662,576,11
662,666,324
662,672,9
662,768,1
662,896,294
662,662,-684
664,512,4
664,544,7
664,576,9
664,665,205
664,668,201
664,672,1
664,896,51
664,664,-478
665,512,8
665,537,1
665,541,1
665,544,30
665,576,10
665,640,1
665,666,250
665,669,171
665,896,81
665,665,-553
666,512,9
666,542,3
666,544,38
666,576,15
666,670,231
666,672,6
666,768,1
666,896,322
666,666,-625
668,544,2
668,669,70
668,672,128
668,896,7
668,668,-207
669,512,1
669,544,4
669,576,6
669,670,129
669,672,93
669,896,26
669,669,-259
670,512,10
670,544,41
670,576,10
670,640,1
670,672,119
670,896,216
670,670,-397
672,688,2699
672,672,-2699
688,512,15
688,576,12
688,592,2
688,596,8
688,608,36
688,640,3
688,657,1
688,672,13
688,689,1246
688,692,1057
688,704,13
688,720,1
688,721,27
688,724,39
688,736,8
688,800,1
688,864,1
688,928,213
688,688,-2696
689,512,6
689,544,1
689,576,4
689,593,3
689,597,6
689,608,29
689,640,4
689,672,15
689,690,539
689,693,415
689,704,8
689,722,18
689,725,35
689,736,3
689,800,2
689,928,154
689,689,-1242
690,576,6
690,594,4
690,598,6
690,608,15
690,640,1
690,662,2
690,672,7
690,694,232
690,704,6
690,722,1
690,726,45
690,736,6
690,768,1
690,928,204
690,690,-536
692,512,7
692,576,1
692,600,3
692,608,24
692,640,1
692,672,10
692,693,499
692,696,375
692,704,5
692,725,9
692,728,15
692,736,4
692,928,108
692,692,-1061
693,512,11
693,576,5
693,598,2
693,601,3
693,608,36
693,640,2
693,672,7
693,694,408
693,697,287
693,704,7
693,726,11
693,729,23
693,736,4
693,832,1
693,928,109
693,693,-916
694,512,7
694,566,1
694,576,2
694,598,2
694,602,5
694,608,19
694,640,3
694,666,1
694,672,9
694,698,255
694,704,5
694,730,29
694,736,4
694,800,2
694,832,2
694,928,292
694,694,-638
696,512,4
696,600,1
696,604,2
696,608,5
696,665,1
696,672,6
696,697,174
696,700,146
696,704,1
696,729,2
696,736,1
696,928,34
696,696,-377
697,512,7
697,544,1
697,576,4
697,605,1
697,608,12
697,640,2
697,672,4
697,698,205
697,701,139
697,704,4
697,733,9
697,928,73
697,697,-461
698,512,11
698,576,2
698,606,2
698,608,21
698,640,1
698,672,10
698,702,168
698,704,6
698,734,14
698,736,3
698,896,1
698,928,223
698,698,-462
700,608,1
700,701,76
700,736,64
700,928,6
700,700,-147
701,512,6
701,576,6
701,608,4
701,640,1
701,672,2
701,702,97
701,734,1
701,736,64
701,928,36
701,701,-217
702,512,5
702,576,3
702,608,9
702,672,14
702,704,1
702,736,80
702,864,1
702,896,1
702,928,153
702,702,-267
704,720,1363
704,704,-1363
720,512,8
720,544,24
720,576,16
720,640,1
720,660,6
720,672,9
720,721,598
720,724,616
720,736,5
720,768,1
720,800,1
720,960,83
720,720,-1368
721,512,3
721,533,1
721,544,12
721,576,9
721,658,1
721,661,2
721,672,4
721,704,1
721,722,287
721,725,234
721,736,3
721,768,2
721,960,71
721,721,-630
722,512,2
722,544,10
722,576,4
722,662,3
722,726,159
722,736,2
722,768,1
722,800,1
722,960,126
722,722,-308
724,512,3
724,544,15
724,576,3
724,664,3
724,672,6
724,725,300
724,728,332
724,736,5
724,768,1
724,800,1
724,896,1
724,960,47
724,724,-717
725,512,4
725,544,25
725,576,6
725,662,2
725,665,4
725,672,12
725,726,270
725,729,203
725,736,2
725,768,2
725,800,1
725,960,78
725,725,-609
726,512,2
726,544,16
726,576,9
726,640,1
726,662,1
726,666,2
726,672,6
726,730,242
726,736,2
726,960,228
726,726,-509
728,512,3
728,544,5
728,664,1
728,668,1
728,672,6
728,729,134
728,732,184
728,960,25
728,728,-359
729,512,6
729,544,12
729,576,4
729,669,1
729,672,2
729,730,181
729,733,129
729,960,55
729,729,-390
730,512,7
730,544,18
730,576,14
730,670,1
730,672,8
730,734,205
730,736,3
730,768,1
730,960,219
730,730,-476
732,544,1
732,576,1
732,672,1
732,733,48
732,736,133
732,960,2
732,732,-186
733,512,2
733,544,4
733,576,3
733,672,1
733,734,93
733,736,75
733,768,1
733,800,1
733,960,12
733,733,-192
734,512,2
734,544,14
734,576,11
734,608,1
734,670,1
734,672,7
734,736,103
734,800,2
734,960,197
734,734,-338
736,752,2153
736,736,-2153
752,512,19
752,576,10
752,608,13
752,640,1
752,672,19
752,704,10
752,720,1
752,721,1
752,724,15
752,736,29
752,753,1055
752,756,821
752,800,1
752,864,1
752,928,2
752,992,154
752,752,-2152
753,512,9
753,576,7
753,608,14
753,672,17
753,693,1
753,704,7
753,725,8
753,736,18
753,754,452
753,757,411
753,800,2
753,864,2
753,928,5
753,992,101
753,753,-1054
754,512,2
754,544,1
754,576,3
754,608,6
754,640,2
754,672,7
754,704,3
754,722,1
754,736,4
754,758,222
754,864,1
754,928,1
754,992,198
754,754,-451
756,512,5
756,576,3
756,608,8
756,640,1
756,672,4
756,704,1
756,724,1
756,728,2
756,736,7
756,757,432
756,760,293
756,928,1
756,992,63
756,756,-821
757,512,11
757,576,8
757,608,11
757,672,10
757,704,6
757,725,1
757,729,6
757,736,12
757,758,409
757,761,276
757,800,1
757,864,2
757,896,1
757,928,4
757,992,85
757,757,-843
758,512,6
758,576,6
758,608,8
758,672,10
758,704,5
758,730,6
758,736,18
758,762,312
758,800,1
758,864,1
758,896,1
758,928,2
758,992,254
758,758,-630
760,512,3
760,576,2
760,608,2
760,640,1
760,672,2
760,704,3
760,732,1
760,736,1
760,761,149
760,764,113
760,992,16
760,760,-293
761,512,6
761,544,1
761,576,2
761,608,4
761,640,1
761,672,2
761,704,4
761,736,6
761,762,215
761,765,124
761,928,2
761,992,58
761,761,-425
762,512,9
762,544,1
762,576,3
762,608,15
762,640,3
762,672,7
762,704,5
762,734,6
762,736,6
762,766,197
762,864,3
762,928,2
762,992,270
762,762,-527
764,512,1
764,608,1
764,736,42
764,765,66
764,992,3
764,764,-113
765,512,6
765,608,5
765,640,1
765,672,1
765,704,1
765,736,48
765,766,99
765,992,29
765,765,-190
766,512,6
766,576,10
766,608,2
766,640,1
766,672,12
766,704,2
766,736,98
766,800,2
766,928,2
766,992,161
766,766,-296
0,0,0
1,0,0
2,0,0
3,0,0
4,0,0
5,0,0
6,0,0
7,0,0
8,0,0
9,0,0
10,0,0
11,0,0
12,0,0
13,0,0
14,0,0
15,0,0
16,-274,0
17,-153,0
18,-67,0
19,0,0
20,-176,0
21,-186,0
22,-131,0
23,0,0
24,-92,0
25,-130,0
26,-153,0
27,0,0
28,-5,0
29,-57,0
30,-158,0
31,0,0
32,0,0
33,0,0
34,0,0
35,0,0
36,0,0
37,0,0
38,0,0
39,0,0
40,0,0
41,0,0
42,0,0
43,0,0
44,0,0
45,0,0
46,0,0
47,0,0
48,-139,0
49,-102,0
50,-40,0
51,0,0
52,-85,0
53,-124,0
54,-97,0
55,0,0
56,-42,0
57,-54,0
58,-89,0
59,0,0
60,-4,0
61,-36,0
62,-71,0
63,0,0
64,0,0
65,0,0
66,0,0
67,0,0
68,0,0
69,0,0
70,0,0
71,0,0
72,0,0
73,0,0
74,0,0
75,0,0
76,0,0
77,0,0
78,0,0
79,0,0
80,-67,0
81,-40,0
82,-30,0
83,0,0
84,-43,0
85,-63,0
86,-55,0
87,0,0
88,-15,0
89,-30,0
90,-48,0
91,0,0
92,-3,0
93,-21,0
94,-49,0
95,0,0
96,0,0
97,0,0
98,0,0
99,0,0
100,0,0
101,0,0
102,0,0
103,0,0
104,0,0
105,0,0
106,0,0
107,0,0
108,0,0
109,0,0
110,0,0
111,0,0
112,-131,0
113,-80,0
114,-40,0
115,0,0
116,-55,0
117,-70,0
118,-75,0
119,0,0
120,-23,0
121,-31,0
122,-82,0
123,0,0
124,-2,0
125,-24,0
126,-55,0
127,0,0
128,0,0
129,0,0
130,0,0
131,0,0
132,0,0
133,0,0
134,0,0
135,0,0
136,0,0
137,0,0
138,0,0
139,0,0
140,0,0
141,0,0
142,0,0
143,0,0
144,-38,0
145,-18,0
146,-8,0
147,0,0
148,-21,0
149,-18,0
150,-21,0
151,0,0
152,-10,0
153,-23,0
154,-33,0
155,0,0
156,-1,0
157,-7,0
158,-22,0
159,0,0
160,0,0
161,0,0
162,0,0
163,0,0
164,0,0
165,0,0
166,0,0
167,0,0
168,0,0
169,0,0
170,0,0
171,0,0
172,0,0
173,0,0
174,0,0
175,0,0
176,-129,0
177,-64,0
178,-38,0
179,0,0
180,-59,0
181,-54,0
182,-52,0
183,0,0
184,-29,0
185,-41,0
186,-62,0
187,0,0
188,-2,0
189,-9,0
190,-41,0
191,0,0
192,0,0
193,0,0
194,0,0
195,0,0
196,0,0
197,0,0
198,0,0
199,0,0
200,0,0
201,0,0
202,0,0
203,0,0
204,0,0
205,0,0
206,0,0
207,0,0
208,-82,0
209,-56,0
210,-25,0
211,0,0
212,-43,0
213,-46,0
214,-52,0
215,0,0
216,-18,0
217,-34,0
218,-48,0
219,0,0
220,-7,0
221,-17,0
222,-30,0
223,0,0
224,0,0
225,0,0
226,0,0
227,0,0
228,0,0
229,0,0
230,0,0
231,0,0
232,0,0
233,0,0
234,0,0
235,0,0
236,0,0
237,0,0
238,0,0
239,0,0
240,-110,0
241,-84,0
242,-39,0
243,0,0
244,-57,0
245,-78,0
246,-60,0
247,0,0
248,-19,0
249,-48,0
250,-61,0
251,0,0
252,-11,0
253,-30,0
254,-72,0
255,0,0
256,0,0
257,0,0
258,0,0
259,0,0
260,0,0
261,0,0
262,0,0
263,0,0
264,0,0
265,0,0
266,0,0
267,0,0
268,0,0
269,0,0
270,0,0
271,0,0
272,-169,0
273,-110,0
274,-43,0
275,0,0
276,-84,0
277,-123,0
278,-94,0
279,0,0
280,-50,0
281,-94,0
282,-99,0
283,0,0
284,-10,0
285,-56,0
286,-105,0
287,0,0
288,0,0
289,0,0
290,0,0
291,0,0
292,0,0
293,0,0
294,0,0
295,0,0
296,0,0
297,0,0
298,0,0
299,0,0
300,0,0
301,0,0
302,0,0
303,0,0
304,-197,0
305,-127,0
306,-77,0
307,0,0
308,-99,0
309,-117,0
310,-70,0
311,0,0
312,-39,0
313,-70,0
314,-104,0
315,0,0
316,-5,0
317,-61,0
318,-103,0
319,0,0
320,0,0
321,0,0
322,0,0
323,0,0
324,0,0
325,0,0
326,0,0
327,0,0
328,0,0
329,0,0
330,0,0
331,0,0
332,0,0
333,0,0
334,0,0
335,0,0
336,-127,0
337,-105,0
338,-51,0
339,0,0
340,-80,0
341,-88,0
342,-94,0
343,0,0
344,-31,0
345,-71,0
346,-122,0
347,0,0
348,-7,0
349,-28,0
350,-77,0
351,0,0
352,0,0
353,0,0
354,0,0
355,0,0
356,0,0
357,0,0
358,0,0
359,0,0
360,0,0
361,0,0
362,0,0
363,0,0
364,0,0
365,0,0
366,0,0
367,0,0
368,-154,0
369,-142,0
370,-69,0
371,0,0
372,-86,0
373,-108,0
374,-95,0
375,0,0
376,-46,0
377,-75,0
378,-127,0
379,0,0
380,-8,0
381,-44,0
382,-79,0
383,0,0
384,0,0
385,0,0
386,0,0
387,0,0
388,0,0
389,0,0
390,0,0
391,0,0
392,0,0
393,0,0
394,0,0
395,0,0
396,0,0
397,0,0
398,0,0
399,0,0
400,-136,0
401,-80,0
402,-50,0
403,0,0
404,-78,0
405,-89,0
406,-74,0
407,0,0
408,-33,0
409,-48,0
410,-103,0
411,0,0
412,-10,0
413,-27,0
414,-57,0
415,0,0
416,0,0
417,0,0
418,0,0
419,0,0
420,0,0
421,0,0
422,0,0
423,0,0
424,0,0
425,0,0
426,0,0
427,0,0
428,0,0
429,0,0
430,0,0
431,0,0
432,-229,0
433,-152,0
434,-78,0
435,0,0
436,-118,0
437,-109,0
438,-102,0
439,0,0
440,-35,0
441,-63,0
442,-80,0
443,0,0
444,-6,0
445,-42,0
446,-61,0
447,0,0
448,0,0
449,0,0
450,0,0
451,0,0
452,0,0
453,0,0
454,0,0
455,0,0
456,0,0
457,0,0
458,0,0
459,0,0
460,0,0
461,0,0
462,0,0
463,0,0
464,-177,0
465,-81,0
466,-60,0
467,0,0
468,-86,0
469,-111,0
470,-134,0
471,0,0
472,-41,0
473,-67,0
474,-100,0
475,0,0
476,-2,0
477,-36,0
478,-69,0
479,0,0
480,0,0
481,0,0
482,0,0
483,0,0
484,0,0
485,0,0
486,0,0
487,0,0
488,0,0
489,0,0
490,0,0
491,0,0
492,0,0
493,0,0
494,0,0
495,0,0
496,-262,0
497,-148,0
498,-82,0
499,0,0
500,-116,0
501,-127,0
502,-136,0
503,0,0
504,-45,0
505,-68,0
506,-116,0
507,0,0
508,-38,0
509,-74,0
510,-165,0
511,0,0
512,0,0
513,0,0
514,0,0
515,0,0
516,0,0
517,0,0
518,0,0
519,0,0
520,0,0
521,0,0
522,0,0
523,0,0
524,0,0
525,0,0
526,0,0
527,0,0
528,-140,0
529,-91,0
530,-35,0
531,0,0
532,-82,0
533,-100,0
534,-69,0
535,0,0
536,-34,0
537,-62,0
538,-89,0
539,0,0
540,-4,0
541,-32,0
542,-103,0
543,0,0
544,0,0
545,0,0
546,0,0
547,0,0
548,0,0
549,0,0
550,0,0
551,0,0
552,0,0
553,0,0
554,0,0
555,0,0
556,0,0
557,0,0
558,0,0
559,0,0
560,-190,0
561,-101,0
562,-69,0
563,0,0
564,-137,0
565,-116,0
566,-95,0
567,0,0
568,-59,0
569,-78,0
570,-108,0
571,0,0
572,-8,0
573,-44,0
574,-106,0
575,0,0
576,0,0
577,0,0
578,0,0
579,0,0
580,0,0
581,0,0
582,0,0
583,0,0
584,0,0
585,0,0
586,0,0
587,0,0
588,0,0
589,0,0
590,0,0
591,0,0
592,-193,0
593,-177,0
594,-65,0
595,0,0
596,-121,0
597,-127,0
598,-117,0
599,0,0
600,-47,0
601,-81,0
602,-161,0
603,0,0
604,-10,0
605,-35,0
606,-124,0
607,0,0
608,0,0
609,0,0
610,0,0
611,0,0
612,0,0
613,0,0
614,0,0
615,0,0
616,0,0
617,0,0
618,0,0
619,0,0
620,0,0
621,0,0
622,0,0
623,0,0
624,-242,0
625,-167,0
626,-105,0
627,0,0
628,-158,0
629,-148,0
630,-137,0
631,0,0
632,-57,0
633,-116,0
634,-167,0
635,0,0
636,-9,0
637,-55,0
638,-116,0
639,0,0
640,0,0
641,0,0
642,0,0
643,0,0
644,0,0
645,0,0
646,0,0
647,0,0
648,0,0
649,0,0
650,0,0
651,0,0
652,0,0
653,0,0
654,0,0
655,0,0
656,-113,0
657,-75,0
658,-52,0
659,0,0
660,-54,0
661,-76,0
662,-62,0
663,0,0
664,-24,0
665,-59,0
666,-75,0
667,0,0
668,-2,0
669,-12,0
670,-72,0
671,0,0
672,0,0
673,0,0
674,0,0
675,0,0
676,0,0
677,0,0
678,0,0
679,0,0
680,0,0
681,0,0
682,0,0
683,0,0
684,0,0
685,0,0
686,0,0
687,0,0
688,-149,0
689,-99,0
690,-56,0
691,0,0
692,-67,0
693,-103,0
694,-77,0
695,0,0
696,-28,0
697,-56,0
698,-79,0
699,0,0
700,-1,0
701,-38,0
702,-46,0
703,0,0
704,0,0
705,0,0
706,0,0
707,0,0
708,0,0
709,0,0
710,0,0
711,0,0
712,0,0
713,0,0
714,0,0
715,0,0
716,0,0
717,0,0
718,0,0
719,0,0
720,-124,0
721,-65,0
722,-40,0
723,0,0
724,-58,0
725,-97,0
726,-67,0
727,0,0
728,-27,0
729,-53,0
730,-96,0
731,0,0
732,-5,0
733,-24,0
734,-67,0
735,0,0
736,0,0
737,0,0
738,0,0
739,0,0
740,0,0
741,0,0
742,0,0
743,0,0
744,0,0
745,0,0
746,0,0
747,0,0
748,0,0
749,0,0
750,0,0
751,0,0
752,-244,0
753,-171,0
754,-65,0
755,0,0
756,-69,0
757,-151,0
758,-119,0
759,0,0
760,-37,0
761,-64,0
762,-128,0
763,0,0
764,-48,0
765,-89,0
766,-193,0
767,0,0
768,0,0
769,0,0
770,0,0
771,0,0
772,0,0
773,0,0
774,0,0
775,0,0
776,0,0
777,0,0
778,0,0
779,0,0
780,0,0
781,0,0
782,0,0
783,0,0
784,0,0
785,0,0
786,0,0
787,0,0
788,0,0
789,0,0
790,0,0
791,0,0
792,0,0
793,0,0
794,0,0
795,0,0
796,0,0
797,0,0
798,0,0
799,0,0
800,0,0
801,0,0
802,0,0
803,0,0
804,0,0
805,0,0
806,0,0
807,0,0
808,0,0
809,0,0
810,0,0
811,0,0
812,0,0
813,0,0
814,0,0
815,0,0
816,0,0
817,0,0
818,0,0
819,0,0
820,0,0
821,0,0
822,0,0
823,0,0
824,0,0
825,0,0
826,0,0
827,0,0
828,0,0
829,0,0
830,0,0
831,0,0
832,0,0
833,0,0
834,0,0
835,0,0
836,0,0
837,0,0
838,0,0
839,0,0
840,0,0
841,0,0
842,0,0
843,0,0
844,0,0
845,0,0
846,0,0
847,0,0
848,0,0
849,0,0
850,0,0
851,0,0
852,0,0
853,0,0
854,0,0
855,0,0
856,0,0
857,0,0
858,0,0
859,0,0
860,0,0
861,0,0
862,0,0
863,0,0
864,0,0
865,0,0
866,0,0
867,0,0
868,0,0
869,0,0
870,0,0
871,0,0
872,0,0
873,0,0
874,0,0
875,0,0
876,0,0
877,0,0
878,0,0
879,0,0
880,0,0
881,0,0
882,0,0
883,0,0
884,0,0
885,0,0
886,0,0
887,0,0
888,0,0
889,0,0
890,0,0
891,0,0
892,0,0
893,0,0
894,0,0
895,0,0
896,0,0
897,0,0
898,0,0
899,0,0
900,0,0
901,0,0
902,0,0
903,0,0
904,0,0
905,0,0
906,0,0
907,0,0
908,0,0
909,0,0
910,0,0
911,0,0
912,0,0
913,0,0
914,0,0
915,0,0
916,0,0
917,0,0
918,0,0
919,0,0
920,0,0
921,0,0
922,0,0
923,0,0
924,0,0
925,0,0
926,0,0
927,0,0
928,0,0
929,0,0
930,0,0
931,0,0
932,0,0
933,0,0
934,0,0
935,0,0
936,0,0
937,0,0
938,0,0
939,0,0
940,0,0
941,0,0
942,0,0
943,0,0
944,0,0
945,0,0
946,0,0
947,0,0
948,0,0
949,0,0
950,0,0
951,0,0
952,0,0
953,0,0
954,0,0
955,0,0
956,0,0
957,0,0
958,0,0
959,0,0
960,0,0
961,0,0
962,0,0
963,0,0
964,0,0
965,0,0
966,0,0
967,0,0
968,0,0
969,0,0
970,0,0
971,0,0
972,0,0
973,0,0
974,0,0
975,0,0
976,0,0
977,0,0
978,0,0
979,0,0
980,0,0
981,0,0
982,0,0
983,0,0
984,0,0
985,0,0
986,0,0
987,0,0
988,0,0
989,0,0
990,0,0
991,0,0
992,0,0
993,0,0
994,0,0
995,0,0
996,0,0
997,0,0
998,0,0
999,0,0
1000,0,0
1001,0,0
1002,0,0
1003,0,0
1004,0,0
1005,0,0
1006,0,0
1007,0,0
1008,0,0
1009,0,0
1010,0,0
1011,0,0
1012,0,0
1013,0,0
1014,0,0
1015,0,0
1016,0,0
1017,0,0
1018,0,0
1019,0,0
1020,0,0
1021,0,0
1022,0,0
1023,0,0
