0-2	1-2	0-1	2-2	1-1	0-0	1-0	2-1	3-2	2-0	3-1	3-0	
0.38	0.40	0.43	0.44	0.45	0.46	0.50	0.50	0.52	0.57	0.61	0.71	-- -- -- 
0.69	0.70	0.73	0.73	0.75	0.77	0.81	0.78	0.80	0.86	0.87	0.93	1B -- -- 
0.86	0.90	0.96	0.96	0.97	1.00	1.04	1.04	0.99	1.09	1.13	1.23	-- 2B -- 
1.11	1.15	1.19	1.18	1.22	1.25	1.27	1.24	1.26	1.36	1.35	1.40	1B 2B -- 
1.02	1.02	1.06	1.06	1.09	1.11	1.16	1.12	1.12	1.22	1.29	1.39	-- -- 3B 
1.32	1.30	1.36	1.38	1.40	1.43	1.49	1.46	1.48	1.56	1.63	1.74	1B -- 3B 
1.40	1.44	1.54	1.52	1.60	1.62	1.65	1.65	1.62	1.75	1.77	1.86	-- 2B 3B 
1.58	1.57	1.75	1.64	1.87	1.89	2.06	1.91	1.82	1.92	1.90	1.94	1B 2B 3B 

0.20	0.21	0.23	0.24	0.25	0.26	0.29	0.29	0.30	0.35	0.39	0.46	-- -- -- 
0.39	0.40	0.44	0.43	0.46	0.48	0.51	0.50	0.50	0.56	0.58	0.64	1B -- -- 
0.54	0.55	0.60	0.60	0.64	0.66	0.70	0.68	0.66	0.76	0.73	0.84	-- 2B -- 
0.68	0.70	0.76	0.76	0.79	0.82	0.86	0.84	0.86	0.89	0.93	0.94	1B 2B -- 
0.64	0.69	0.73	0.70	0.78	0.81	0.85	0.85	0.76	0.92	0.93	1.04	-- -- 3B 
0.82	0.88	0.92	0.89	0.96	0.99	1.03	0.98	0.98	1.08	1.05	1.13	1B -- 3B 
0.95	1.03	1.08	1.09	1.12	1.15	1.21	1.13	1.12	1.23	1.19	1.25	-- 2B 3B 
1.06	1.16	1.18	1.18	1.24	1.27	1.30	1.25	1.17	1.28	1.21	1.23	1B 2B 3B 

0.06	0.07	0.08	0.09	0.10	0.10	0.12	0.12	0.12	0.16	0.17	0.22	-- -- -- 
0.13	0.16	0.18	0.18	0.21	0.22	0.25	0.24	0.23	0.28	0.28	0.33	1B -- -- 
0.20	0.22	0.27	0.26	0.30	0.33	0.37	0.34	0.31	0.42	0.40	0.50	-- 2B -- 
0.26	0.32	0.37	0.35	0.39	0.41	0.45	0.44	0.42	0.50	0.50	0.55	1B 2B -- 
0.25	0.25	0.32	0.29	0.33	0.37	0.39	0.38	0.35	0.45	0.42	0.51	-- -- 3B 
0.30	0.36	0.42	0.41	0.42	0.49	0.51	0.49	0.44	0.59	0.52	0.56	1B -- 3B 
0.35	0.38	0.48	0.37	0.52	0.59	0.66	0.57	0.46	0.72	0.65	0.76	-- 2B 3B 
0.47	0.43	0.53	0.52	0.55	0.61	0.69	0.61	0.69	0.79	0.75	0.80	1B 2B 3B 

