c:\users\kevin\source\repos\retro\appendroster\debug\appendroster.pch
c:\users\kevin\source\repos\retro\appendroster\debug\vc143.pdb
c:\users\kevin\source\repos\retro\appendroster\debug\stdafx.obj
c:\users\kevin\source\repos\retro\appendroster\debug\assemblyinfo.obj
c:\users\kevin\source\repos\retro\appendroster\debug\appendroster.obj
c:\users\kevin\source\repos\retro\appendroster\debug\.netframework,version=v4.7.2.assemblyattributes.obj
c:\users\kevin\source\repos\retro\debug\appendroster.exe
c:\users\kevin\source\repos\retro\debug\appendroster.pdb
c:\users\kevin\source\repos\retro\appendroster\debug\app.res
c:\users\kevin\source\repos\retro\appendroster\debug\appendroster.tlog\cl.command.1.tlog
c:\users\kevin\source\repos\retro\appendroster\debug\appendroster.tlog\cl.read.1.tlog
c:\users\kevin\source\repos\retro\appendroster\debug\appendroster.tlog\cl.write.1.tlog
c:\users\kevin\source\repos\retro\appendroster\debug\appendroster.tlog\link.command.1.tlog
c:\users\kevin\source\repos\retro\appendroster\debug\appendroster.tlog\link.read.1.tlog
c:\users\kevin\source\repos\retro\appendroster\debug\appendroster.tlog\link.write.1.tlog
c:\users\kevin\source\repos\retro\appendroster\debug\appendroster.tlog\metagen.read.1.tlog
c:\users\kevin\source\repos\retro\appendroster\debug\appendroster.tlog\metagen.write.1.tlog
c:\users\kevin\source\repos\retro\appendroster\debug\appendroster.tlog\rc.command.1.tlog
c:\users\kevin\source\repos\retro\appendroster\debug\appendroster.tlog\rc.read.1.tlog
c:\users\kevin\source\repos\retro\appendroster\debug\appendroster.tlog\rc.write.1.tlog
