c:\users\kevin\source\repos\retro\retrocmd\debug\retrocmd.pch
c:\users\kevin\source\repos\retro\retrocmd\debug\vc143.pdb
c:\users\kevin\source\repos\retro\retrocmd\debug\stdafx.obj
c:\users\kevin\source\repos\retro\retrocmd\debug\retrocmd.obj
c:\users\kevin\source\repos\retro\retrocmd\debug\mathutils.obj
c:\users\kevin\source\repos\retro\retrocmd\debug\contour.obj
c:\users\kevin\source\repos\retro\retrocmd\debug\assemblyinfo.obj
c:\users\kevin\source\repos\retro\retrocmd\debug\.netframework,version=v4.7.2.assemblyattributes.obj
c:\users\kevin\source\repos\retro\debug\retrocmd.exe
c:\users\kevin\source\repos\retro\debug\retrocmd.pdb
c:\users\kevin\source\repos\retro\retrocmd\debug\app.res
c:\users\kevin\source\repos\retro\retrocmd\debug\retrocmd.tlog\cl.command.1.tlog
c:\users\kevin\source\repos\retro\retrocmd\debug\retrocmd.tlog\cl.read.1.tlog
c:\users\kevin\source\repos\retro\retrocmd\debug\retrocmd.tlog\cl.write.1.tlog
c:\users\kevin\source\repos\retro\retrocmd\debug\retrocmd.tlog\link.command.1.tlog
c:\users\kevin\source\repos\retro\retrocmd\debug\retrocmd.tlog\link.read.1.tlog
c:\users\kevin\source\repos\retro\retrocmd\debug\retrocmd.tlog\link.write.1.tlog
c:\users\kevin\source\repos\retro\retrocmd\debug\retrocmd.tlog\metagen.read.1.tlog
c:\users\kevin\source\repos\retro\retrocmd\debug\retrocmd.tlog\metagen.write.1.tlog
c:\users\kevin\source\repos\retro\retrocmd\debug\retrocmd.tlog\rc.command.1.tlog
c:\users\kevin\source\repos\retro\retrocmd\debug\retrocmd.tlog\rc.read.1.tlog
c:\users\kevin\source\repos\retro\retrocmd\debug\retrocmd.tlog\rc.write.1.tlog
