c:\users\kevin\source\repos\retro\retro\debug\retro.pch
c:\users\kevin\source\repos\retro\retro\debug\vc143.pdb
c:\users\kevin\source\repos\retro\retro\debug\stdafx.obj
c:\users\kevin\source\repos\retro\retro\debug\stringlist.obj
c:\users\kevin\source\repos\retro\retro\debug\retroevent.obj
c:\users\kevin\source\repos\retro\retro\debug\retrodb.obj
c:\users\kevin\source\repos\retro\retro\debug\fileevent.obj
c:\users\kevin\source\repos\retro\retro\debug\event.obj
c:\users\kevin\source\repos\retro\retro\debug\dbevent.obj
c:\users\kevin\source\repos\retro\retro\debug\dbdictionary.obj
c:\users\kevin\source\repos\retro\retro\debug\db.obj
c:\users\kevin\source\repos\retro\retro\debug\.netframework,version=v4.7.2.assemblyattributes.obj
c:\users\kevin\source\repos\retro\debug\retro.dll
c:\users\kevin\source\repos\retro\debug\retro.pdb
c:\users\kevin\source\repos\retro\retro\debug\retro.tlog\cl.command.1.tlog
c:\users\kevin\source\repos\retro\retro\debug\retro.tlog\cl.read.1.tlog
c:\users\kevin\source\repos\retro\retro\debug\retro.tlog\cl.write.1.tlog
c:\users\kevin\source\repos\retro\retro\debug\retro.tlog\link.command.1.tlog
c:\users\kevin\source\repos\retro\retro\debug\retro.tlog\link.read.1.tlog
c:\users\kevin\source\repos\retro\retro\debug\retro.tlog\link.write.1.tlog
c:\users\kevin\source\repos\retro\retro\debug\retro.tlog\metagen.read.1.tlog
c:\users\kevin\source\repos\retro\retro\debug\retro.tlog\metagen.write.1.tlog
