c:\users\kevin\source\repos\retro\contourmaestro\debug\contourmaestro.pch
c:\users\kevin\source\repos\retro\contourmaestro\debug\vc143.pdb
c:\users\kevin\source\repos\retro\contourmaestro\debug\stdafx.obj
c:\users\kevin\source\repos\retro\contourmaestro\debug\contourmaestro.obj
c:\users\kevin\source\repos\retro\contourmaestro\debug\assemblyinfo.obj
c:\users\kevin\source\repos\retro\contourmaestro\debug\contour.obj
c:\users\kevin\source\repos\retro\contourmaestro\debug\.netframework,version=v4.7.2.assemblyattributes.obj
c:\users\kevin\source\repos\retro\debug\contourmaestro.exe
c:\users\kevin\source\repos\retro\debug\contourmaestro.pdb
c:\users\kevin\source\repos\retro\contourmaestro\debug\app.res
c:\users\kevin\source\repos\retro\contourmaestro\debug\contourmaestro.tlog\cl.command.1.tlog
c:\users\kevin\source\repos\retro\contourmaestro\debug\contourmaestro.tlog\cl.read.1.tlog
c:\users\kevin\source\repos\retro\contourmaestro\debug\contourmaestro.tlog\cl.write.1.tlog
c:\users\kevin\source\repos\retro\contourmaestro\debug\contourmaestro.tlog\link.command.1.tlog
c:\users\kevin\source\repos\retro\contourmaestro\debug\contourmaestro.tlog\link.read.1.tlog
c:\users\kevin\source\repos\retro\contourmaestro\debug\contourmaestro.tlog\link.write.1.tlog
c:\users\kevin\source\repos\retro\contourmaestro\debug\contourmaestro.tlog\metagen.read.1.tlog
c:\users\kevin\source\repos\retro\contourmaestro\debug\contourmaestro.tlog\metagen.write.1.tlog
c:\users\kevin\source\repos\retro\contourmaestro\debug\contourmaestro.tlog\rc.command.1.tlog
c:\users\kevin\source\repos\retro\contourmaestro\debug\contourmaestro.tlog\rc.read.1.tlog
c:\users\kevin\source\repos\retro\contourmaestro\debug\contourmaestro.tlog\rc.write.1.tlog
c:\users\kevin\source\repos\retro\contourmaestro\debug\contourmaestro.tlog\resgen.command.1.tlog
c:\users\kevin\source\repos\retro\contourmaestro\debug\contourmaestro.tlog\resgen.read.1.tlog
c:\users\kevin\source\repos\retro\contourmaestro\debug\contourmaestro.tlog\resgen.write.1.tlog
