"FFBFFS","sprig001","","","","K"
"BX","bichb001","","","","3/G3+"
"BX","guerv002","","","","8/L8"
"BCBFX","wardt002","","","","31/G34+"
"BFX","troum001","","","","S16/G6"
"CCBX","ohtas001","troum001","","","36(1)/FO/G34S.B-1"
"1BSCX","renda001","ohtas001","","","S7/F78S.1-H"
"BX","renfh001","renda001","","","HR/F7LD.1-H"
"SBBSFFS","drurb001","","","","K"
"FBX","chapm001","","","","S7/L7D+"
"CBSS","varsd001","chapm001","","","K"
"SFB+1FBX","merrw001","chapm001","","","7/F7D"
"FTFFB","espis001","chapm001","","","WP.1-2"
"FTFFB.FBX","espis001","","","","9/F9LS"
"FBFBFT","rengl001","","","","K"
"BX","urshg001","","","","S8/L8S"
"BCSBBX","ohopl001","urshg001","","","64(1)3/GDP/G6"
"CSBFBFBS","jansd001","","","","K"
"CX","kierk001","","","","7/F7S"
"CBBCS","sprig001","","","","K"
"BX","wardt002","","","","5/P56S"
"CBBCBX","troum001","","","","S8/L78"
"BFBX","ohtas001","troum001","","","HR/F78XD.1-H"
"BFBSBB","renda001","","","","W"
"FBFX","renfh001","renda001","","","S9/G34.1-2"
"SBFFFS","drurb001","renfh001","renda001","","K"
"BBFFB>S","rengl001","renfh001","renda001","","K"
"CBX","bichb001","renfh001","renda001","","4/L4"
"CBBBX","guerv002","renfh001","renda001","","4/F8S"
"BBBCFB","chapm001","renfh001","renda001","","W"
"BCX","varsd001","chapm001","renda001","","13/G1S-"
"BFBBCS","urshg001","chapm001","renda001","","K"
"BX","ohopl001","chapm001","renda001","","HR/F7D"
"X","wardt002","chapm001","renda001","","9/F9D"
"CBSBFFT","troum001","chapm001","renda001","","K"
"X","merrw001","chapm001","renda001","","S7/L7"
"CFBX","espis001","merrw001","renda001","","54(1)/FO/G56S.B-1"
"BBC+1FS","jansd001","espis001","renda001","","K"
"SX","kierk001","espis001","renda001","","43/G34"
"BSBCBX","ohtas001","espis001","renda001","","S8/G4M+"
"BCBX","renda001","ohtas001","renda001","","6/F6D"
"","renfh001","ohtas001","renda001","","NP"
".BCSB>F>FX","renfh001","ohtas001","renda001","","6/P6D"
"X","drurb001","ohtas001","renda001","","53/G5"
"FFBBBFB","sprig001","ohtas001","renda001","","W"
"CFX","bichb001","sprig001","renda001","","S7/G56.1-2"
"*SH","guerv002","bichb001","sprig001","","HP.2-3;1-2"
"X","chapm001","guerv002","bichb001","","HR/F89XD.3-H;2-H;1-H"
"X","varsd001","","","","S3/BG13"
"","merrw001","varsd001","","","NP"
".BFB>X","merrw001","varsd001","","","E1/G6MS-.1-2;B-1"
"","espis001","merrw001","varsd001","","NP"
".BX","biggc002","merrw001","varsd001","","8/F8XD.2-3"
"C1FBFFT","jansd001","merrw001","","","K"
"BBSX","kierk001","merrw001","","","T9/L9L+.3-H(UR);1-H(UR)"
"TBBFX","sprig001","","","","3/P3"
"","rengl001","","","","NP"
".","rengl001","","","","NP"
"..FBSFFFBX","rengl001","","","","6/F8S"
"CBX","urshg001","","","","9/L9L"
"BFX","ohopl001","","","","7/L78XD+"
"","bichb001","","","","NP"
".FBH","bichb001","","","","HP"
"X","guerv002","bichb001","","","S9/F3D.1-3"
"BS*BSX","chapm001","guerv002","","","S8/F8S.3-H;1-2"
"X","varsd001","chapm001","guerv002","","9/F9D.2-3"
"FFBBFX","merrw001","chapm001","","","S7/G6S.3-H;1-2"
"","biggc002","merrw001","chapm001","","NP"
".>C","biggc002","merrw001","chapm001","","SB3;SB2"
".>C.BBSFS","biggc002","","merrw001","","K"
"","jansd001","","merrw001","","NP"
".VVVV","kirka001","","merrw001","","IW"
"BCX","kierk001","kirka001","merrw001","","S7/F7S.3-H;2-H;1-2"
"CFB*BFX","sprig001","kierk001","kirka001","","4/F3D"
"","wardt002","kierk001","kirka001","","NP"
".","wardt002","kierk001","kirka001","","NP"
"..CBBCFT","wardt002","kierk001","kirka001","","K"
"BCBCS","troum001","kierk001","kirka001","","K"
"CBBBCX","ohtas001","kierk001","kirka001","","43/G34"
"","bichb001","kierk001","kirka001","","NP"
".BBCBX","bichb001","kierk001","kirka001","","53/G5"
"TX","guerv002","kierk001","kirka001","","13/G1S"
"BFFX","chapm001","kierk001","kirka001","","13/G1S"
"","renda001","kierk001","kirka001","","NP"
".BBFX","renda001","kierk001","kirka001","","7/L7D"
"CSX","renfh001","kierk001","kirka001","","4/P34D"
"BX","drurb001","kierk001","kirka001","","HR/F8XD"
"CSS","rengl001","kierk001","kirka001","","K"
"FBFBBB","varsd001","kierk001","kirka001","","W"
"CBX","merrw001","varsd001","kirka001","","54(1)/FO/G5.B-1"
"1","biggc002","merrw001","kirka001","","PO1(13)"
"1.BCSBC","biggc002","","kirka001","","K"
"","urshg001","","kirka001","","NP"
".X","urshg001","","kirka001","","S8/L89"
"SFF*S","ohopl001","urshg001","kirka001","","K"
"FBBSBB","wardt002","urshg001","kirka001","","W.1-2"
"CSBT","troum001","wardt002","urshg001","","K"
"BBBB","ohtas001","wardt002","urshg001","","W.2-3;1-2"
"BCBFH","renda001","ohtas001","wardt002","","HP.3-H;2-3;1-2"
"","renfh001","renda001","ohtas001","","NP"
".CX","renfh001","renda001","ohtas001","","D7/G5+.3-H;2-H;1-3"
"*BBCSS","drurb001","","renfh001","","K"
"","kirka001","","renfh001","","NP"
".","kirka001","","renfh001","","NP"
"..","kirka001","","renfh001","","NP"
"....FBBFFBX","kirka001","","biggc002","","63/G6.2-3"
"SX","kierk001","","","","DGR/F9LD.3-H(UR)"
"BCFX","sprig001","","kierk001","","S9/L89.2-H"
"C*BFBT","bichb001","sprig001","","","K"
"SB1X","guerv002","sprig001","","","S8/L89.1-3"
"BFSC","chapm001","guerv002","","","K"
"","rengl001","guerv002","","","NP"
"..CBFBS","rengl001","guerv002","drurb001","","K"
"X","urshg001","guerv002","drurb001","","S8/L8D.2-3"
"*BCSS","ohopl001","urshg001","","","K"
"*BC1*BF*B>B","wardt002","urshg001","","","W.1-2"
"FBBBF>B","troum001","wardt002","urshg001","","W.3-H(UR);2-3;1-2"
"","ohtas001","troum001","wardt002","","NP"
".CSX","ohtas001","troum001","wardt002","","43/G34"
Game name = ANA202304090
Version = 2
Inning = 10
Bottom = True
Out = 64
Bases = ['', 'troum001', 'wardt002', '']
