c:\users\kevin\source\repos\retro\retrosplit\debug\retrosplit.pch
c:\users\kevin\source\repos\retro\retrosplit\debug\vc143.pdb
c:\users\kevin\source\repos\retro\retrosplit\debug\stdafx.obj
c:\users\kevin\source\repos\retro\retrosplit\debug\retrosplit.obj
c:\users\kevin\source\repos\retro\retrosplit\debug\assemblyinfo.obj
c:\users\kevin\source\repos\retro\retrosplit\debug\.netframework,version=v4.7.2.assemblyattributes.obj
c:\users\kevin\source\repos\retro\debug\retrosplit.exe
c:\users\kevin\source\repos\retro\debug\retrosplit.pdb
c:\users\kevin\source\repos\retro\retrosplit\debug\app.res
c:\users\kevin\source\repos\retro\retrosplit\debug\retrosplit.tlog\cl.command.1.tlog
c:\users\kevin\source\repos\retro\retrosplit\debug\retrosplit.tlog\cl.read.1.tlog
c:\users\kevin\source\repos\retro\retrosplit\debug\retrosplit.tlog\cl.write.1.tlog
c:\users\kevin\source\repos\retro\retrosplit\debug\retrosplit.tlog\link.command.1.tlog
c:\users\kevin\source\repos\retro\retrosplit\debug\retrosplit.tlog\link.read.1.tlog
c:\users\kevin\source\repos\retro\retrosplit\debug\retrosplit.tlog\link.write.1.tlog
c:\users\kevin\source\repos\retro\retrosplit\debug\retrosplit.tlog\metagen.read.1.tlog
c:\users\kevin\source\repos\retro\retrosplit\debug\retrosplit.tlog\metagen.write.1.tlog
c:\users\kevin\source\repos\retro\retrosplit\debug\retrosplit.tlog\rc.command.1.tlog
c:\users\kevin\source\repos\retro\retrosplit\debug\retrosplit.tlog\rc.read.1.tlog
c:\users\kevin\source\repos\retro\retrosplit\debug\retrosplit.tlog\rc.write.1.tlog
