c:\users\kevin\source\repos\retro\gjsolve\debug\gjsolve.pch
c:\users\kevin\source\repos\retro\gjsolve\debug\vc143.pdb
c:\users\kevin\source\repos\retro\gjsolve\debug\stdafx.obj
c:\users\kevin\source\repos\retro\gjsolve\debug\gjsolve.obj
c:\users\kevin\source\repos\retro\gjsolve\debug\assemblyinfo.obj
c:\users\kevin\source\repos\retro\gjsolve\debug\mathutils.obj
c:\users\kevin\source\repos\retro\gjsolve\debug\.netframework,version=v4.7.2.assemblyattributes.obj
c:\users\kevin\source\repos\retro\debug\gjsolve.exe
c:\users\kevin\source\repos\retro\debug\gjsolve.pdb
c:\users\kevin\source\repos\retro\gjsolve\debug\app.res
c:\users\kevin\source\repos\retro\gjsolve\debug\gjsolve.tlog\cl.command.1.tlog
c:\users\kevin\source\repos\retro\gjsolve\debug\gjsolve.tlog\cl.read.1.tlog
c:\users\kevin\source\repos\retro\gjsolve\debug\gjsolve.tlog\cl.write.1.tlog
c:\users\kevin\source\repos\retro\gjsolve\debug\gjsolve.tlog\link.command.1.tlog
c:\users\kevin\source\repos\retro\gjsolve\debug\gjsolve.tlog\link.read.1.tlog
c:\users\kevin\source\repos\retro\gjsolve\debug\gjsolve.tlog\link.write.1.tlog
c:\users\kevin\source\repos\retro\gjsolve\debug\gjsolve.tlog\metagen.read.1.tlog
c:\users\kevin\source\repos\retro\gjsolve\debug\gjsolve.tlog\metagen.write.1.tlog
c:\users\kevin\source\repos\retro\gjsolve\debug\gjsolve.tlog\rc.command.1.tlog
c:\users\kevin\source\repos\retro\gjsolve\debug\gjsolve.tlog\rc.read.1.tlog
c:\users\kevin\source\repos\retro\gjsolve\debug\gjsolve.tlog\rc.write.1.tlog
